95.163.255.113 - - [01/Feb/2019:15:55:12 -0500] "GET /ru/support/knowledge-base/22--tariscope-35/282-134-cdr-alcatel-omnipcx-office.html HTTP/1.1" 301 574 "-" "Mozilla/5.0 (compatible; Linux x86_64; Mail.RU_Bot/2.0; +http://go.mail.ru/help/robots)"
54.36.148.242 - - [01/Feb/2019:15:56:16 -0500] "GET /uk/57-company_uk/partners/190-ukraine-uk.html HTTP/1.1" 200 10792 "-" "Mozilla/5.0 (compatible; AhrefsBot/6.1; +http://ahrefs.com/robot/)"
207.46.13.116 - - [01/Feb/2019:15:56:42 -0500] "GET /en/for-enterprises/telephone-traffic-measurement/261--tariscope-35.html HTTP/1.1" 200 8242 "-" "Mozilla/5.0 (compatible; bingbot/2.0; +http://www.bing.com/bingbot.htm)"
95.163.255.114 - - [01/Feb/2019:15:56:50 -0500] "GET /en/files/admin_guide_TS_3.4.pdf HTTP/1.1" 301 527 "-" "Mozilla/5.0 (compatible; Linux x86_64; Mail.RU_Bot/2.0; +http://go.mail.ru/help/robots)"
54.36.149.66 - - [01/Feb/2019:15:56:56 -0500] "GET /ru/component/content/article/160-2012-08-28-08-08-07.html HTTP/1.1" 200 6925 "-" "Mozilla/5.0 (compatible; AhrefsBot/6.1; +http://ahrefs.com/robot/)"
46.4.67.206 - - [01/Feb/2019:15:58:05 -0500] "GET /robots.txt HTTP/1.1" 200 757 "-" "Mozilla/5.0 (compatible; MJ12bot/v1.4.8; http://mj12bot.com/)"
46.4.67.206 - - [01/Feb/2019:15:58:12 -0500] "GET /en/forum/5-Tariscope-2%D1%85/196-Re-%D0%9F%D0%BE%D0%BB%D1%83%D1%87%D0%B5%D0%BD%D0%B8%D0%B5-%D0%BB%D0%BE%D0%B3%D0%B0-%D0%BE%D1%82-Panasonic-KX-TDE200/index.php HTTP/1.1" 302 566 "-" "Mozilla/5.0 (compatible; MJ12bot/v1.4.8; http://mj12bot.com/)"
46.4.67.206 - - [01/Feb/2019:15:58:16 -0500] "GET /en/forum/5-Tariscope-2%D1%85/196-Re-%D0%9F%D0%BE%D0%BB%D1%83%D1%87%D0%B5%D0%BD%D0%B8%D0%B5-%D0%BB%D0%BE%D0%B3%D0%B0-%D0%BE%D1%82-Panasonic-KX-TDE200/index.php?option=com_content&view=article&id=165&catid=55&lang=en&Itemid=230 HTTP/1.1" 200 20487 "-" "Mozilla/5.0 (compatible; MJ12bot/v1.4.8; http://mj12bot.com/)"
46.4.67.206 - - [01/Feb/2019:15:58:23 -0500] "GET /en/forum/5-Tariscope-2%D1%85/197-Re-%D0%9F%D0%BE%D0%BB%D1%83%D1%87%D0%B5%D0%BD%D0%B8%D0%B5-%D0%BB%D0%BE%D0%B3%D0%B0-%D0%BE%D1%82-Panasonic-KX-TDE200/index.php HTTP/1.1" 302 566 "-" "Mozilla/5.0 (compatible; MJ12bot/v1.4.8; http://mj12bot.com/)"
46.4.67.206 - - [01/Feb/2019:15:58:38 -0500] "GET /en/forum/5-Tariscope-2%D1%85/197-Re-%D0%9F%D0%BE%D0%BB%D1%83%D1%87%D0%B5%D0%BD%D0%B8%D0%B5-%D0%BB%D0%BE%D0%B3%D0%B0-%D0%BE%D1%82-Panasonic-KX-TDE200/index.php?option=com_content&view=article&id=165&catid=55&lang=en&Itemid=230 HTTP/1.1" 200 5542 "-" "Mozilla/5.0 (compatible; MJ12bot/v1.4.8; http://mj12bot.com/)"
46.4.67.206 - - [01/Feb/2019:15:58:52 -0500] "GET /en/forum/5-Tariscope-2%D1%85/198-Re-%D0%9F%D0%BE%D0%BB%D1%83%D1%87%D0%B5%D0%BD%D0%B8%D0%B5-%D0%BB%D0%BE%D0%B3%D0%B0-%D0%BE%D1%82-Panasonic-KX-TDE200/index.php HTTP/1.1" 302 566 "-" "Mozilla/5.0 (compatible; MJ12bot/v1.4.8; http://mj12bot.com/)"
46.4.67.206 - - [01/Feb/2019:15:58:58 -0500] "GET /en/forum/5-Tariscope-2%D1%85/198-Re-%D0%9F%D0%BE%D0%BB%D1%83%D1%87%D0%B5%D0%BD%D0%B8%D0%B5-%D0%BB%D0%BE%D0%B3%D0%B0-%D0%BE%D1%82-Panasonic-KX-TDE200/index.php?option=com_content&view=article&id=165&catid=55&lang=en&Itemid=230 HTTP/1.1" 200 5542 "-" "Mozilla/5.0 (compatible; MJ12bot/v1.4.8; http://mj12bot.com/)"
46.4.67.206 - - [01/Feb/2019:15:59:03 -0500] "GET /ru/products.html HTTP/1.1" 301 476 "-" "Mozilla/5.0 (compatible; MJ12bot/v1.4.8; http://mj12bot.com/)"
46.4.67.206 - - [01/Feb/2019:15:59:14 -0500] "GET /ru/ HTTP/1.1" 200 9531 "-" "Mozilla/5.0 (compatible; MJ12bot/v1.4.8; http://mj12bot.com/)"
95.163.255.115 - - [01/Feb/2019:15:59:42 -0500] "GET /en/download/download-documentation.html HTTP/1.1" 200 7602 "-" "Mozilla/5.0 (compatible; Linux x86_64; Mail.RU_Bot/2.0; +http://go.mail.ru/help/robots)"
54.36.148.120 - - [01/Feb/2019:16:02:13 -0500] "GET /ru/support/kb/66-support_ru/users-guide/538-ts-4-x-user-guide-ru.html HTTP/1.1" 200 8716 "-" "Mozilla/5.0 (compatible; AhrefsBot/6.1; +http://ahrefs.com/robot/)"
54.36.149.65 - - [01/Feb/2019:16:03:29 -0500] "GET /ru/support/kb/64-support_ru/administrator-s-guide/419-avaya-ip-office.html HTTP/1.1" 200 7167 "-" "Mozilla/5.0 (compatible; AhrefsBot/6.1; +http://ahrefs.com/robot/)"
66.249.79.22 - - [01/Feb/2019:16:04:30 -0500] "GET /en/for-enterprises/telephone-traffic-measurement.html HTTP/1.1" 301 582 "-" "Mozilla/5.0 (Linux; Android 6.0.1; Nexus 5X Build/MMB29P) AppleWebKit/537.36 (KHTML, like Gecko) Chrome/41.0.2272.96 Mobile Safari/537.36 (compatible; Googlebot/2.1; +http://www.google.com/bot.html)"
157.55.39.103 - - [01/Feb/2019:16:05:54 -0500] "GET /ru/69-products_ru/solutions-ru/336-benefits-of-tariscope-for-cucm.html HTTP/1.1" 200 9733 "-" "Mozilla/5.0 (compatible; bingbot/2.0; +http://www.bing.com/bingbot.htm)"
46.229.168.150 - - [01/Feb/2019:16:08:32 -0500] "GET /de/67-unternehmen/578-%C3%BCber-uns.html HTTP/1.1" 200 6855 "-" "Mozilla/5.0 (compatible; SemrushBot/3~bl; +http://www.semrush.com/bot.html)"
54.36.149.103 - - [01/Feb/2019:16:09:53 -0500] "GET /ru/54-company_ru/partners/468-usa.html HTTP/1.1" 200 8418 "-" "Mozilla/5.0 (compatible; AhrefsBot/6.1; +http://ahrefs.com/robot/)"
207.241.231.171 - - [01/Feb/2019:16:11:46 -0500] "GET /robots.txt HTTP/1.0" 200 720 "-" "Mozilla/5.0 (compatible; special_archiver/3.1.1 +http://www.archive.org/details/archive.org_bot)"
207.241.231.171 - - [01/Feb/2019:16:11:50 -0500] "GET /media/mod_languages/images/en.gif HTTP/1.0" 200 1276 "http://tariscope.com/en/" "Mozilla/5.0 (compatible; special_archiver/3.1.1 +http://www.archive.org/details/archive.org_bot)"
54.36.148.13 - - [01/Feb/2019:16:12:15 -0500] "GET /ru/news.html?start=15 HTTP/1.1" 200 8892 "-" "Mozilla/5.0 (compatible; AhrefsBot/6.1; +http://ahrefs.com/robot/)"
207.46.13.116 - - [01/Feb/2019:16:14:42 -0500] "GET /en/59-support_en/admin-guide/229-adding-telephone-system.html HTTP/1.1" 200 10496 "-" "Mozilla/5.0 (compatible; bingbot/2.0; +http://www.bing.com/bingbot.htm)"
216.244.66.196 - - [01/Feb/2019:16:15:03 -0500] "GET /robots.txt HTTP/1.1" 200 701 "-" "Mozilla/5.0 (compatible; DotBot/1.1; http://www.opensiteexplorer.org/dotbot, help@moz.com)"
216.244.66.196 - - [01/Feb/2019:16:15:03 -0500] "GET /robots.txt HTTP/1.1" 200 701 "-" "Mozilla/5.0 (compatible; DotBot/1.1; http://www.opensiteexplorer.org/dotbot, help@moz.com)"
54.36.148.146 - - [01/Feb/2019:16:21:36 -0500] "GET /en/60-support_en/user-s-guide/368-sorting-data.html HTTP/1.1" 200 8088 "-" "Mozilla/5.0 (compatible; AhrefsBot/6.1; +http://ahrefs.com/robot/)"
66.249.79.144 - - [01/Feb/2019:16:24:38 -0500] "GET /robots.txt HTTP/1.1" 200 545 "-" "Mozilla/5.0 (compatible; Googlebot/2.1; +http://www.google.com/bot.html)"
66.249.79.146 - - [01/Feb/2019:16:24:39 -0500] "GET /en/support/kb/52-products_en/features-en/209-analyze-cdr-from-cucm.html HTTP/1.1" 200 7771 "-" "Mozilla/5.0 (compatible; Googlebot/2.1; +http://www.google.com/bot.html)"
54.36.148.21 - - [01/Feb/2019:16:24:52 -0500] "GET /ru/products/tariscope-provider/64-support_ru/administrator-s-guide/466-manual-input-of-subscribers.html HTTP/1.1" 200 21299 "-" "Mozilla/5.0 (compatible; AhrefsBot/6.1; +http://ahrefs.com/robot/)"
95.163.255.22 - - [01/Feb/2019:16:32:16 -0500] "GET /robots.txt HTTP/1.0" 200 720 "-" "Mozilla/5.0 (compatible; Linux x86_64; Mail.RU_Bot/2.0; +http://go.mail.ru/help/robots)"
95.163.255.28 - - [01/Feb/2019:16:32:18 -0500] "GET /en/support/knowledge-base/22--tariscope-35/index.php?Itemid=230&catid=55&id=165&lang=en&option=com_content&view=article HTTP/1.1" 200 5611 "-" "Mozilla/5.0 (compatible; Linux x86_64; Mail.RU_Bot/2.0; +http://go.mail.ru/help/robots)"
54.36.148.152 - - [01/Feb/2019:16:32:42 -0500] "GET /en/support/kb/59-support_en/admin-guide/254-smdr-lg-ghx-46.html HTTP/1.1" 200 6819 "-" "Mozilla/5.0 (compatible; AhrefsBot/6.1; +http://ahrefs.com/robot/)"
95.108.213.14 - - [01/Feb/2019:16:33:14 -0500] "GET /robots.txt HTTP/1.1" 200 757 "-" "Mozilla/5.0 (compatible; YandexBot/3.0; +http://yandex.com/bots)"
95.108.213.14 - - [01/Feb/2019:16:33:17 -0500] "GET /uk/75-support_uk/user-s-guide/755-filter-window-uk.html HTTP/1.1" 200 17427 "-" "Mozilla/5.0 (compatible; YandexBot/3.0; +http://yandex.com/bots)"
40.77.167.79 - - [01/Feb/2019:16:34:13 -0500] "GET /ru/support/kb/64-support_ru/administrator-s-guide/398-ts-4-x-admin-guide.html HTTP/1.1" 200 11147 "-" "Mozilla/5.0 (compatible; bingbot/2.0; +http://www.bing.com/bingbot.htm)"
54.36.149.45 - - [01/Feb/2019:16:34:14 -0500] "GET /ru/support/kb/66-support_ru/users-guide/541-prerequisites-for-working-with-ts-ru.html HTTP/1.1" 200 7323 "-" "Mozilla/5.0 (compatible; AhrefsBot/6.1; +http://ahrefs.com/robot/)"
54.36.148.148 - - [01/Feb/2019:16:44:20 -0500] "GET /en/support/kb/59-support_en/admin-guide/244-cdr-cisco-pgw-200.html HTTP/1.1" 200 6887 "-" "Mozilla/5.0 (compatible; AhrefsBot/6.1; +http://ahrefs.com/robot/)"
66.249.79.22 - - [01/Feb/2019:16:44:52 -0500] "GET /robots.txt HTTP/1.1" 200 545 "-" "Mozilla/5.0 (compatible; Googlebot/2.1; +http://www.google.com/bot.html)"
66.249.79.22 - - [01/Feb/2019:16:44:53 -0500] "GET /ru/support/kb/66-support_ru/users-guide/539-ts4-x-user-guide-purpose-ru.html HTTP/1.1" 200 7198 "-" "Mozilla/5.0 (Linux; Android 6.0.1; Nexus 5X Build/MMB29P) AppleWebKit/537.36 (KHTML, like Gecko) Chrome/41.0.2272.96 Mobile Safari/537.36 (compatible; Googlebot/2.1; +http://www.google.com/bot.html)"
54.36.149.52 - - [01/Feb/2019:16:45:29 -0500] "GET /ru/knowledge-database-ru/66-support_ru/users-guide/555-sql-queries.html HTTP/1.1" 200 10290 "-" "Mozilla/5.0 (compatible; AhrefsBot/6.1; +http://ahrefs.com/robot/)"
5.196.87.34 - - [01/Feb/2019:16:47:20 -0500] "GET /uk/support/knowledge-base/2/21-system-requirements-and-scalability.html?start=2 HTTP/1.1" 301 484 "-" "Mozilla/5.0 (compatible; AhrefsBot/6.1; +http://ahrefs.com/robot/)"
54.36.149.2 - - [01/Feb/2019:16:51:10 -0500] "GET /uk/news.feed?type=atom HTTP/1.1" 200 4646 "-" "Mozilla/5.0 (compatible; AhrefsBot/6.1; +http://ahrefs.com/robot/)"
54.36.148.48 - - [01/Feb/2019:16:51:22 -0500] "GET /ru/66-support_ru/users-guide/548-calls-view-fields.html HTTP/1.1" 200 13753 "-" "Mozilla/5.0 (compatible; AhrefsBot/6.1; +http://ahrefs.com/robot/)"
109.87.108.165 - admin [01/Feb/2019:16:53:49 -0500] "GET /administrator/index.php?option=com_ajax&format=json HTTP/1.1" 200 535 "http://tariscope.com/administrator/index.php?option=com_templates&view=style&layout=edit&id=14" "Mozilla/5.0 (Windows NT 10.0; Win64; x64) AppleWebKit/537.36 (KHTML, like Gecko) Chrome/70.0.3538.102 Safari/537.36 OPR/57.0.3098.116"
54.36.148.50 - - [01/Feb/2019:16:53:49 -0500] "GET /ru/support/kb/64-support_ru/administrator-s-guide/511-parameters-of-site.html HTTP/1.1" 200 7577 "-" "Mozilla/5.0 (compatible; AhrefsBot/6.1; +http://ahrefs.com/robot/)"
54.36.148.87 - - [01/Feb/2019:16:54:34 -0500] "GET /en/60-support_en/user-s-guide/367-sql-queris-for-any-table.html HTTP/1.1" 200 8696 "-" "Mozilla/5.0 (compatible; AhrefsBot/6.1; +http://ahrefs.com/robot/)"
54.36.148.23 - - [01/Feb/2019:16:57:30 -0500] "GET /ru/downloads/66-support_ru/users-guide/538-ts-4-x-user-guide-ru.html HTTP/1.1" 200 6506 "-" "Mozilla/5.0 (compatible; AhrefsBot/6.1; +http://ahrefs.com/robot/)"
203.133.168.155 - - [01/Feb/2019:16:57:55 -0500] "GET /robots.txt HTTP/1.1" 200 720 "-" "Mozilla/5.0 (compatible; Daum/4.1; +http://cs.daum.net/faq/15/4118.html?faqId=28966)"
203.133.168.155 - - [01/Feb/2019:16:57:56 -0500] "GET /de/component/search/?id=39&Itemid=133&format=opensearch HTTP/1.1" 200 1239 "-" "Mozilla/5.0 (compatible; Daum/4.1; +http://cs.daum.net/faq/15/4118.html?faqId=28966)"
203.133.168.155 - - [01/Feb/2019:16:58:02 -0500] "GET /en/component/content/?id=3&Itemid=28 HTTP/1.1" 200 15177 "-" "Mozilla/5.0 (compatible; Daum/4.1; +http://cs.daum.net/faq/15/4118.html?faqId=28966)"
203.133.168.155 - - [01/Feb/2019:16:58:07 -0500] "GET /en/download/download-tariscope.html HTTP/1.1" 200 33892 "-" "Mozilla/5.0 (compatible; Daum/4.1; +http://cs.daum.net/faq/15/4118.html?faqId=28966)"
203.133.168.155 - - [01/Feb/2019:16:58:13 -0500] "GET /en/news/749-possibilities-of-rating.html HTTP/1.1" 200 25538 "-" "Mozilla/5.0 (compatible; Daum/4.1; +http://cs.daum.net/faq/15/4118.html?faqId=28966)"
203.133.168.155 - - [01/Feb/2019:16:58:22 -0500] "GET /en/products/solutions/388--tariscope-cucm.html HTTP/1.1" 200 31161 "-" "Mozilla/5.0 (compatible; Daum/4.1; +http://cs.daum.net/faq/15/4118.html?faqId=28966)"
203.133.168.155 - - [01/Feb/2019:16:58:28 -0500] "GET /en/products/solutions/58-support_en/ts-equipment-en/530-tariscope-config-for-3cx.html HTTP/1.1" 200 52253 "-" "Mozilla/5.0 (compatible; Daum/4.1; +http://cs.daum.net/faq/15/4118.html?faqId=28966)"
203.133.168.155 - - [01/Feb/2019:16:58:34 -0500] "GET /en/r-partners.html HTTP/1.1" 200 78797 "-" "Mozilla/5.0 (compatible; Daum/4.1; +http://cs.daum.net/faq/15/4118.html?faqId=28966)"
203.133.168.155 - - [01/Feb/2019:16:58:41 -0500] "GET /en/support/kb/59-support_en/admin-guide/309-persona-area-config.html HTTP/1.1" 200 29200 "-" "Mozilla/5.0 (compatible; Daum/4.1; +http://cs.daum.net/faq/15/4118.html?faqId=28966)"
203.133.168.155 - - [01/Feb/2019:16:58:47 -0500] "GET /en/support/kb/59-support_en/admin-guide/321-automatic-task-execution.html HTTP/1.1" 200 30453 "-" "Mozilla/5.0 (compatible; Daum/4.1; +http://cs.daum.net/faq/15/4118.html?faqId=28966)"
203.133.168.155 - - [01/Feb/2019:16:58:53 -0500] "GET /en/support/knowledge-base/20-reports/397-cmr.html HTTP/1.1" 301 562 "-" "Mozilla/5.0 (compatible; Daum/4.1; +http://cs.daum.net/faq/15/4118.html?faqId=28966)"
203.133.168.155 - - [01/Feb/2019:16:58:58 -0500] "GET /ru/64-support_ru/administrator-s-guide/427-md110.html HTTP/1.1" 200 32346 "-" "Mozilla/5.0 (compatible; Daum/4.1; +http://cs.daum.net/faq/15/4118.html?faqId=28966)"
203.133.168.155 - - [01/Feb/2019:16:59:15 -0500] "GET /robots.txt HTTP/1.1" 200 720 "-" "Mozilla/5.0 (compatible; Daum/4.1; +http://cs.daum.net/faq/15/4118.html?faqId=28966)"
203.133.168.155 - - [01/Feb/2019:16:59:15 -0500] "GET /en/support/kb/58-support_en/ts-equipment-en/205-call-quality-for-cucm.html HTTP/1.1" 200 56122 "-" "Mozilla/5.0 (compatible; Daum/4.1; +http://cs.daum.net/faq/15/4118.html?faqId=28966)"
203.133.168.155 - - [01/Feb/2019:16:59:22 -0500] "GET /ru/64-support_ru/administrator-s-guide/466-manual-input-of-subscribers.html HTTP/1.1" 200 86721 "-" "Mozilla/5.0 (compatible; Daum/4.1; +http://cs.daum.net/faq/15/4118.html?faqId=28966)"
203.133.168.155 - - [01/Feb/2019:16:59:33 -0500] "GET /ru/64-support_ru/administrator-s-guide/495-tcp-server.html HTTP/1.1" 200 32570 "-" "Mozilla/5.0 (compatible; Daum/4.1; +http://cs.daum.net/faq/15/4118.html?faqId=28966)"
203.133.168.155 - - [01/Feb/2019:16:59:39 -0500] "GET /ru/66-support_ru/users-guide/541-prerequisites-for-working-with-ts-ru.html HTTP/1.1" 200 32812 "-" "Mozilla/5.0 (compatible; Daum/4.1; +http://cs.daum.net/faq/15/4118.html?faqId=28966)"
203.133.168.155 - - [01/Feb/2019:16:59:44 -0500] "GET /ru/knowledge-database-ru.html HTTP/1.1" 200 27194 "-" "Mozilla/5.0 (compatible; Daum/4.1; +http://cs.daum.net/faq/15/4118.html?faqId=28966)"
46.229.168.130 - - [01/Feb/2019:16:59:47 -0500] "GET /robots.txt HTTP/1.1" 200 508 "-" "Mozilla/5.0 (compatible; SemrushBot/3~bl; +http://www.semrush.com/bot.html)"
46.229.168.150 - - [01/Feb/2019:16:59:48 -0500] "GET /uk/component/users/?Itemid=126&task=user.login HTTP/1.1" 303 490 "-" "Mozilla/5.0 (compatible; SemrushBot/3~bl; +http://www.semrush.com/bot.html)"
203.133.168.155 - - [01/Feb/2019:16:59:50 -0500] "GET /ru/news.html?limitstart=0 HTTP/1.1" 200 36947 "-" "Mozilla/5.0 (compatible; Daum/4.1; +http://cs.daum.net/faq/15/4118.html?faqId=28966)"
46.229.168.146 - - [01/Feb/2019:16:59:52 -0500] "GET /uk/component/users/?Itemid=126 HTTP/1.1" 200 8875 "-" "Mozilla/5.0 (compatible; SemrushBot/3~bl; +http://www.semrush.com/bot.html)"
203.133.168.155 - - [01/Feb/2019:17:00:01 -0500] "GET /ru/news/586-tariscope-4-2-1.html HTTP/1.1" 200 27459 "-" "Mozilla/5.0 (compatible; Daum/4.1; +http://cs.daum.net/faq/15/4118.html?faqId=28966)"
203.133.168.155 - - [01/Feb/2019:17:00:08 -0500] "GET /uk/56-products_uk/features-uk/176-flexible-configuration-uk.html HTTP/1.1" 200 37766 "-" "Mozilla/5.0 (compatible; Daum/4.1; +http://cs.daum.net/faq/15/4118.html?faqId=28966)"
203.133.168.155 - - [01/Feb/2019:17:00:14 -0500] "GET /uk/74-support_uk/administrator-guide-uk/687-ftp-client-2.html HTTP/1.1" 200 36046 "-" "Mozilla/5.0 (compatible; Daum/4.1; +http://cs.daum.net/faq/15/4118.html?faqId=28966)"
203.133.168.155 - - [01/Feb/2019:17:00:20 -0500] "GET /uk/74-support_uk/administrator-guide-uk/689-microsoft-lync-2.html HTTP/1.1" 200 33956 "-" "Mozilla/5.0 (compatible; Daum/4.1; +http://cs.daum.net/faq/15/4118.html?faqId=28966)"
203.133.168.155 - - [01/Feb/2019:17:00:37 -0500] "GET /uk/news/386-additional-calls-analyze.html HTTP/1.1" 200 26905 "-" "Mozilla/5.0 (compatible; Daum/4.1; +http://cs.daum.net/faq/15/4118.html?faqId=28966)"
203.133.168.155 - - [01/Feb/2019:17:00:48 -0500] "GET /en/%20//www.ukrtel.com/index.php?option=com_content&view=article&id=165&catid=55&lang=en&Itemid=230 HTTP/1.1" 200 20348 "-" "Mozilla/5.0 (compatible; Daum/4.1; +http://cs.daum.net/faq/15/4118.html?faqId=28966)"
203.133.168.155 - - [01/Feb/2019:17:00:55 -0500] "GET /en/59-support_en/admin-guide/260-cdr-nec-neax-univerge.html HTTP/1.1" 200 31765 "-" "Mozilla/5.0 (compatible; Daum/4.1; +http://cs.daum.net/faq/15/4118.html?faqId=28966)"
203.133.168.155 - - [01/Feb/2019:17:01:06 -0500] "GET /en/59-support_en/admin-guide/285-folder-file.html HTTP/1.1" 200 32917 "-" "Mozilla/5.0 (compatible; Daum/4.1; +http://cs.daum.net/faq/15/4118.html?faqId=28966)"
203.133.168.155 - - [01/Feb/2019:17:01:12 -0500] "GET /en/59-support_en/admin-guide/298-udp-server.html HTTP/1.1" 200 31342 "-" "Mozilla/5.0 (compatible; Daum/4.1; +http://cs.daum.net/faq/15/4118.html?faqId=28966)"
203.133.168.155 - - [01/Feb/2019:17:01:18 -0500] "GET /en/component/search/?Itemid=190&catid=52&id=589&format=opensearch HTTP/1.1" 200 1241 "-" "Mozilla/5.0 (compatible; Daum/4.1; +http://cs.daum.net/faq/15/4118.html?faqId=28966)"
203.133.168.155 - - [01/Feb/2019:17:01:23 -0500] "GET /en/news/52-products_en/features-en/105-restriction-feature.html HTTP/1.1" 200 32536 "-" "Mozilla/5.0 (compatible; Daum/4.1; +http://cs.daum.net/faq/15/4118.html?faqId=28966)"
203.133.168.155 - - [01/Feb/2019:17:01:29 -0500] "GET /en/products/solutions/52-products_en/features-en/103-supported-pbxs.html HTTP/1.1" 200 35641 "-" "Mozilla/5.0 (compatible; Daum/4.1; +http://cs.daum.net/faq/15/4118.html?faqId=28966)"
203.133.168.155 - - [01/Feb/2019:17:01:34 -0500] "GET /en/support/kb/58-support_en/ts-equipment-en/214-processing-cdr-from-cucm.html HTTP/1.1" 200 55400 "-" "Mozilla/5.0 (compatible; Daum/4.1; +http://cs.daum.net/faq/15/4118.html?faqId=28966)"
203.133.168.155 - - [01/Feb/2019:17:01:41 -0500] "GET /en/support/kb/59-support_en/admin-guide/267-cdr-rustelecom-elcom.html HTTP/1.1" 200 27303 "-" "Mozilla/5.0 (compatible; Daum/4.1; +http://cs.daum.net/faq/15/4118.html?faqId=28966)"
203.133.168.155 - - [01/Feb/2019:17:01:46 -0500] "GET /ru/53-products_ru/features_ru/142-restriction-feature-ru.html HTTP/1.1" 200 44005 "-" "Mozilla/5.0 (compatible; Daum/4.1; +http://cs.daum.net/faq/15/4118.html?faqId=28966)"
203.133.168.155 - - [01/Feb/2019:17:01:52 -0500] "GET /ru/component/search/?Itemid=106&catid=10&id=582&format=opensearch HTTP/1.1" 200 1241 "-" "Mozilla/5.0 (compatible; Daum/4.1; +http://cs.daum.net/faq/15/4118.html?faqId=28966)"
203.133.168.155 - - [01/Feb/2019:17:01:58 -0500] "GET /ru/component/search/?Itemid=214&format=opensearch HTTP/1.1" 200 1217 "-" "Mozilla/5.0 (compatible; Daum/4.1; +http://cs.daum.net/faq/15/4118.html?faqId=28966)"
203.133.168.155 - - [01/Feb/2019:17:02:03 -0500] "GET /uk/56-products_uk/features-uk/745-flexible-charging-2.html HTTP/1.1" 200 44013 "-" "Mozilla/5.0 (compatible; Daum/4.1; +http://cs.daum.net/faq/15/4118.html?faqId=28966)"
203.133.168.155 - - [01/Feb/2019:17:02:10 -0500] "GET /uk/63-support_uk/ts-and-equipment/343-cucm-cdr-processing.html HTTP/1.1" 200 77661 "-" "Mozilla/5.0 (compatible; Daum/4.1; +http://cs.daum.net/faq/15/4118.html?faqId=28966)"
203.133.168.155 - - [01/Feb/2019:17:02:16 -0500] "GET /uk/74-support_uk/administrator-guide-uk/705-tariscope-tasks-2.html HTTP/1.1" 200 65426 "-" "Mozilla/5.0 (compatible; Daum/4.1; +http://cs.daum.net/faq/15/4118.html?faqId=28966)"
203.133.168.155 - - [01/Feb/2019:17:02:22 -0500] "GET /uk/74-support_uk/administrator-guide-uk/723-backup-2.html HTTP/1.1" 200 38018 "-" "Mozilla/5.0 (compatible; Daum/4.1; +http://cs.daum.net/faq/15/4118.html?faqId=28966)"
203.133.168.155 - - [01/Feb/2019:17:02:28 -0500] "GET /uk/75-support_uk/user-s-guide/739-tariscope-interface-2.html HTTP/1.1" 200 72877 "-" "Mozilla/5.0 (compatible; Daum/4.1; +http://cs.daum.net/faq/15/4118.html?faqId=28966)"
203.133.168.155 - - [01/Feb/2019:17:02:44 -0500] "GET /uk/download/download-documentation.html HTTP/1.1" 200 31809 "-" "Mozilla/5.0 (compatible; Daum/4.1; +http://cs.daum.net/faq/15/4118.html?faqId=28966)"
203.133.168.155 - - [01/Feb/2019:17:02:50 -0500] "GET /uk/products/tariscope-enterprise.html HTTP/1.1" 200 46595 "-" "Mozilla/5.0 (compatible; Daum/4.1; +http://cs.daum.net/faq/15/4118.html?faqId=28966)"
54.36.149.100 - - [01/Feb/2019:17:03:10 -0500] "GET /en/tech-support.html HTTP/1.1" 200 5965 "-" "Mozilla/5.0 (compatible; AhrefsBot/6.1; +http://ahrefs.com/robot/)"
46.229.168.153 - - [01/Feb/2019:17:03:54 -0500] "GET /robots.txt HTTP/1.1" 200 508 "-" "Mozilla/5.0 (compatible; SemrushBot/3~bl; +http://www.semrush.com/bot.html)"
46.229.168.153 - - [01/Feb/2019:17:03:57 -0500] "GET /en/68-products_en/so-utions.html HTTP/1.1" 200 12650 "-" "Mozilla/5.0 (compatible; SemrushBot/3~bl; +http://www.semrush.com/bot.html)"
54.36.148.179 - - [01/Feb/2019:17:04:48 -0500] "GET /ru/products/solutions/64-support_ru/administrator-s-guide/399-initial-configuration.html HTTP/1.1" 200 21009 "-" "Mozilla/5.0 (compatible; AhrefsBot/6.1; +http://ahrefs.com/robot/)"
203.133.168.155 - - [01/Feb/2019:17:05:26 -0500] "GET /de/unterst%C3%BCtzung.feed?type=rss HTTP/1.1" 200 1238 "-" "Mozilla/5.0 (compatible; Daum/4.1; +http://cs.daum.net/faq/15/4118.html?faqId=28966)"
203.133.168.155 - - [01/Feb/2019:17:05:31 -0500] "GET /en/59-support_en/admin-guide/308-tariscope-program-config.html HTTP/1.1" 200 40364 "-" "Mozilla/5.0 (compatible; Daum/4.1; +http://cs.daum.net/faq/15/4118.html?faqId=28966)"
203.133.168.155 - - [01/Feb/2019:17:05:37 -0500] "GET /en/60-support_en/user-s-guide/332-user-s-guide-contents.html HTTP/1.1" 200 35952 "-" "Mozilla/5.0 (compatible; Daum/4.1; +http://cs.daum.net/faq/15/4118.html?faqId=28966)"
203.133.168.155 - - [01/Feb/2019:17:05:43 -0500] "GET /en/60-support_en/user-s-guide/354-working-with-views.html HTTP/1.1" 200 31834 "-" "Mozilla/5.0 (compatible; Daum/4.1; +http://cs.daum.net/faq/15/4118.html?faqId=28966)"
203.133.168.155 - - [01/Feb/2019:17:05:49 -0500] "GET /en/60-support_en/user-s-guide/357-call-view-fields.html HTTP/1.1" 200 43994 "-" "Mozilla/5.0 (compatible; Daum/4.1; +http://cs.daum.net/faq/15/4118.html?faqId=28966)"
46.229.168.149 - - [01/Feb/2019:17:05:56 -0500] "GET /ru/64-support_ru/administrator-s-guide/427-md110.html HTTP/1.1" 200 8245 "-" "Mozilla/5.0 (compatible; SemrushBot/3~bl; +http://www.semrush.com/bot.html)"
203.133.168.155 - - [01/Feb/2019:17:06:02 -0500] "GET /en/about-softpi.html HTTP/1.1" 200 23294 "-" "Mozilla/5.0 (compatible; Daum/4.1; +http://cs.daum.net/faq/15/4118.html?faqId=28966)"
203.133.168.155 - - [01/Feb/2019:17:06:08 -0500] "GET /en/company/customers.html HTTP/1.1" 200 31004 "-" "Mozilla/5.0 (compatible; Daum/4.1; +http://cs.daum.net/faq/15/4118.html?faqId=28966)"
203.133.168.155 - - [01/Feb/2019:17:06:13 -0500] "GET /en/component/content/?id=3:contacts&catid=1&Itemid=28 HTTP/1.1" 200 15023 "-" "Mozilla/5.0 (compatible; Daum/4.1; +http://cs.daum.net/faq/15/4118.html?faqId=28966)"
216.244.66.196 - - [01/Feb/2019:17:06:16 -0500] "GET /robots.txt HTTP/1.1" 200 701 "-" "Mozilla/5.0 (compatible; DotBot/1.1; http://www.opensiteexplorer.org/dotbot, help@moz.com)"
216.244.66.196 - - [01/Feb/2019:17:06:17 -0500] "GET /robots.txt HTTP/1.1" 200 701 "-" "Mozilla/5.0 (compatible; DotBot/1.1; http://www.opensiteexplorer.org/dotbot, help@moz.com)"
216.244.66.196 - - [01/Feb/2019:17:06:17 -0500] "GET /robots.txt HTTP/1.1" 200 701 "-" "Mozilla/5.0 (compatible; DotBot/1.1; http://www.opensiteexplorer.org/dotbot, help@moz.com)"
46.4.67.206 - - [01/Feb/2019:17:06:18 -0500] "GET /robots.txt HTTP/1.1" 200 757 "-" "Mozilla/5.0 (compatible; MJ12bot/v1.4.8; http://mj12bot.com/)"
203.133.168.155 - - [01/Feb/2019:17:06:19 -0500] "GET /en/component/search/?Itemid=180&catid=58&id=214&format=opensearch HTTP/1.1" 200 1253 "-" "Mozilla/5.0 (compatible; Daum/4.1; +http://cs.daum.net/faq/15/4118.html?faqId=28966)"
203.133.168.155 - - [01/Feb/2019:17:06:24 -0500] "GET /en/component/search/?Itemid=186&catid=59&id=246&format=opensearch HTTP/1.1" 200 1253 "-" "Mozilla/5.0 (compatible; Daum/4.1; +http://cs.daum.net/faq/15/4118.html?faqId=28966)"
46.4.67.206 - - [01/Feb/2019:17:06:25 -0500] "GET /en/forum/4-Tariscope-Enterprise--Provider/161-Re-%D0%98%D0%B7%D0%BC%D0%B5%D0%BD%D0%B5%D0%BD%D0%B8%D0%B5-%D1%82%D0%B0%D1%80%D0%B8%D1%84%D0%BE%D0%B2/index.php HTTP/1.1" 302 566 "-" "Mozilla/5.0 (compatible; MJ12bot/v1.4.8; http://mj12bot.com/)"
203.133.168.155 - - [01/Feb/2019:17:06:29 -0500] "GET /en/component/search/?Itemid=186&catid=59&id=297&format=opensearch HTTP/1.1" 200 1253 "-" "Mozilla/5.0 (compatible; Daum/4.1; +http://cs.daum.net/faq/15/4118.html?faqId=28966)"
46.4.67.206 - - [01/Feb/2019:17:06:36 -0500] "GET /en/forum/4-Tariscope-Enterprise--Provider/161-Re-%D0%98%D0%B7%D0%BC%D0%B5%D0%BD%D0%B5%D0%BD%D0%B8%D0%B5-%D1%82%D0%B0%D1%80%D0%B8%D1%84%D0%BE%D0%B2/index.php?option=com_content&view=article&id=165&catid=55&lang=en&Itemid=230 HTTP/1.1" 200 20293 "-" "Mozilla/5.0 (compatible; MJ12bot/v1.4.8; http://mj12bot.com/)"
203.133.168.155 - - [01/Feb/2019:17:06:39 -0500] "GET /en/component/search/?Itemid=191&catid=58&id=206&format=opensearch HTTP/1.1" 200 1253 "-" "Mozilla/5.0 (compatible; Daum/4.1; +http://cs.daum.net/faq/15/4118.html?faqId=28966)"
46.4.67.206 - - [01/Feb/2019:17:06:54 -0500] "GET /en/forum/4-Tariscope-Enterprise--Provider/162-Re-%D0%98%D0%B7%D0%BC%D0%B5%D0%BD%D0%B5%D0%BD%D0%B8%D0%B5-%D1%82%D0%B0%D1%80%D0%B8%D1%84%D0%BE%D0%B2/index.php HTTP/1.1" 302 566 "-" "Mozilla/5.0 (compatible; MJ12bot/v1.4.8; http://mj12bot.com/)"
203.133.168.155 - - [01/Feb/2019:17:06:53 -0500] "GET /en/download/download-documentation/category/2-doc-tariscope-3x-en.html?download=5:tariscope-3-5-user-s-guide HTTP/1.1" 303 519 "-" "Mozilla/5.0 (compatible; Daum/4.1; +http://cs.daum.net/faq/15/4118.html?faqId=28966)"
46.229.168.133 - - [01/Feb/2019:17:07:06 -0500] "GET /ru/15-company_ru.html HTTP/1.1" 200 12642 "-" "Mozilla/5.0 (compatible; SemrushBot/3~bl; +http://www.semrush.com/bot.html)"
203.133.168.155 - - [01/Feb/2019:17:07:07 -0500] "GET /en/news/68-products_en/so-utions/579-auth-code-3cx-phone-system-tariscope.html HTTP/1.1" 200 32269 "-" "Mozilla/5.0 (compatible; Daum/4.1; +http://cs.daum.net/faq/15/4118.html?faqId=28966)"
203.133.168.155 - - [01/Feb/2019:17:07:13 -0500] "GET /en/solutions/59-support_en/admin-guide/281-subscribers-external-files.html HTTP/1.1" 200 34422 "-" "Mozilla/5.0 (compatible; Daum/4.1; +http://cs.daum.net/faq/15/4118.html?faqId=28966)"
203.133.168.155 - - [01/Feb/2019:17:07:21 -0500] "GET /en/support/kb/59-support_en/admin-guide/222-rates.html HTTP/1.1" 200 46806 "-" "Mozilla/5.0 (compatible; Daum/4.1; +http://cs.daum.net/faq/15/4118.html?faqId=28966)"
203.133.168.155 - - [01/Feb/2019:17:07:28 -0500] "GET /en/support/kb/59-support_en/admin-guide/227-providers.html HTTP/1.1" 200 59050 "-" "Mozilla/5.0 (compatible; Daum/4.1; +http://cs.daum.net/faq/15/4118.html?faqId=28966)"
157.55.39.103 - - [01/Feb/2019:17:07:28 -0500] "GET /en/support/training.html HTTP/1.1" 200 7781 "-" "Mozilla/5.0 (compatible; bingbot/2.0; +http://www.bing.com/bingbot.htm)"
46.4.67.206 - - [01/Feb/2019:17:07:28 -0500] "GET /en/forum/4-Tariscope-Enterprise--Provider/162-Re-%D0%98%D0%B7%D0%BC%D0%B5%D0%BD%D0%B5%D0%BD%D0%B8%D0%B5-%D1%82%D0%B0%D1%80%D0%B8%D1%84%D0%BE%D0%B2/index.php?option=com_content&view=article&id=165&catid=55&lang=en&Itemid=230 HTTP/1.1" 200 5530 "-" "Mozilla/5.0 (compatible; MJ12bot/v1.4.8; http://mj12bot.com/)"
203.133.168.155 - - [01/Feb/2019:17:07:46 -0500] "GET /en/support/kb/59-support_en/admin-guide/237-cdr-asterisk.html HTTP/1.1" 200 28823 "-" "Mozilla/5.0 (compatible; Daum/4.1; +http://cs.daum.net/faq/15/4118.html?faqId=28966)"
203.133.168.155 - - [01/Feb/2019:17:07:54 -0500] "GET /en/support/kb/59-support_en/admin-guide/244-cdr-cisco-pgw-200.html HTTP/1.1" 200 27299 "-" "Mozilla/5.0 (compatible; Daum/4.1; +http://cs.daum.net/faq/15/4118.html?faqId=28966)"
46.4.67.206 - - [01/Feb/2019:17:07:59 -0500] "GET /en/forum/4-Tariscope-Enterprise--Provider/163-Re-%D0%98%D0%B7%D0%BC%D0%B5%D0%BD%D0%B5%D0%BD%D0%B8%D0%B5-%D1%82%D0%B0%D1%80%D0%B8%D1%84%D0%BE%D0%B2/index.php HTTP/1.1" 302 566 "-" "Mozilla/5.0 (compatible; MJ12bot/v1.4.8; http://mj12bot.com/)"
203.133.168.155 - - [01/Feb/2019:17:08:10 -0500] "GET /en/support/kb/59-support_en/admin-guide/245-cdr-coral-flexicom.html HTTP/1.1" 200 27311 "-" "Mozilla/5.0 (compatible; Daum/4.1; +http://cs.daum.net/faq/15/4118.html?faqId=28966)"
203.133.168.155 - - [01/Feb/2019:17:08:18 -0500] "GET /en/support/kb/59-support_en/admin-guide/252-cdr-karel-ds200.html HTTP/1.1" 200 27268 "-" "Mozilla/5.0 (compatible; Daum/4.1; +http://cs.daum.net/faq/15/4118.html?faqId=28966)"
46.4.67.206 - - [01/Feb/2019:17:08:20 -0500] "GET /en/forum/4-Tariscope-Enterprise--Provider/163-Re-%D0%98%D0%B7%D0%BC%D0%B5%D0%BD%D0%B5%D0%BD%D0%B8%D0%B5-%D1%82%D0%B0%D1%80%D0%B8%D1%84%D0%BE%D0%B2/index.php?option=com_content&view=article&id=165&catid=55&lang=en&Itemid=230 HTTP/1.1" 200 5530 "-" "Mozilla/5.0 (compatible; MJ12bot/v1.4.8; http://mj12bot.com/)"
203.133.168.155 - - [01/Feb/2019:17:08:27 -0500] "GET /en/support/kb/59-support_en/admin-guide/265-cdr-platan-libra.html HTTP/1.1" 200 27417 "-" "Mozilla/5.0 (compatible; Daum/4.1; +http://cs.daum.net/faq/15/4118.html?faqId=28966)"
46.4.67.206 - - [01/Feb/2019:17:08:40 -0500] "GET /en/forum/4-Tariscope-Enterprise--Provider/164-Re-%D0%98%D0%B7%D0%BC%D0%B5%D0%BD%D0%B5%D0%BD%D0%B8%D0%B5-%D1%82%D0%B0%D1%80%D0%B8%D1%84%D0%BE%D0%B2/index.php HTTP/1.1" 302 566 "-" "Mozilla/5.0 (compatible; MJ12bot/v1.4.8; http://mj12bot.com/)"
203.133.168.155 - - [01/Feb/2019:17:08:46 -0500] "GET /en/support/kb/59-support_en/admin-guide/301-day-types.html HTTP/1.1" 200 28668 "-" "Mozilla/5.0 (compatible; Daum/4.1; +http://cs.daum.net/faq/15/4118.html?faqId=28966)"
46.4.67.206 - - [01/Feb/2019:17:08:56 -0500] "GET /en/forum/4-Tariscope-Enterprise--Provider/164-Re-%D0%98%D0%B7%D0%BC%D0%B5%D0%BD%D0%B5%D0%BD%D0%B8%D0%B5-%D1%82%D0%B0%D1%80%D0%B8%D1%84%D0%BE%D0%B2/index.php?option=com_content&view=article&id=165&catid=55&lang=en&Itemid=230 HTTP/1.1" 200 5530 "-" "Mozilla/5.0 (compatible; MJ12bot/v1.4.8; http://mj12bot.com/)"
203.133.168.155 - - [01/Feb/2019:17:09:00 -0500] "GET /en/support/kb/59-support_en/admin-guide/310-authentication-methords.html HTTP/1.1" 200 32021 "-" "Mozilla/5.0 (compatible; Daum/4.1; +http://cs.daum.net/faq/15/4118.html?faqId=28966)"
203.133.168.155 - - [01/Feb/2019:17:09:08 -0500] "GET /en/support/kb/59-support_en/admin-guide/313-site-preference.html HTTP/1.1" 200 28192 "-" "Mozilla/5.0 (compatible; Daum/4.1; +http://cs.daum.net/faq/15/4118.html?faqId=28966)"
46.4.67.206 - - [01/Feb/2019:17:09:17 -0500] "GET /en/forum/4-Tariscope-Enterprise--Provider/165-Re-%D0%98%D0%B7%D0%BC%D0%B5%D0%BD%D0%B5%D0%BD%D0%B8%D0%B5-%D1%82%D0%B0%D1%80%D0%B8%D1%84%D0%BE%D0%B2/index.php HTTP/1.1" 302 566 "-" "Mozilla/5.0 (compatible; MJ12bot/v1.4.8; http://mj12bot.com/)"
203.133.168.155 - - [01/Feb/2019:17:09:18 -0500] "GET /en/support/kb/59-support_en/admin-guide/320-4-1-3-control-over-the-changing-in-the-tariscope-database.html HTTP/1.1" 200 29326 "-" "Mozilla/5.0 (compatible; Daum/4.1; +http://cs.daum.net/faq/15/4118.html?faqId=28966)"
46.4.67.206 - - [01/Feb/2019:17:09:36 -0500] "GET /en/forum/4-Tariscope-Enterprise--Provider/165-Re-%D0%98%D0%B7%D0%BC%D0%B5%D0%BD%D0%B5%D0%BD%D0%B8%D0%B5-%D1%82%D0%B0%D1%80%D0%B8%D1%84%D0%BE%D0%B2/index.php?option=com_content&view=article&id=165&catid=55&lang=en&Itemid=230 HTTP/1.1" 200 5530 "-" "Mozilla/5.0 (compatible; MJ12bot/v1.4.8; http://mj12bot.com/)"
203.133.168.155 - - [01/Feb/2019:17:09:37 -0500] "GET /en/support/kb/60-support_en/user-s-guide/354-working-with-views.html HTTP/1.1" 200 28184 "-" "Mozilla/5.0 (compatible; Daum/4.1; +http://cs.daum.net/faq/15/4118.html?faqId=28966)"
46.229.168.134 - - [01/Feb/2019:17:09:43 -0500] "GET /en/download/download-documentation/file/18-benefits-tariscope-enterprise.html?tmpl=component HTTP/1.1" 200 2371 "-" "Mozilla/5.0 (compatible; SemrushBot/3~bl; +http://www.semrush.com/bot.html)"
203.133.168.155 - - [01/Feb/2019:17:09:56 -0500] "GET /en/support/kb/60-support_en/user-s-guide/375-recharge-selected-records.html HTTP/1.1" 200 27345 "-" "Mozilla/5.0 (compatible; Daum/4.1; +http://cs.daum.net/faq/15/4118.html?faqId=28966)"
46.4.67.206 - - [01/Feb/2019:17:10:00 -0500] "GET /en/forum/4-Tariscope-Enterprise--Provider/166-%D0%90%D0%BA%D1%82%D0%B8%D0%B2%D0%BD%D0%BE%D0%B5-%D1%83%D1%81%D1%82%D1%80%D0%BE%D0%B9%D1%81%D1%82%D0%B2%D0%BE/index.php HTTP/1.1" 302 566 "-" "Mozilla/5.0 (compatible; MJ12bot/v1.4.8; http://mj12bot.com/)"
203.133.168.155 - - [01/Feb/2019:17:10:10 -0500] "GET /ru.html HTTP/1.1" 301 576 "-" "Mozilla/5.0 (compatible; Daum/4.1; +http://cs.daum.net/faq/15/4118.html?faqId=28966)"
203.133.168.155 - - [01/Feb/2019:17:10:29 -0500] "GET /ru/64-support_ru/administrator-s-guide/396-personal-area-installation.html HTTP/1.1" 200 39520 "-" "Mozilla/5.0 (compatible; Daum/4.1; +http://cs.daum.net/faq/15/4118.html?faqId=28966)"
46.4.67.206 - - [01/Feb/2019:17:10:37 -0500] "GET /en/forum/4-Tariscope-Enterprise--Provider/166-%D0%90%D0%BA%D1%82%D0%B8%D0%B2%D0%BD%D0%BE%D0%B5-%D1%83%D1%81%D1%82%D1%80%D0%BE%D0%B9%D1%81%D1%82%D0%B2%D0%BE/index.php?option=com_content&view=article&id=165&catid=55&lang=en&Itemid=230 HTTP/1.1" 200 5534 "-" "Mozilla/5.0 (compatible; MJ12bot/v1.4.8; http://mj12bot.com/)"
203.133.168.155 - - [01/Feb/2019:17:10:42 -0500] "GET /en/ru.html HTTP/1.1" 301 495 "-" "Mozilla/5.0 (compatible; Daum/4.1; +http://cs.daum.net/faq/15/4118.html?faqId=28966)"
46.4.67.206 - - [01/Feb/2019:17:10:42 -0500] "GET /en/forum/4-Tariscope-Enterprise--Provider/168-Re-%D0%90%D0%BA%D1%82%D0%B8%D0%B2%D0%BD%D0%BE%D0%B5-%D1%83%D1%81%D1%82%D1%80%D0%BE%D0%B9%D1%81%D1%82%D0%B2%D0%BE/index.php HTTP/1.1" 302 566 "-" "Mozilla/5.0 (compatible; MJ12bot/v1.4.8; http://mj12bot.com/)"
46.4.67.206 - - [01/Feb/2019:17:10:48 -0500] "GET /en/forum/4-Tariscope-Enterprise--Provider/168-Re-%D0%90%D0%BA%D1%82%D0%B8%D0%B2%D0%BD%D0%BE%D0%B5-%D1%83%D1%81%D1%82%D1%80%D0%BE%D0%B9%D1%81%D1%82%D0%B2%D0%BE/index.php?option=com_content&view=article&id=165&catid=55&lang=en&Itemid=230 HTTP/1.1" 200 5536 "-" "Mozilla/5.0 (compatible; MJ12bot/v1.4.8; http://mj12bot.com/)"
203.133.168.155 - - [01/Feb/2019:17:10:49 -0500] "GET /ru/64-support_ru/administrator-s-guide/444-platan-pbx-server-libra.html HTTP/1.1" 200 32320 "-" "Mozilla/5.0 (compatible; Daum/4.1; +http://cs.daum.net/faq/15/4118.html?faqId=28966)"
46.4.67.206 - - [01/Feb/2019:17:10:53 -0500] "GET /en/forum/4-Tariscope-Enterprise--Provider/171-Re-%D0%90%D0%BA%D1%82%D0%B8%D0%B2%D0%BD%D0%BE%D0%B5-%D1%83%D1%81%D1%82%D1%80%D0%BE%D0%B9%D1%81%D1%82%D0%B2%D0%BE/index.php HTTP/1.1" 302 566 "-" "Mozilla/5.0 (compatible; MJ12bot/v1.4.8; http://mj12bot.com/)"
46.4.67.206 - - [01/Feb/2019:17:10:56 -0500] "GET /en/forum/4-Tariscope-Enterprise--Provider/171-Re-%D0%90%D0%BA%D1%82%D0%B8%D0%B2%D0%BD%D0%BE%D0%B5-%D1%83%D1%81%D1%82%D1%80%D0%BE%D0%B9%D1%81%D1%82%D0%B2%D0%BE/index.php?option=com_content&view=article&id=165&catid=55&lang=en&Itemid=230 HTTP/1.1" 200 5535 "-" "Mozilla/5.0 (compatible; MJ12bot/v1.4.8; http://mj12bot.com/)"
46.4.67.206 - - [01/Feb/2019:17:11:03 -0500] "GET /en/forum/4-Tariscope-Enterprise--Provider/172-Re-%D0%90%D0%BA%D1%82%D0%B8%D0%B2%D0%BD%D0%BE%D0%B5-%D1%83%D1%81%D1%82%D1%80%D0%BE%D0%B9%D1%81%D1%82%D0%B2%D0%BE/index.php HTTP/1.1" 302 566 "-" "Mozilla/5.0 (compatible; MJ12bot/v1.4.8; http://mj12bot.com/)"
203.133.168.155 - - [01/Feb/2019:17:11:06 -0500] "GET /en/ HTTP/1.1" 200 35068 "-" "Mozilla/5.0 (compatible; Daum/4.1; +http://cs.daum.net/faq/15/4118.html?faqId=28966)"
193.124.176.156 - - [01/Feb/2019:17:11:13 -0500] "HEAD / HTTP/1.1" 301 587 "https://gillette-blades.com.ua" "Mozilla/4.0 (compatible; MSIE7.00; Windows 2007)"
185.125.219.13 - - [01/Feb/2019:17:11:13 -0500] "HEAD / HTTP/1.1" 301 587 "http://translationrussian.ru/notarialny-perevod/" "Mozilla/7.0 (compatible; MSIE6.00; Windows 2005)"
203.133.168.155 - - [01/Feb/2019:17:11:12 -0500] "GET /ru/64-support_ru/administrator-s-guide/523-call-data-restoring.html HTTP/1.1" 200 34718 "-" "Mozilla/5.0 (compatible; Daum/4.1; +http://cs.daum.net/faq/15/4118.html?faqId=28966)"
194.67.210.77 - - [01/Feb/2019:17:11:13 -0500] "HEAD / HTTP/1.1" 301 550 "https://ugadator.ru" "Mozilla/2.0 (compatible; MSIE3.00; Windows 2005)"
194.67.207.9 - - [01/Feb/2019:17:11:13 -0500] "HEAD / HTTP/1.1" 301 587 "https://mancave.gift" "Mozilla/7.0 (compatible; MSIE3.00; Windows 2004)"
185.5.249.185 - - [01/Feb/2019:17:11:13 -0500] "HEAD / HTTP/1.1" 301 587 "https://fbmessenger.info/faq/kak-skachat-video" "Mozilla/7.0 (compatible; MSIE6.00; Windows 2008)"
194.67.210.77 - - [01/Feb/2019:17:11:14 -0500] "HEAD /en/ HTTP/1.1" 200 330 "https://ugadator.ru" "Mozilla/2.0 (compatible; MSIE3.00; Windows 2005)"
193.124.179.180 - - [01/Feb/2019:17:11:14 -0500] "HEAD / HTTP/1.1" 301 587 "https://workdoma.ru/kak-razblokirovat-stranicu-vkontakte/" "Mozilla/5.0 (compatible; MSIE4.00; Windows 2006)"
193.124.190.64 - - [01/Feb/2019:17:11:14 -0500] "HEAD / HTTP/1.1" 301 550 "https://superfundamentufa.ru/ceny-na-fundament-v-ufe/" "Mozilla/2.0 (compatible; MSIE5.00; Windows 2006)"
193.124.190.64 - - [01/Feb/2019:17:11:15 -0500] "HEAD /en/ HTTP/1.1" 200 330 "https://superfundamentufa.ru/ceny-na-fundament-v-ufe/" "Mozilla/2.0 (compatible; MSIE5.00; Windows 2006)"
193.124.176.156 - - [01/Feb/2019:17:11:17 -0500] "HEAD /en/ HTTP/1.1" 200 366 "https://gillette-blades.com.ua" "Mozilla/4.0 (compatible; MSIE7.00; Windows 2007)"
185.125.219.13 - - [01/Feb/2019:17:11:17 -0500] "HEAD /en/ HTTP/1.1" 200 366 "http://translationrussian.ru/notarialny-perevod/" "Mozilla/7.0 (compatible; MSIE6.00; Windows 2005)"
194.67.207.9 - - [01/Feb/2019:17:11:18 -0500] "HEAD /en/ HTTP/1.1" 200 366 "https://mancave.gift" "Mozilla/7.0 (compatible; MSIE3.00; Windows 2004)"
203.133.168.155 - - [01/Feb/2019:17:11:18 -0500] "GET /ru/component/search/?Itemid=104&catid=53&id=143&format=opensearch HTTP/1.1" 200 1253 "-" "Mozilla/5.0 (compatible; Daum/4.1; +http://cs.daum.net/faq/15/4118.html?faqId=28966)"
185.5.249.185 - - [01/Feb/2019:17:11:18 -0500] "HEAD /en/ HTTP/1.1" 200 366 "https://fbmessenger.info/faq/kak-skachat-video" "Mozilla/7.0 (compatible; MSIE6.00; Windows 2008)"
193.124.179.180 - - [01/Feb/2019:17:11:18 -0500] "HEAD /en/ HTTP/1.1" 200 366 "https://workdoma.ru/kak-razblokirovat-stranicu-vkontakte/" "Mozilla/5.0 (compatible; MSIE4.00; Windows 2006)"
46.4.67.206 - - [01/Feb/2019:17:11:21 -0500] "GET /en/forum/4-Tariscope-Enterprise--Provider/172-Re-%D0%90%D0%BA%D1%82%D0%B8%D0%B2%D0%BD%D0%BE%D0%B5-%D1%83%D1%81%D1%82%D1%80%D0%BE%D0%B9%D1%81%D1%82%D0%B2%D0%BE/index.php?option=com_content&view=article&id=165&catid=55&lang=en&Itemid=230 HTTP/1.1" 200 5535 "-" "Mozilla/5.0 (compatible; MJ12bot/v1.4.8; http://mj12bot.com/)"
203.133.168.155 - - [01/Feb/2019:17:11:24 -0500] "GET /ru/component/search/?Itemid=222&format=opensearch HTTP/1.1" 200 1229 "-" "Mozilla/5.0 (compatible; Daum/4.1; +http://cs.daum.net/faq/15/4118.html?faqId=28966)"
203.133.168.155 - - [01/Feb/2019:17:11:30 -0500] "GET /uk/26-support_uk/385-additional-call-analyze.html HTTP/1.1" 200 68248 "-" "Mozilla/5.0 (compatible; Daum/4.1; +http://cs.daum.net/faq/15/4118.html?faqId=28966)"
203.133.168.155 - - [01/Feb/2019:17:11:36 -0500] "GET /uk/63-support_uk/ts-and-equipment/791-features-tariscope-for-3cx-2.html HTTP/1.1" 200 70995 "-" "Mozilla/5.0 (compatible; Daum/4.1; +http://cs.daum.net/faq/15/4118.html?faqId=28966)"
46.4.67.206 - - [01/Feb/2019:17:11:39 -0500] "GET /en/forum/4-Tariscope-Enterprise--Provider/187-%D0%A1%D0%BE%D0%B2%D0%BC%D0%B5%D1%81%D1%82%D0%B8%D0%BC%D0%BE%D1%81%D1%82%D1%8C-%D1%81-%D0%9A%D0%B2%D0%B0%D0%BD%D1%82-%D0%95/index.php HTTP/1.1" 302 566 "-" "Mozilla/5.0 (compatible; MJ12bot/v1.4.8; http://mj12bot.com/)"
203.133.168.155 - - [01/Feb/2019:17:11:42 -0500] "GET /uk/74-support_uk/administrator-guide-uk/624-telecom-node-2.html HTTP/1.1" 200 36111 "-" "Mozilla/5.0 (compatible; Daum/4.1; +http://cs.daum.net/faq/15/4118.html?faqId=28966)"
46.4.67.206 - - [01/Feb/2019:17:11:43 -0500] "GET /en/forum/4-Tariscope-Enterprise--Provider/187-%D0%A1%D0%BE%D0%B2%D0%BC%D0%B5%D1%81%D1%82%D0%B8%D0%BC%D0%BE%D1%81%D1%82%D1%8C-%D1%81-%D0%9A%D0%B2%D0%B0%D0%BD%D1%82-%D0%95/index.php?option=com_content&view=article&id=165&catid=55&lang=en&Itemid=230 HTTP/1.1" 200 5537 "-" "Mozilla/5.0 (compatible; MJ12bot/v1.4.8; http://mj12bot.com/)"
203.133.168.155 - - [01/Feb/2019:17:11:48 -0500] "GET /uk/74-support_uk/administrator-guide-uk/656-mitel-3300-icp-2.html HTTP/1.1" 200 33330 "-" "Mozilla/5.0 (compatible; Daum/4.1; +http://cs.daum.net/faq/15/4118.html?faqId=28966)"
46.4.67.206 - - [01/Feb/2019:17:11:50 -0500] "GET /en/forum/4-Tariscope-Enterprise--Provider/188-Re-%D0%A1%D0%BE%D0%B2%D0%BC%D0%B5%D1%81%D1%82%D0%B8%D0%BC%D0%BE%D1%81%D1%82%D1%8C-%D1%81-%D0%9A%D0%B2%D0%B0%D0%BD%D1%82-%D0%95/index.php HTTP/1.1" 302 566 "-" "Mozilla/5.0 (compatible; MJ12bot/v1.4.8; http://mj12bot.com/)"
46.4.67.206 - - [01/Feb/2019:17:11:53 -0500] "GET /en/forum/4-Tariscope-Enterprise--Provider/188-Re-%D0%A1%D0%BE%D0%B2%D0%BC%D0%B5%D1%81%D1%82%D0%B8%D0%BC%D0%BE%D1%81%D1%82%D1%8C-%D1%81-%D0%9A%D0%B2%D0%B0%D0%BD%D1%82-%D0%95/index.php?option=com_content&view=article&id=165&catid=55&lang=en&Itemid=230 HTTP/1.1" 200 5540 "-" "Mozilla/5.0 (compatible; MJ12bot/v1.4.8; http://mj12bot.com/)"
203.133.168.155 - - [01/Feb/2019:17:11:54 -0500] "GET /uk/74-support_uk/administrator-guide-uk/662-platan-pbx-server-libra-2.html HTTP/1.1" 200 32650 "-" "Mozilla/5.0 (compatible; Daum/4.1; +http://cs.daum.net/faq/15/4118.html?faqId=28966)"
203.133.168.155 - - [01/Feb/2019:17:11:59 -0500] "GET /uk/74-support_uk/administrator-guide-uk/670-telsystems-oktell-2.html HTTP/1.1" 200 32653 "-" "Mozilla/5.0 (compatible; Daum/4.1; +http://cs.daum.net/faq/15/4118.html?faqId=28966)"
203.133.168.155 - - [01/Feb/2019:17:12:05 -0500] "GET /uk/74-support_uk/administrator-guide-uk/723-backup-2.html HTTP/1.1" 200 38062 "-" "Mozilla/5.0 (compatible; Daum/4.1; +http://cs.daum.net/faq/15/4118.html?faqId=28966)"
203.133.168.155 - - [01/Feb/2019:17:12:11 -0500] "GET /uk/download/download-documentation.html HTTP/1.1" 200 31682 "-" "Mozilla/5.0 (compatible; Daum/4.1; +http://cs.daum.net/faq/15/4118.html?faqId=28966)"
46.4.67.206 - - [01/Feb/2019:17:12:12 -0500] "GET /en/forum/4-Tariscope-Enterprise--Provider/19-Re-%D0%98%D0%B7%D0%BC%D0%B5%D0%BD%D0%B5%D0%BD%D0%B8%D0%B5-%D1%82%D0%B0%D1%80%D0%B8%D1%84%D0%BE%D0%B2/index.php HTTP/1.1" 302 566 "-" "Mozilla/5.0 (compatible; MJ12bot/v1.4.8; http://mj12bot.com/)"
203.133.168.155 - - [01/Feb/2019:17:12:17 -0500] "GET /uk/support/kb.html HTTP/1.1" 200 31152 "-" "Mozilla/5.0 (compatible; Daum/4.1; +http://cs.daum.net/faq/15/4118.html?faqId=28966)"
46.4.67.206 - - [01/Feb/2019:17:12:22 -0500] "GET /en/forum/4-Tariscope-Enterprise--Provider/19-Re-%D0%98%D0%B7%D0%BC%D0%B5%D0%BD%D0%B5%D0%BD%D0%B8%D0%B5-%D1%82%D0%B0%D1%80%D0%B8%D1%84%D0%BE%D0%B2/index.php?option=com_content&view=article&id=165&catid=55&lang=en&Itemid=230 HTTP/1.1" 200 5528 "-" "Mozilla/5.0 (compatible; MJ12bot/v1.4.8; http://mj12bot.com/)"
203.133.168.155 - - [01/Feb/2019:17:12:23 -0500] "GET /en/59-support_en/admin-guide/311-payment-systems-config.html HTTP/1.1" 200 32000 "-" "Mozilla/5.0 (compatible; Daum/4.1; +http://cs.daum.net/faq/15/4118.html?faqId=28966)"
203.133.168.155 - - [01/Feb/2019:17:12:28 -0500] "GET /en/60-support_en/user-s-guide/369-grouping-function.html HTTP/1.1" 200 35035 "-" "Mozilla/5.0 (compatible; Daum/4.1; +http://cs.daum.net/faq/15/4118.html?faqId=28966)"
46.4.67.206 - - [01/Feb/2019:17:12:34 -0500] "GET /en/forum/4-Tariscope-Enterprise--Provider/20-Re-%D0%98%D0%B7%D0%BC%D0%B5%D0%BD%D0%B5%D0%BD%D0%B8%D0%B5-%D1%82%D0%B0%D1%80%D0%B8%D1%84%D0%BE%D0%B2/index.php HTTP/1.1" 302 566 "-" "Mozilla/5.0 (compatible; MJ12bot/v1.4.8; http://mj12bot.com/)"
203.133.168.155 - - [01/Feb/2019:17:12:34 -0500] "GET /en/component/search/?Itemid=177&format=opensearch HTTP/1.1" 200 1217 "-" "Mozilla/5.0 (compatible; Daum/4.1; +http://cs.daum.net/faq/15/4118.html?faqId=28966)"
46.4.67.206 - - [01/Feb/2019:17:12:43 -0500] "GET /en/forum/4-Tariscope-Enterprise--Provider/20-Re-%D0%98%D0%B7%D0%BC%D0%B5%D0%BD%D0%B5%D0%BD%D0%B8%D0%B5-%D1%82%D0%B0%D1%80%D0%B8%D1%84%D0%BE%D0%B2/index.php?option=com_content&view=article&id=165&catid=55&lang=en&Itemid=230 HTTP/1.1" 200 5529 "-" "Mozilla/5.0 (compatible; MJ12bot/v1.4.8; http://mj12bot.com/)"
203.133.168.155 - - [01/Feb/2019:17:12:50 -0500] "GET /en/component/search/?Itemid=180&catid=52&id=117&format=opensearch HTTP/1.1" 200 1241 "-" "Mozilla/5.0 (compatible; Daum/4.1; +http://cs.daum.net/faq/15/4118.html?faqId=28966)"
46.4.67.206 - - [01/Feb/2019:17:12:55 -0500] "GET /en/forum/4-Tariscope-Enterprise--Provider/213-%D0%9D%D0%B0%D1%81%D1%82%D1%80%D0%BE%D0%B9%D0%BA%D0%B0-%D0%BA%D0%BE%D0%BB%D0%BB%D0%B5%D0%BA%D1%82%D0%BE%D1%80%D0%B0-Netflow/index.php HTTP/1.1" 302 566 "-" "Mozilla/5.0 (compatible; MJ12bot/v1.4.8; http://mj12bot.com/)"
46.4.67.206 - - [01/Feb/2019:17:13:02 -0500] "GET /en/forum/4-Tariscope-Enterprise--Provider/213-%D0%9D%D0%B0%D1%81%D1%82%D1%80%D0%BE%D0%B9%D0%BA%D0%B0-%D0%BA%D0%BE%D0%BB%D0%BB%D0%B5%D0%BA%D1%82%D0%BE%D1%80%D0%B0-Netflow/index.php?option=com_content&view=article&id=165&catid=55&lang=en&Itemid=230 HTTP/1.1" 200 5539 "-" "Mozilla/5.0 (compatible; MJ12bot/v1.4.8; http://mj12bot.com/)"
46.4.67.206 - - [01/Feb/2019:17:13:07 -0500] "GET /en/forum/4-Tariscope-Enterprise--Provider/214-Re-%D0%9D%D0%B0%D1%81%D1%82%D1%80%D0%BE%D0%B9%D0%BA%D0%B0-%D0%BA%D0%BE%D0%BB%D0%BB%D0%B5%D0%BA%D1%82%D0%BE%D1%80%D0%B0-Netflow/index.php HTTP/1.1" 302 566 "-" "Mozilla/5.0 (compatible; MJ12bot/v1.4.8; http://mj12bot.com/)"
203.133.168.155 - - [01/Feb/2019:17:13:07 -0500] "GET /en/component/search/?Itemid=195&format=opensearch HTTP/1.1" 200 1217 "-" "Mozilla/5.0 (compatible; Daum/4.1; +http://cs.daum.net/faq/15/4118.html?faqId=28966)"
203.133.168.155 - - [01/Feb/2019:17:13:13 -0500] "GET /en/download-documentation/category/3-doc-tariscope-4-0-en.html HTTP/1.1" 200 26034 "-" "Mozilla/5.0 (compatible; Daum/4.1; +http://cs.daum.net/faq/15/4118.html?faqId=28966)"
46.4.67.206 - - [01/Feb/2019:17:13:16 -0500] "GET /en/forum/4-Tariscope-Enterprise--Provider/214-Re-%D0%9D%D0%B0%D1%81%D1%82%D1%80%D0%BE%D0%B9%D0%BA%D0%B0-%D0%BA%D0%BE%D0%BB%D0%BB%D0%B5%D0%BA%D1%82%D0%BE%D1%80%D0%B0-Netflow/index.php?option=com_content&view=article&id=165&catid=55&lang=en&Itemid=230 HTTP/1.1" 200 5542 "-" "Mozilla/5.0 (compatible; MJ12bot/v1.4.8; http://mj12bot.com/)"
203.133.168.155 - - [01/Feb/2019:17:13:18 -0500] "GET /en/download/download-documentation/file/5-tariscope-3-5-user-s-guide.html?tmpl=component HTTP/1.1" 200 4546 "-" "Mozilla/5.0 (compatible; Daum/4.1; +http://cs.daum.net/faq/15/4118.html?faqId=28966)"
203.133.168.155 - - [01/Feb/2019:17:13:24 -0500] "GET /en/news.html?limitstart=0 HTTP/1.1" 200 33680 "-" "Mozilla/5.0 (compatible; Daum/4.1; +http://cs.daum.net/faq/15/4118.html?faqId=28966)"
203.133.168.155 - - [01/Feb/2019:17:13:30 -0500] "GET /en/news/64-innovations-in-tariscope-40.html HTTP/1.1" 200 38133 "-" "Mozilla/5.0 (compatible; Daum/4.1; +http://cs.daum.net/faq/15/4118.html?faqId=28966)"
46.4.67.206 - - [01/Feb/2019:17:13:32 -0500] "GET /en/forum/4-Tariscope-Enterprise--Provider/215-%D0%9F%D0%BE%D0%BB%D1%8F-%D0%BF%D1%80%D0%B5%D0%B4%D1%81%D1%82%D0%B0%D0%B2%D0%BB%D0%B5%D0%BD%D0%B8%D1%8F-%D0%B8-flow-version5.html HTTP/1.1" 200 8831 "-" "Mozilla/5.0 (compatible; MJ12bot/v1.4.8; http://mj12bot.com/)"
203.133.168.155 - - [01/Feb/2019:17:13:36 -0500] "GET /en/solutions/52-products_en/features-en/527-ts-and-3cx-phone-system.html HTTP/1.1" 200 28457 "-" "Mozilla/5.0 (compatible; Daum/4.1; +http://cs.daum.net/faq/15/4118.html?faqId=28966)"
46.4.67.206 - - [01/Feb/2019:17:13:37 -0500] "GET /en/forum/4-Tariscope-Enterprise--Provider/215-%D0%9F%D0%BE%D0%BB%D1%8F-%D0%BF%D1%80%D0%B5%D0%B4%D1%81%D1%82%D0%B0%D0%B2%D0%BB%D0%B5%D0%BD%D0%B8%D1%8F-%D0%B8-flow-version5/index.php HTTP/1.1" 302 566 "-" "Mozilla/5.0 (compatible; MJ12bot/v1.4.8; http://mj12bot.com/)"
203.133.168.155 - - [01/Feb/2019:17:13:42 -0500] "GET /en/support/kb/58-support_en/ts-equipment-en/214-processing-cdr-from-cucm.html HTTP/1.1" 200 55201 "-" "Mozilla/5.0 (compatible; Daum/4.1; +http://cs.daum.net/faq/15/4118.html?faqId=28966)"
46.4.67.206 - - [01/Feb/2019:17:13:48 -0500] "GET /en/forum/4-Tariscope-Enterprise--Provider/215-%D0%9F%D0%BE%D0%BB%D1%8F-%D0%BF%D1%80%D0%B5%D0%B4%D1%81%D1%82%D0%B0%D0%B2%D0%BB%D0%B5%D0%BD%D0%B8%D1%8F-%D0%B8-flow-version5/index.php?option=com_content&view=article&id=165&catid=55&lang=en&Itemid=230 HTTP/1.1" 200 5546 "-" "Mozilla/5.0 (compatible; MJ12bot/v1.4.8; http://mj12bot.com/)"
203.133.168.155 - - [01/Feb/2019:17:13:48 -0500] "GET /en/support/kb/59-support_en/admin-guide/210-tariscope-personal-area-installation.html HTTP/1.1" 200 32365 "-" "Mozilla/5.0 (compatible; Daum/4.1; +http://cs.daum.net/faq/15/4118.html?faqId=28966)"
