109.87.108.165 - - [01/Feb/2019:13:41:59 -0500] "GET /components/com_jce/editor/tiny_mce/plugins/textcase/editor_plugin.js?6feabfb02483b0c31a862c355837ad12=1&component_id=22 HTTP/1.1" 200 1135 "http://tariscope.com/administrator/index.php?option=com_content&view=article&layout=edit&id=80" "Mozilla/5.0 (Windows NT 10.0; Win64; x64) AppleWebKit/537.36 (KHTML, like Gecko) Chrome/70.0.3538.102 Safari/537.36 OPR/57.0.3098.116"
109.87.108.165 - - [01/Feb/2019:13:41:59 -0500] "GET /components/com_jce/editor/tiny_mce/plugins/print/editor_plugin.js?6feabfb02483b0c31a862c355837ad12=1&component_id=22 HTTP/1.1" 200 781 "http://tariscope.com/administrator/index.php?option=com_content&view=article&layout=edit&id=80" "Mozilla/5.0 (Windows NT 10.0; Win64; x64) AppleWebKit/537.36 (KHTML, like Gecko) Chrome/70.0.3538.102 Safari/537.36 OPR/57.0.3098.116"
109.87.108.165 - - [01/Feb/2019:13:41:59 -0500] "GET /components/com_jce/editor/tiny_mce/plugins/style/editor_plugin.js?6feabfb02483b0c31a862c355837ad12=1&component_id=22 HTTP/1.1" 200 1161 "http://tariscope.com/administrator/index.php?option=com_content&view=article&layout=edit&id=80" "Mozilla/5.0 (Windows NT 10.0; Win64; x64) AppleWebKit/537.36 (KHTML, like Gecko) Chrome/70.0.3538.102 Safari/537.36 OPR/57.0.3098.116"
109.87.108.165 - - [01/Feb/2019:13:41:59 -0500] "GET /components/com_jce/editor/tiny_mce/plugins/nonbreaking/editor_plugin.js?6feabfb02483b0c31a862c355837ad12=1&component_id=22 HTTP/1.1" 200 978 "http://tariscope.com/administrator/index.php?option=com_content&view=article&layout=edit&id=80" "Mozilla/5.0 (Windows NT 10.0; Win64; x64) AppleWebKit/537.36 (KHTML, like Gecko) Chrome/70.0.3538.102 Safari/537.36 OPR/57.0.3098.116"
109.87.108.165 - - [01/Feb/2019:13:41:59 -0500] "GET /components/com_jce/editor/tiny_mce/plugins/visualblocks/editor_plugin.js?6feabfb02483b0c31a862c355837ad12=1&component_id=22 HTTP/1.1" 200 1131 "http://tariscope.com/administrator/index.php?option=com_content&view=article&layout=edit&id=80" "Mozilla/5.0 (Windows NT 10.0; Win64; x64) AppleWebKit/537.36 (KHTML, like Gecko) Chrome/70.0.3538.102 Safari/537.36 OPR/57.0.3098.116"
109.87.108.165 - - [01/Feb/2019:13:41:59 -0500] "GET /components/com_jce/editor/tiny_mce/plugins/visualchars/editor_plugin.js?6feabfb02483b0c31a862c355837ad12=1&component_id=22 HTTP/1.1" 200 1387 "http://tariscope.com/administrator/index.php?option=com_content&view=article&layout=edit&id=80" "Mozilla/5.0 (Windows NT 10.0; Win64; x64) AppleWebKit/537.36 (KHTML, like Gecko) Chrome/70.0.3538.102 Safari/537.36 OPR/57.0.3098.116"
109.87.108.165 - - [01/Feb/2019:13:41:59 -0500] "GET /components/com_jce/editor/tiny_mce/plugins/directionality/editor_plugin.js?6feabfb02483b0c31a862c355837ad12=1&component_id=22 HTTP/1.1" 200 1085 "http://tariscope.com/administrator/index.php?option=com_content&view=article&layout=edit&id=80" "Mozilla/5.0 (Windows NT 10.0; Win64; x64) AppleWebKit/537.36 (KHTML, like Gecko) Chrome/70.0.3538.102 Safari/537.36 OPR/57.0.3098.116"
109.87.108.165 - - [01/Feb/2019:13:42:00 -0500] "GET /components/com_jce/editor/tiny_mce/plugins/xhtmlxtras/editor_plugin.js?6feabfb02483b0c31a862c355837ad12=1&component_id=22 HTTP/1.1" 200 1512 "http://tariscope.com/administrator/index.php?option=com_content&view=article&layout=edit&id=80" "Mozilla/5.0 (Windows NT 10.0; Win64; x64) AppleWebKit/537.36 (KHTML, like Gecko) Chrome/70.0.3538.102 Safari/537.36 OPR/57.0.3098.116"
109.87.108.165 - - [01/Feb/2019:13:42:00 -0500] "GET /components/com_jce/editor/tiny_mce/plugins/imgmanager/editor_plugin.js?6feabfb02483b0c31a862c355837ad12=1&component_id=22 HTTP/1.1" 200 1439 "http://tariscope.com/administrator/index.php?option=com_content&view=article&layout=edit&id=80" "Mozilla/5.0 (Windows NT 10.0; Win64; x64) AppleWebKit/537.36 (KHTML, like Gecko) Chrome/70.0.3538.102 Safari/537.36 OPR/57.0.3098.116"
109.87.108.165 - - [01/Feb/2019:13:42:00 -0500] "GET /components/com_jce/editor/tiny_mce/plugins/anchor/editor_plugin.js?6feabfb02483b0c31a862c355837ad12=1&component_id=22 HTTP/1.1" 200 2318 "http://tariscope.com/administrator/index.php?option=com_content&view=article&layout=edit&id=80" "Mozilla/5.0 (Windows NT 10.0; Win64; x64) AppleWebKit/537.36 (KHTML, like Gecko) Chrome/70.0.3538.102 Safari/537.36 OPR/57.0.3098.116"
109.87.108.165 - - [01/Feb/2019:13:42:00 -0500] "GET /components/com_jce/editor/tiny_mce/plugins/link/editor_plugin.js?6feabfb02483b0c31a862c355837ad12=1&component_id=22 HTTP/1.1" 200 1252 "http://tariscope.com/administrator/index.php?option=com_content&view=article&layout=edit&id=80" "Mozilla/5.0 (Windows NT 10.0; Win64; x64) AppleWebKit/537.36 (KHTML, like Gecko) Chrome/70.0.3538.102 Safari/537.36 OPR/57.0.3098.116"
109.87.108.165 - - [01/Feb/2019:13:42:00 -0500] "GET /components/com_jce/editor/tiny_mce/plugins/spellchecker/editor_plugin.js?6feabfb02483b0c31a862c355837ad12=1&component_id=22 HTTP/1.1" 200 3679 "http://tariscope.com/administrator/index.php?option=com_content&view=article&layout=edit&id=80" "Mozilla/5.0 (Windows NT 10.0; Win64; x64) AppleWebKit/537.36 (KHTML, like Gecko) Chrome/70.0.3538.102 Safari/537.36 OPR/57.0.3098.116"
109.87.108.165 - - [01/Feb/2019:13:42:00 -0500] "GET /components/com_jce/editor/tiny_mce/plugins/article/editor_plugin.js?6feabfb02483b0c31a862c355837ad12=1&component_id=22 HTTP/1.1" 200 3089 "http://tariscope.com/administrator/index.php?option=com_content&view=article&layout=edit&id=80" "Mozilla/5.0 (Windows NT 10.0; Win64; x64) AppleWebKit/537.36 (KHTML, like Gecko) Chrome/70.0.3538.102 Safari/537.36 OPR/57.0.3098.116"
109.87.108.165 - - [01/Feb/2019:13:42:00 -0500] "GET /components/com_jce/editor/tiny_mce/plugins/lists/editor_plugin.js?6feabfb02483b0c31a862c355837ad12=1&component_id=22 HTTP/1.1" 200 3955 "http://tariscope.com/administrator/index.php?option=com_content&view=article&layout=edit&id=80" "Mozilla/5.0 (Windows NT 10.0; Win64; x64) AppleWebKit/537.36 (KHTML, like Gecko) Chrome/70.0.3538.102 Safari/537.36 OPR/57.0.3098.116"
109.87.108.165 - - [01/Feb/2019:13:42:00 -0500] "GET /components/com_jce/editor/tiny_mce/plugins/formatselect/editor_plugin.js?6feabfb02483b0c31a862c355837ad12=1&component_id=22 HTTP/1.1" 200 1169 "http://tariscope.com/administrator/index.php?option=com_content&view=article&layout=edit&id=80" "Mozilla/5.0 (Windows NT 10.0; Win64; x64) AppleWebKit/537.36 (KHTML, like Gecko) Chrome/70.0.3538.102 Safari/537.36 OPR/57.0.3098.116"
109.87.108.165 - - [01/Feb/2019:13:42:00 -0500] "GET /components/com_jce/editor/tiny_mce/plugins/styleselect/editor_plugin.js?6feabfb02483b0c31a862c355837ad12=1&component_id=22 HTTP/1.1" 200 1363 "http://tariscope.com/administrator/index.php?option=com_content&view=article&layout=edit&id=80" "Mozilla/5.0 (Windows NT 10.0; Win64; x64) AppleWebKit/537.36 (KHTML, like Gecko) Chrome/70.0.3538.102 Safari/537.36 OPR/57.0.3098.116"
109.87.108.165 - - [01/Feb/2019:13:42:00 -0500] "GET /components/com_jce/editor/tiny_mce/plugins/fontselect/editor_plugin.js?6feabfb02483b0c31a862c355837ad12=1&component_id=22 HTTP/1.1" 200 1411 "http://tariscope.com/administrator/index.php?option=com_content&view=article&layout=edit&id=80" "Mozilla/5.0 (Windows NT 10.0; Win64; x64) AppleWebKit/537.36 (KHTML, like Gecko) Chrome/70.0.3538.102 Safari/537.36 OPR/57.0.3098.116"
109.87.108.165 - - [01/Feb/2019:13:42:00 -0500] "GET /components/com_jce/editor/tiny_mce/plugins/fontsizeselect/editor_plugin.js?6feabfb02483b0c31a862c355837ad12=1&component_id=22 HTTP/1.1" 200 1553 "http://tariscope.com/administrator/index.php?option=com_content&view=article&layout=edit&id=80" "Mozilla/5.0 (Windows NT 10.0; Win64; x64) AppleWebKit/537.36 (KHTML, like Gecko) Chrome/70.0.3538.102 Safari/537.36 OPR/57.0.3098.116"
109.87.108.165 - - [01/Feb/2019:13:42:00 -0500] "GET /components/com_jce/editor/tiny_mce/plugins/fontcolor/editor_plugin.js?6feabfb02483b0c31a862c355837ad12=1&component_id=22 HTTP/1.1" 200 1132 "http://tariscope.com/administrator/index.php?option=com_content&view=article&layout=edit&id=80" "Mozilla/5.0 (Windows NT 10.0; Win64; x64) AppleWebKit/537.36 (KHTML, like Gecko) Chrome/70.0.3538.102 Safari/537.36 OPR/57.0.3098.116"
109.87.108.165 - - [01/Feb/2019:13:42:00 -0500] "GET /components/com_jce/editor/tiny_mce/plugins/hr/editor_plugin.js?6feabfb02483b0c31a862c355837ad12=1&component_id=22 HTTP/1.1" 200 1539 "http://tariscope.com/administrator/index.php?option=com_content&view=article&layout=edit&id=80" "Mozilla/5.0 (Windows NT 10.0; Win64; x64) AppleWebKit/537.36 (KHTML, like Gecko) Chrome/70.0.3538.102 Safari/537.36 OPR/57.0.3098.116"
109.87.108.165 - - [01/Feb/2019:13:42:00 -0500] "GET /components/com_jce/editor/tiny_mce/plugins/importcss/editor_plugin.js?6feabfb02483b0c31a862c355837ad12=1&component_id=22 HTTP/1.1" 200 2143 "http://tariscope.com/administrator/index.php?option=com_content&view=article&layout=edit&id=80" "Mozilla/5.0 (Windows NT 10.0; Win64; x64) AppleWebKit/537.36 (KHTML, like Gecko) Chrome/70.0.3538.102 Safari/537.36 OPR/57.0.3098.116"
109.87.108.165 - - [01/Feb/2019:13:42:00 -0500] "GET /components/com_jce/editor/tiny_mce/plugins/advlist/editor_plugin.js?6feabfb02483b0c31a862c355837ad12=1&component_id=22 HTTP/1.1" 200 1742 "http://tariscope.com/administrator/index.php?option=com_content&view=article&layout=edit&id=80" "Mozilla/5.0 (Windows NT 10.0; Win64; x64) AppleWebKit/537.36 (KHTML, like Gecko) Chrome/70.0.3538.102 Safari/537.36 OPR/57.0.3098.116"
109.87.108.165 - - [01/Feb/2019:13:42:00 -0500] "GET /components/com_jce/editor/tiny_mce/plugins/wordcount/editor_plugin.js?6feabfb02483b0c31a862c355837ad12=1&component_id=22 HTTP/1.1" 200 1444 "http://tariscope.com/administrator/index.php?option=com_content&view=article&layout=edit&id=80" "Mozilla/5.0 (Windows NT 10.0; Win64; x64) AppleWebKit/537.36 (KHTML, like Gecko) Chrome/70.0.3538.102 Safari/537.36 OPR/57.0.3098.116"
109.87.108.165 - - [01/Feb/2019:13:42:00 -0500] "GET /components/com_jce/editor/tiny_mce/themes/advanced/skins/default/ui.css?6feabfb02483b0c31a862c355837ad12=1&component_id=22 HTTP/1.1" 200 4152 "http://tariscope.com/administrator/index.php?option=com_content&view=article&layout=edit&id=80" "Mozilla/5.0 (Windows NT 10.0; Win64; x64) AppleWebKit/537.36 (KHTML, like Gecko) Chrome/70.0.3538.102 Safari/537.36 OPR/57.0.3098.116"
109.87.108.165 - - [01/Feb/2019:13:42:00 -0500] "GET /components/com_jce/editor/tiny_mce/plugins/inlinepopups/css/dialog.css?6feabfb02483b0c31a862c355837ad12=1&component_id=22 HTTP/1.1" 200 907 "http://tariscope.com/administrator/index.php?option=com_content&view=article&layout=edit&id=80" "Mozilla/5.0 (Windows NT 10.0; Win64; x64) AppleWebKit/537.36 (KHTML, like Gecko) Chrome/70.0.3538.102 Safari/537.36 OPR/57.0.3098.116"
109.87.108.165 - - [01/Feb/2019:13:42:00 -0500] "GET /components/com_jce/editor/tiny_mce/plugins/upload/css/content.css?6feabfb02483b0c31a862c355837ad12=1&component_id=22 HTTP/1.1" 200 822 "http://tariscope.com/administrator/index.php?option=com_content&view=article&layout=edit&id=80" "Mozilla/5.0 (Windows NT 10.0; Win64; x64) AppleWebKit/537.36 (KHTML, like Gecko) Chrome/70.0.3538.102 Safari/537.36 OPR/57.0.3098.116"
109.87.108.165 - - [01/Feb/2019:13:42:00 -0500] "GET /components/com_jce/editor/tiny_mce/plugins/code/css/content.css?6feabfb02483b0c31a862c355837ad12=1&component_id=22 HTTP/1.1" 200 809 "http://tariscope.com/administrator/index.php?option=com_content&view=article&layout=edit&id=80" "Mozilla/5.0 (Windows NT 10.0; Win64; x64) AppleWebKit/537.36 (KHTML, like Gecko) Chrome/70.0.3538.102 Safari/537.36 OPR/57.0.3098.116"
109.87.108.165 - - [01/Feb/2019:13:42:00 -0500] "GET /components/com_jce/editor/tiny_mce/plugins/media/css/content.css?6feabfb02483b0c31a862c355837ad12=1&component_id=22 HTTP/1.1" 200 904 "http://tariscope.com/administrator/index.php?option=com_content&view=article&layout=edit&id=80" "Mozilla/5.0 (Windows NT 10.0; Win64; x64) AppleWebKit/537.36 (KHTML, like Gecko) Chrome/70.0.3538.102 Safari/537.36 OPR/57.0.3098.116"
109.87.108.165 - - [01/Feb/2019:13:42:00 -0500] "GET /components/com_jce/editor/tiny_mce/plugins/anchor/css/content.css?6feabfb02483b0c31a862c355837ad12=1&component_id=22 HTTP/1.1" 200 763 "http://tariscope.com/administrator/index.php?option=com_content&view=article&layout=edit&id=80" "Mozilla/5.0 (Windows NT 10.0; Win64; x64) AppleWebKit/537.36 (KHTML, like Gecko) Chrome/70.0.3538.102 Safari/537.36 OPR/57.0.3098.116"
109.87.108.165 - - [01/Feb/2019:13:42:00 -0500] "GET /components/com_jce/editor/tiny_mce/plugins/article/css/content.css?6feabfb02483b0c31a862c355837ad12=1&component_id=22 HTTP/1.1" 200 835 "http://tariscope.com/administrator/index.php?option=com_content&view=article&layout=edit&id=80" "Mozilla/5.0 (Windows NT 10.0; Win64; x64) AppleWebKit/537.36 (KHTML, like Gecko) Chrome/70.0.3538.102 Safari/537.36 OPR/57.0.3098.116"
54.36.149.35 - - [01/Feb/2019:13:42:08 -0500] "GET /uk/75-support_uk/user-s-guide/768-records-deletion-2.html HTTP/1.1" 200 8390 "-" "Mozilla/5.0 (compatible; AhrefsBot/6.1; +http://ahrefs.com/robot/)"
5.196.87.34 - - [01/Feb/2019:13:43:15 -0500] "GET /ru/forum/5-Tariscope-2%D1%85/185-CDR-Observer-%D0%BF%D0%B0%D1%80%D0%B0%D0%BC%D0%B5%D1%82%D1%80/post.html?do=quote HTTP/1.1" 302 566 "-" "Mozilla/5.0 (compatible; AhrefsBot/6.1; +http://ahrefs.com/robot/)"
54.36.148.80 - - [01/Feb/2019:13:44:52 -0500] "GET /uk/75-support_uk/user-s-guide/752-search-for-info-bookmarks-uk.html HTTP/1.1" 200 10118 "-" "Mozilla/5.0 (compatible; AhrefsBot/6.1; +http://ahrefs.com/robot/)"
46.229.168.136 - - [01/Feb/2019:13:47:45 -0500] "GET /ru/53-products_ru/features_ru/394-comparison-of-editions.html HTTP/1.1" 200 9084 "-" "Mozilla/5.0 (compatible; SemrushBot/3~bl; +http://www.semrush.com/bot.html)"
46.229.168.151 - - [01/Feb/2019:13:47:58 -0500] "GET /en/downloads/44-company_en/partners/84-swaziland.html HTTP/1.1" 200 4491 "-" "Mozilla/5.0 (compatible; SemrushBot/3~bl; +http://www.semrush.com/bot.html)"
178.150.235.9 - admin [01/Feb/2019:13:49:23 -0500] "POST /administrator/index.php?option=com_templates&layout=edit&id=14 HTTP/1.1" 303 462 "http://tariscope.com/administrator/index.php?option=com_templates&view=style&layout=edit&id=14" "Mozilla/5.0 (Windows NT 10.0; Win64; x64) AppleWebKit/537.36 (KHTML, like Gecko) Chrome/71.0.3578.98 Safari/537.36"
178.150.235.9 - admin [01/Feb/2019:13:49:24 -0500] "GET /administrator/index.php?option=com_templates&view=styles HTTP/1.1" 200 10527 "http://tariscope.com/administrator/index.php?option=com_templates&view=style&layout=edit&id=14" "Mozilla/5.0 (Windows NT 10.0; Win64; x64) AppleWebKit/537.36 (KHTML, like Gecko) Chrome/71.0.3578.98 Safari/537.36"
178.150.235.9 - admin [01/Feb/2019:13:49:27 -0500] "GET /administrator/index.php?option=com_login&task=logout&1848ac7d5128648e05ada909ca7c41ea=1 HTTP/1.1" 303 570 "http://tariscope.com/administrator/index.php?option=com_templates&view=styles" "Mozilla/5.0 (Windows NT 10.0; Win64; x64) AppleWebKit/537.36 (KHTML, like Gecko) Chrome/71.0.3578.98 Safari/537.36"
178.150.235.9 - admin [01/Feb/2019:13:49:27 -0500] "GET /administrator/index.php HTTP/1.1" 200 3319 "http://tariscope.com/administrator/index.php?option=com_templates&view=styles" "Mozilla/5.0 (Windows NT 10.0; Win64; x64) AppleWebKit/537.36 (KHTML, like Gecko) Chrome/71.0.3578.98 Safari/537.36"
54.36.148.234 - - [01/Feb/2019:13:51:18 -0500] "GET /uk/75-support_uk/user-s-guide/756-sql-queries-uk.html HTTP/1.1" 200 13136 "-" "Mozilla/5.0 (compatible; AhrefsBot/6.1; +http://ahrefs.com/robot/)"
157.55.39.103 - - [01/Feb/2019:13:51:57 -0500] "GET /en/support/kb/59-support_en/admin-guide/259-cdr-mitel-sx2000-3300-icp.html HTTP/1.1" 200 7210 "-" "Mozilla/5.0 (compatible; bingbot/2.0; +http://www.bing.com/bingbot.htm)"
46.229.168.135 - - [01/Feb/2019:13:52:02 -0500] "GET /en/52-products_en/features-en/117-subscriber-management.html HTTP/1.1" 200 8916 "-" "Mozilla/5.0 (compatible; SemrushBot/3~bl; +http://www.semrush.com/bot.html)"
173.212.242.197 - - [01/Feb/2019:13:55:46 -0500] "GET /robots.txt HTTP/1.1" 200 757 "-" "Mozilla/5.0 (compatible; MJ12bot/v1.4.8; http://mj12bot.com/)"
109.87.108.165 - admin [01/Feb/2019:13:55:50 -0500] "POST /administrator/index.php?option=com_templates&layout=edit&id=14 HTTP/1.1" 303 462 "http://tariscope.com/administrator/index.php?option=com_templates&view=style&layout=edit&id=14" "Mozilla/5.0 (Windows NT 10.0; Win64; x64) AppleWebKit/537.36 (KHTML, like Gecko) Chrome/70.0.3538.102 Safari/537.36 OPR/57.0.3098.116"
109.87.108.165 - admin [01/Feb/2019:13:55:50 -0500] "GET /administrator/index.php?option=com_templates&view=styles HTTP/1.1" 200 11234 "http://tariscope.com/administrator/index.php?option=com_templates&view=style&layout=edit&id=14" "Mozilla/5.0 (Windows NT 10.0; Win64; x64) AppleWebKit/537.36 (KHTML, like Gecko) Chrome/70.0.3538.102 Safari/537.36 OPR/57.0.3098.116"
54.36.148.61 - - [01/Feb/2019:13:55:53 -0500] "GET /ru/component/content/category/11.html HTTP/1.1" 200 9888 "-" "Mozilla/5.0 (compatible; AhrefsBot/6.1; +http://ahrefs.com/robot/)"
173.212.242.197 - - [01/Feb/2019:13:55:58 -0500] "GET /en/component/search/?searchword=%D0%BC%D0%B0%D1%80%D1%88%D1%80%D1%83%D1%82%D0%B8%D0%B7%D0%B0%D1%86%D0%B8%D1%8F%20%D0%B2%D1%8B%D0%B7%D0%BE%D0%B2%D0%BE%D0%B2&submit=Search&searchphrase=any&ordering=newest HTTP/1.1" 200 20339 "-" "Mozilla/5.0 (compatible; MJ12bot/v1.4.8; http://mj12bot.com/)"
173.212.242.197 - - [01/Feb/2019:13:56:04 -0500] "GET /en/component/search/?searchword=%D0%BD%D0%B0%D1%81%D1%82%D1%80%D0%BE%D0%B9%D0%BA%D0%B0%20Tariscope&submit=Search&searchphrase=any&ordering=newest HTTP/1.1" 200 7803 "-" "Mozilla/5.0 (compatible; MJ12bot/v1.4.8; http://mj12bot.com/)"
173.212.242.197 - - [01/Feb/2019:13:56:08 -0500] "GET /en/component/search/?searchword=%D0%BE%D0%BF%D0%B5%D1%80%D0%B0%D1%82%D0%BE%D1%80%20%D1%81%D0%B2%D1%8F%D0%B7%D0%B8&submit=Search&searchphrase=any&ordering=newest HTTP/1.1" 200 5387 "-" "Mozilla/5.0 (compatible; MJ12bot/v1.4.8; http://mj12bot.com/)"
173.212.242.197 - - [01/Feb/2019:13:56:20 -0500] "GET /en/component/search/?searchword=%D0%BE%D0%BF%D1%82%D0%B8%D0%BC%D0%B8%D0%B7%D0%B0%D1%86%D0%B8%D1%8F%20%D0%B7%D0%B0%D1%82%D1%80%D0%B0%D1%82&submit=Search&searchphrase=any&ordering=newest HTTP/1.1" 200 5415 "-" "Mozilla/5.0 (compatible; MJ12bot/v1.4.8; http://mj12bot.com/)"
173.212.242.197 - - [01/Feb/2019:13:56:25 -0500] "GET /en/component/search/?searchword=%D0%BE%D1%81%D0%BD%D0%BE%D0%B2%D0%BD%D0%B0%D1%8F%20%D0%B2%D0%B0%D0%BB%D1%8E%D1%82%D0%B0&submit=Search&searchphrase=any&ordering=newest HTTP/1.1" 200 5397 "-" "Mozilla/5.0 (compatible; MJ12bot/v1.4.8; http://mj12bot.com/)"
109.87.108.165 - admin [01/Feb/2019:13:56:31 -0500] "GET /administrator/index.php?option=com_templates&view=styles HTTP/1.1" 200 11235 "http://tariscope.com/administrator/index.php?option=com_templates&view=styles" "Mozilla/5.0 (Windows NT 10.0; Win64; x64) AppleWebKit/537.36 (KHTML, like Gecko) Chrome/70.0.3538.102 Safari/537.36 OPR/57.0.3098.116"
173.212.242.197 - - [01/Feb/2019:13:56:37 -0500] "GET /en/component/search/?searchword=%D0%BE%D1%82%D0%BE%D0%B1%D1%80%D0%B0%D0%B7%D0%B8%D1%82%D1%8C%20%D0%BF%D0%BE%D0%BB%D0%B5&submit=Search&searchphrase=any&ordering=newest HTTP/1.1" 200 5402 "-" "Mozilla/5.0 (compatible; MJ12bot/v1.4.8; http://mj12bot.com/)"
109.87.108.165 - admin [01/Feb/2019:13:56:46 -0500] "GET /administrator/index.php?option=com_templates&task=style.edit&id=14 HTTP/1.1" 303 479 "http://tariscope.com/administrator/index.php?option=com_templates&view=styles" "Mozilla/5.0 (Windows NT 10.0; Win64; x64) AppleWebKit/537.36 (KHTML, like Gecko) Chrome/70.0.3538.102 Safari/537.36 OPR/57.0.3098.116"
109.87.108.165 - admin [01/Feb/2019:13:56:46 -0500] "GET /administrator/index.php?option=com_templates&view=style&layout=edit&id=14 HTTP/1.1" 200 14088 "http://tariscope.com/administrator/index.php?option=com_templates&view=styles" "Mozilla/5.0 (Windows NT 10.0; Win64; x64) AppleWebKit/537.36 (KHTML, like Gecko) Chrome/70.0.3538.102 Safari/537.36 OPR/57.0.3098.116"
173.212.242.197 - - [01/Feb/2019:13:56:51 -0500] "GET /en/component/search/?searchword=%D0%BE%D1%87%D0%B8%D1%81%D1%82%D0%BA%D0%B0%20%D0%BD%D0%B0%D1%87%D0%B8%D1%81%D0%BB%D0%B5%D0%BD%D0%B8%D0%B9&submit=Search&searchphrase=any&ordering=newest HTTP/1.1" 200 5415 "-" "Mozilla/5.0 (compatible; MJ12bot/v1.4.8; http://mj12bot.com/)"
157.55.39.156 - - [01/Feb/2019:13:56:54 -0500] "GET /en/support/kb/59-support_en/admin-guide/251-cdr-iskratel-si3000.html HTTP/1.1" 200 7377 "-" "Mozilla/5.0 (compatible; bingbot/2.0; +http://www.bing.com/bingbot.htm)"
173.212.242.197 - - [01/Feb/2019:13:57:00 -0500] "GET /en/component/search/?searchword=%D0%BF%D0%B5%D1%80%D0%B8%D0%BE%D0%B4%D0%B8%D1%87%D0%B5%D1%81%D0%BA%D0%B8%D0%B5%20%D1%83%D1%81%D0%BB%D1%83%D0%B3%D0%B8&submit=Search&searchphrase=any&ordering=newest HTTP/1.1" 200 5427 "-" "Mozilla/5.0 (compatible; MJ12bot/v1.4.8; http://mj12bot.com/)"
173.212.242.197 - - [01/Feb/2019:13:57:09 -0500] "GET /en/component/search/?searchword=%D0%BF%D0%B5%D1%80%D0%B8%D0%BE%D0%B4%20%D0%B2%D1%80%D0%B5%D0%BC%D0%B5%D0%BD%D0%B8&submit=Search&searchphrase=any&ordering=newest HTTP/1.1" 200 5399 "-" "Mozilla/5.0 (compatible; MJ12bot/v1.4.8; http://mj12bot.com/)"
173.212.242.197 - - [01/Feb/2019:13:57:13 -0500] "GET /en/component/search/?searchword=%D0%BF%D0%B5%D1%80%D1%81%D0%BE%D0%BD%D0%B0%D0%BB%D1%8C%D0%BD%D1%8B%D0%B9%20%D0%BA%D0%B0%D0%B1%D0%B8%D0%BD%D0%B5%D1%82&submit=Search&searchphrase=any&ordering=newest HTTP/1.1" 200 5430 "-" "Mozilla/5.0 (compatible; MJ12bot/v1.4.8; http://mj12bot.com/)"
173.212.242.197 - - [01/Feb/2019:13:57:17 -0500] "GET /en/component/search/?searchword=%D0%BF%D0%BB%D0%B0%D0%BD%D0%B8%D1%80%D0%BE%D0%B2%D1%89%D0%B8%D0%BA%20Tariscope&submit=Search&searchphrase=any&ordering=newest HTTP/1.1" 200 7802 "-" "Mozilla/5.0 (compatible; MJ12bot/v1.4.8; http://mj12bot.com/)"
173.212.242.197 - - [01/Feb/2019:13:57:31 -0500] "GET /en/component/search/?searchword=%D0%BF%D0%BB%D0%B0%D1%82%D0%B5%D0%B6%D0%BD%D1%8B%D0%B5%20%D0%BA%D0%B0%D1%80%D1%82%D0%BE%D1%87%D0%BA%D0%B8&submit=Search&searchphrase=any&ordering=newest HTTP/1.1" 200 5416 "-" "Mozilla/5.0 (compatible; MJ12bot/v1.4.8; http://mj12bot.com/)"
173.212.242.197 - - [01/Feb/2019:13:57:48 -0500] "GET /en/forum/4-Tariscope-Enterprise--Provider/222-Re-Avaya-%D0%B8-Tariscope/index.php HTTP/1.1" 302 566 "-" "Mozilla/5.0 (compatible; MJ12bot/v1.4.8; http://mj12bot.com/)"
173.212.242.197 - - [01/Feb/2019:13:57:51 -0500] "GET /en/forum/4-Tariscope-Enterprise--Provider/222-Re-Avaya-%D0%B8-Tariscope/index.php?option=com_content&view=article&id=165&catid=55&lang=en&Itemid=230 HTTP/1.1" 200 5563 "-" "Mozilla/5.0 (compatible; MJ12bot/v1.4.8; http://mj12bot.com/)"
173.212.242.197 - - [01/Feb/2019:13:57:58 -0500] "GET /en/forum/4-Tariscope-Enterprise--Provider/223-Re-%D0%9D%D0%BE%D0%BC%D0%B5%D1%80%D0%B0-%D0%B8-%D0%BA%D0%BE%D0%B4%D1%8B/index.php HTTP/1.1" 302 566 "-" "Mozilla/5.0 (compatible; MJ12bot/v1.4.8; http://mj12bot.com/)"
173.212.242.197 - - [01/Feb/2019:13:58:02 -0500] "GET /en/forum/4-Tariscope-Enterprise--Provider/223-Re-%D0%9D%D0%BE%D0%BC%D0%B5%D1%80%D0%B0-%D0%B8-%D0%BA%D0%BE%D0%B4%D1%8B/index.php?option=com_content&view=article&id=165&catid=55&lang=en&Itemid=230 HTTP/1.1" 200 5524 "-" "Mozilla/5.0 (compatible; MJ12bot/v1.4.8; http://mj12bot.com/)"
173.212.242.197 - - [01/Feb/2019:13:58:06 -0500] "GET /en/forum/4-Tariscope-Enterprise--Provider/224-Re-%D0%9F%D0%BE%D0%BB%D1%8F-%D0%BF%D1%80%D0%B5%D0%B4%D1%81%D1%82%D0%B0%D0%B2%D0%BB%D0%B5%D0%BD%D0%B8%D1%8F-%D0%B2%D1%8B%D0%B7%D0%BE%D0%B2%D0%BE%D0%B2/index.php HTTP/1.1" 302 566 "-" "Mozilla/5.0 (compatible; MJ12bot/v1.4.8; http://mj12bot.com/)"
173.212.242.197 - - [01/Feb/2019:13:58:12 -0500] "GET /en/forum/4-Tariscope-Enterprise--Provider/224-Re-%D0%9F%D0%BE%D0%BB%D1%8F-%D0%BF%D1%80%D0%B5%D0%B4%D1%81%D1%82%D0%B0%D0%B2%D0%BB%D0%B5%D0%BD%D0%B8%D1%8F-%D0%B2%D1%8B%D0%B7%D0%BE%D0%B2%D0%BE%D0%B2/index.php?option=com_content&view=article&id=165&catid=55&lang=en&Itemid=230 HTTP/1.1" 200 5548 "-" "Mozilla/5.0 (compatible; MJ12bot/v1.4.8; http://mj12bot.com/)"
193.0.179.93 - - [01/Feb/2019:13:58:15 -0500] "GET /uk/forum/ HTTP/1.0" 301 511 "http://www.tariscope.com/uk/forum/" "Mozilla/5.0 (Windows NT 6.3; Win64; x64) AppleWebKit/537.36 (KHTML, like Gecko) Chrome/66.0.3359.181 Safari/537.36"
173.212.242.197 - - [01/Feb/2019:13:58:15 -0500] "GET /en/forum/4-Tariscope-Enterprise--Provider/225-Re-cme-hunt-group-%D0%B8-%D0%B2%D1%85%D0%BE%D0%B4%D1%8F%D1%89%D0%B8%D0%B5-%D0%B2%D1%8B%D0%B7%D0%BE%D0%B2%D1%8B/index.php HTTP/1.1" 302 566 "-" "Mozilla/5.0 (compatible; MJ12bot/v1.4.8; http://mj12bot.com/)"
173.212.242.197 - - [01/Feb/2019:13:58:23 -0500] "GET /en/forum/4-Tariscope-Enterprise--Provider/225-Re-cme-hunt-group-%D0%B8-%D0%B2%D1%85%D0%BE%D0%B4%D1%8F%D1%89%D0%B8%D0%B5-%D0%B2%D1%8B%D0%B7%D0%BE%D0%B2%D1%8B/index.php?option=com_content&view=article&id=165&catid=55&lang=en&Itemid=230 HTTP/1.1" 200 5539 "-" "Mozilla/5.0 (compatible; MJ12bot/v1.4.8; http://mj12bot.com/)"
173.212.242.197 - - [01/Feb/2019:13:58:29 -0500] "GET /en/forum/4-Tariscope-Enterprise--Provider/226-Re-%D0%9F%D0%BE%D0%BB%D1%8F-%D0%BF%D1%80%D0%B5%D0%B4%D1%81%D1%82%D0%B0%D0%B2%D0%BB%D0%B5%D0%BD%D0%B8%D1%8F-%D0%B8-flow-version5/index.php HTTP/1.1" 302 566 "-" "Mozilla/5.0 (compatible; MJ12bot/v1.4.8; http://mj12bot.com/)"
46.229.168.147 - - [01/Feb/2019:13:58:31 -0500] "GET /ru/support/kb/61-support_ru/tariscope-pbxs/338-call-termination-cause-codes.html HTTP/1.1" 200 12416 "-" "Mozilla/5.0 (compatible; SemrushBot/3~bl; +http://www.semrush.com/bot.html)"
173.212.242.197 - - [01/Feb/2019:13:58:33 -0500] "GET /en/forum/4-Tariscope-Enterprise--Provider/226-Re-%D0%9F%D0%BE%D0%BB%D1%8F-%D0%BF%D1%80%D0%B5%D0%B4%D1%81%D1%82%D0%B0%D0%B2%D0%BB%D0%B5%D0%BD%D0%B8%D1%8F-%D0%B8-flow-version5/index.php?option=com_content&view=article&id=165&catid=55&lang=en&Itemid=230 HTTP/1.1" 200 5549 "-" "Mozilla/5.0 (compatible; MJ12bot/v1.4.8; http://mj12bot.com/)"
173.212.242.197 - - [01/Feb/2019:13:58:39 -0500] "GET /en/forum/4-Tariscope-Enterprise--Provider/228-Re-%D0%9F%D0%BE%D0%BB%D1%8F-%D0%BF%D1%80%D0%B5%D0%B4%D1%81%D1%82%D0%B0%D0%B2%D0%BB%D0%B5%D0%BD%D0%B8%D1%8F-%D0%B8-flow-version5/index.php HTTP/1.1" 302 566 "-" "Mozilla/5.0 (compatible; MJ12bot/v1.4.8; http://mj12bot.com/)"
173.212.242.197 - - [01/Feb/2019:13:58:43 -0500] "GET /en/forum/4-Tariscope-Enterprise--Provider/228-Re-%D0%9F%D0%BE%D0%BB%D1%8F-%D0%BF%D1%80%D0%B5%D0%B4%D1%81%D1%82%D0%B0%D0%B2%D0%BB%D0%B5%D0%BD%D0%B8%D1%8F-%D0%B8-flow-version5/index.php?option=com_content&view=article&id=165&catid=55&lang=en&Itemid=230 HTTP/1.1" 200 5549 "-" "Mozilla/5.0 (compatible; MJ12bot/v1.4.8; http://mj12bot.com/)"
173.212.242.197 - - [01/Feb/2019:13:58:49 -0500] "GET /en/forum/4-Tariscope-Enterprise--Provider/229-Re-%D0%9F%D0%BE%D0%BB%D1%8F-%D0%BF%D1%80%D0%B5%D0%B4%D1%81%D1%82%D0%B0%D0%B2%D0%BB%D0%B5%D0%BD%D0%B8%D1%8F-%D0%B8-flow-version5/index.php HTTP/1.1" 302 566 "-" "Mozilla/5.0 (compatible; MJ12bot/v1.4.8; http://mj12bot.com/)"
173.212.242.197 - - [01/Feb/2019:13:59:04 -0500] "GET /en/forum/4-Tariscope-Enterprise--Provider/229-Re-%D0%9F%D0%BE%D0%BB%D1%8F-%D0%BF%D1%80%D0%B5%D0%B4%D1%81%D1%82%D0%B0%D0%B2%D0%BB%D0%B5%D0%BD%D0%B8%D1%8F-%D0%B8-flow-version5/index.php?option=com_content&view=article&id=165&catid=55&lang=en&Itemid=230 HTTP/1.1" 200 5549 "-" "Mozilla/5.0 (compatible; MJ12bot/v1.4.8; http://mj12bot.com/)"
173.212.242.197 - - [01/Feb/2019:13:59:09 -0500] "GET /en/forum/4-Tariscope-Enterprise--Provider/231-Re-cme-hunt-group-%D0%B8-%D0%B2%D1%85%D0%BE%D0%B4%D1%8F%D1%89%D0%B8%D0%B5-%D0%B2%D1%8B%D0%B7%D0%BE%D0%B2%D1%8B/index.php HTTP/1.1" 302 566 "-" "Mozilla/5.0 (compatible; MJ12bot/v1.4.8; http://mj12bot.com/)"
173.212.242.197 - - [01/Feb/2019:13:59:13 -0500] "GET /en/forum/4-Tariscope-Enterprise--Provider/231-Re-cme-hunt-group-%D0%B8-%D0%B2%D1%85%D0%BE%D0%B4%D1%8F%D1%89%D0%B8%D0%B5-%D0%B2%D1%8B%D0%B7%D0%BE%D0%B2%D1%8B/index.php?option=com_content&view=article&id=165&catid=55&lang=en&Itemid=230 HTTP/1.1" 200 5539 "-" "Mozilla/5.0 (compatible; MJ12bot/v1.4.8; http://mj12bot.com/)"
173.212.242.197 - - [01/Feb/2019:13:59:22 -0500] "GET /en/forum/4-Tariscope-Enterprise--Provider/233-Re-%D0%9D%D0%BE%D0%BC%D0%B5%D1%80%D0%B0-%D0%B8-%D0%BA%D0%BE%D0%B4%D1%8B/index.php HTTP/1.1" 302 566 "-" "Mozilla/5.0 (compatible; MJ12bot/v1.4.8; http://mj12bot.com/)"
157.55.39.83 - - [01/Feb/2019:13:59:27 -0500] "GET /ru/component/content/article/53-products_ru/features_ru/142-restriction-feature-ru.html?Itemid=107 HTTP/1.1" 200 10485 "-" "Mozilla/5.0 (compatible; bingbot/2.0; +http://www.bing.com/bingbot.htm)"
173.212.242.197 - - [01/Feb/2019:13:59:37 -0500] "GET /en/forum/4-Tariscope-Enterprise--Provider/233-Re-%D0%9D%D0%BE%D0%BC%D0%B5%D1%80%D0%B0-%D0%B8-%D0%BA%D0%BE%D0%B4%D1%8B/index.php?option=com_content&view=article&id=165&catid=55&lang=en&Itemid=230 HTTP/1.1" 200 5524 "-" "Mozilla/5.0 (compatible; MJ12bot/v1.4.8; http://mj12bot.com/)"
173.212.242.197 - - [01/Feb/2019:13:59:44 -0500] "GET /en/forum/4-Tariscope-Enterprise--Provider/234-Re-%D0%9F%D0%BE%D0%BB%D1%8F-%D0%BF%D1%80%D0%B5%D0%B4%D1%81%D1%82%D0%B0%D0%B2%D0%BB%D0%B5%D0%BD%D0%B8%D1%8F-%D0%B8-flow-version5/index.php HTTP/1.1" 302 566 "-" "Mozilla/5.0 (compatible; MJ12bot/v1.4.8; http://mj12bot.com/)"
173.212.242.197 - - [01/Feb/2019:13:59:54 -0500] "GET /en/forum/4-Tariscope-Enterprise--Provider/234-Re-%D0%9F%D0%BE%D0%BB%D1%8F-%D0%BF%D1%80%D0%B5%D0%B4%D1%81%D1%82%D0%B0%D0%B2%D0%BB%D0%B5%D0%BD%D0%B8%D1%8F-%D0%B8-flow-version5/index.php?option=com_content&view=article&id=165&catid=55&lang=en&Itemid=230 HTTP/1.1" 200 5549 "-" "Mozilla/5.0 (compatible; MJ12bot/v1.4.8; http://mj12bot.com/)"
54.36.149.37 - - [01/Feb/2019:13:59:59 -0500] "GET /ru/64-support_ru/administrator-s-guide/429-mincom-dx-500.html HTTP/1.1" 200 8230 "-" "Mozilla/5.0 (compatible; AhrefsBot/6.1; +http://ahrefs.com/robot/)"
173.212.242.197 - - [01/Feb/2019:14:00:10 -0500] "GET /en/forum/4-Tariscope-Enterprise--Provider/270-Re-%D0%A3%D0%B2%D0%B5%D0%B4%D0%BE%D0%BC%D0%BB%D0%B5%D0%BD%D0%B8%D1%8F-%D0%B8-%D0%BF%D0%BE%D1%87%D1%82%D0%B0-%D0%B2-Tariscope/index.php HTTP/1.1" 302 566 "-" "Mozilla/5.0 (compatible; MJ12bot/v1.4.8; http://mj12bot.com/)"
173.212.242.197 - - [01/Feb/2019:14:00:17 -0500] "GET /en/forum/4-Tariscope-Enterprise--Provider/270-Re-%D0%A3%D0%B2%D0%B5%D0%B4%D0%BE%D0%BC%D0%BB%D0%B5%D0%BD%D0%B8%D1%8F-%D0%B8-%D0%BF%D0%BE%D1%87%D1%82%D0%B0-%D0%B2-Tariscope/index.php?option=com_content&view=article&id=165&catid=55&lang=en&Itemid=230 HTTP/1.1" 200 5542 "-" "Mozilla/5.0 (compatible; MJ12bot/v1.4.8; http://mj12bot.com/)"
173.212.242.197 - - [01/Feb/2019:14:00:21 -0500] "GET /en/forum/4-Tariscope-Enterprise--Provider/272-Re-%D0%A3%D0%B2%D0%B5%D0%B4%D0%BE%D0%BC%D0%BB%D0%B5%D0%BD%D0%B8%D1%8F-%D0%B8-%D0%BF%D0%BE%D1%87%D1%82%D0%B0-%D0%B2-Tariscope/index.php HTTP/1.1" 302 566 "-" "Mozilla/5.0 (compatible; MJ12bot/v1.4.8; http://mj12bot.com/)"
173.212.242.197 - - [01/Feb/2019:14:00:24 -0500] "GET /en/forum/4-Tariscope-Enterprise--Provider/272-Re-%D0%A3%D0%B2%D0%B5%D0%B4%D0%BE%D0%BC%D0%BB%D0%B5%D0%BD%D0%B8%D1%8F-%D0%B8-%D0%BF%D0%BE%D1%87%D1%82%D0%B0-%D0%B2-Tariscope/index.php?option=com_content&view=article&id=165&catid=55&lang=en&Itemid=230 HTTP/1.1" 200 5542 "-" "Mozilla/5.0 (compatible; MJ12bot/v1.4.8; http://mj12bot.com/)"
173.212.242.197 - - [01/Feb/2019:14:00:34 -0500] "GET /en/forum/4-Tariscope-Enterprise--Provider/273-Re-%D0%A3%D0%B2%D0%B5%D0%B4%D0%BE%D0%BC%D0%BB%D0%B5%D0%BD%D0%B8%D1%8F-%D0%B8-%D0%BF%D0%BE%D1%87%D1%82%D0%B0-%D0%B2-Tariscope/index.php HTTP/1.1" 302 566 "-" "Mozilla/5.0 (compatible; MJ12bot/v1.4.8; http://mj12bot.com/)"
173.212.242.197 - - [01/Feb/2019:14:00:44 -0500] "GET /en/forum/4-Tariscope-Enterprise--Provider/273-Re-%D0%A3%D0%B2%D0%B5%D0%B4%D0%BE%D0%BC%D0%BB%D0%B5%D0%BD%D0%B8%D1%8F-%D0%B8-%D0%BF%D0%BE%D1%87%D1%82%D0%B0-%D0%B2-Tariscope/index.php?option=com_content&view=article&id=165&catid=55&lang=en&Itemid=230 HTTP/1.1" 200 5543 "-" "Mozilla/5.0 (compatible; MJ12bot/v1.4.8; http://mj12bot.com/)"
54.36.148.23 - - [01/Feb/2019:14:00:53 -0500] "GET /uk/74-support_uk/administrator-guide-uk/648-iskratel-si3000-2000-uk.html HTTP/1.1" 200 9058 "-" "Mozilla/5.0 (compatible; AhrefsBot/6.1; +http://ahrefs.com/robot/)"
173.212.242.197 - - [01/Feb/2019:14:00:57 -0500] "GET /en/forum/4-Tariscope-Enterprise--Provider/274-Re-%D0%A3%D0%B2%D0%B5%D0%B4%D0%BE%D0%BC%D0%BB%D0%B5%D0%BD%D0%B8%D1%8F-%D0%B8-%D0%BF%D0%BE%D1%87%D1%82%D0%B0-%D0%B2-Tariscope/index.php HTTP/1.1" 302 566 "-" "Mozilla/5.0 (compatible; MJ12bot/v1.4.8; http://mj12bot.com/)"
173.212.242.197 - - [01/Feb/2019:14:01:05 -0500] "GET /en/forum/4-Tariscope-Enterprise--Provider/274-Re-%D0%A3%D0%B2%D0%B5%D0%B4%D0%BE%D0%BC%D0%BB%D0%B5%D0%BD%D0%B8%D1%8F-%D0%B8-%D0%BF%D0%BE%D1%87%D1%82%D0%B0-%D0%B2-Tariscope/index.php?option=com_content&view=article&id=165&catid=55&lang=en&Itemid=230 HTTP/1.1" 200 5543 "-" "Mozilla/5.0 (compatible; MJ12bot/v1.4.8; http://mj12bot.com/)"
173.212.242.197 - - [01/Feb/2019:14:01:20 -0500] "GET /en/forum/4-Tariscope-Enterprise--Provider/275-Re-%D0%A3%D0%B2%D0%B5%D0%B4%D0%BE%D0%BC%D0%BB%D0%B5%D0%BD%D0%B8%D1%8F-%D0%B8-%D0%BF%D0%BE%D1%87%D1%82%D0%B0-%D0%B2-Tariscope/index.php HTTP/1.1" 302 566 "-" "Mozilla/5.0 (compatible; MJ12bot/v1.4.8; http://mj12bot.com/)"
173.212.242.197 - - [01/Feb/2019:14:01:40 -0500] "GET /en/forum/4-Tariscope-Enterprise--Provider/275-Re-%D0%A3%D0%B2%D0%B5%D0%B4%D0%BE%D0%BC%D0%BB%D0%B5%D0%BD%D0%B8%D1%8F-%D0%B8-%D0%BF%D0%BE%D1%87%D1%82%D0%B0-%D0%B2-Tariscope/index.php?option=com_content&view=article&id=165&catid=55&lang=en&Itemid=230 HTTP/1.1" 200 5543 "-" "Mozilla/5.0 (compatible; MJ12bot/v1.4.8; http://mj12bot.com/)"
173.212.242.197 - - [01/Feb/2019:14:01:57 -0500] "GET /en/forum/4-Tariscope-Enterprise--Provider/278-Re-%D0%A3%D0%B2%D0%B5%D0%B4%D0%BE%D0%BC%D0%BB%D0%B5%D0%BD%D0%B8%D1%8F-%D0%B8-%D0%BF%D0%BE%D1%87%D1%82%D0%B0-%D0%B2-Tariscope/index.php HTTP/1.1" 302 566 "-" "Mozilla/5.0 (compatible; MJ12bot/v1.4.8; http://mj12bot.com/)"
157.55.39.83 - - [01/Feb/2019:14:02:03 -0500] "GET /ru/news/334-tariscope-409.html HTTP/1.1" 200 8105 "-" "Mozilla/5.0 (compatible; bingbot/2.0; +http://www.bing.com/bingbot.htm)"
173.212.242.197 - - [01/Feb/2019:14:02:07 -0500] "GET /en/forum/4-Tariscope-Enterprise--Provider/278-Re-%D0%A3%D0%B2%D0%B5%D0%B4%D0%BE%D0%BC%D0%BB%D0%B5%D0%BD%D0%B8%D1%8F-%D0%B8-%D0%BF%D0%BE%D1%87%D1%82%D0%B0-%D0%B2-Tariscope/index.php?option=com_content&view=article&id=165&catid=55&lang=en&Itemid=230 HTTP/1.1" 200 5543 "-" "Mozilla/5.0 (compatible; MJ12bot/v1.4.8; http://mj12bot.com/)"
173.212.242.197 - - [01/Feb/2019:14:02:15 -0500] "GET /en/forum/4-Tariscope-Enterprise--Provider/279-Re-%D0%A3%D0%B2%D0%B5%D0%B4%D0%BE%D0%BC%D0%BB%D0%B5%D0%BD%D0%B8%D1%8F-%D0%B8-%D0%BF%D0%BE%D1%87%D1%82%D0%B0-%D0%B2-Tariscope/index.php HTTP/1.1" 302 566 "-" "Mozilla/5.0 (compatible; MJ12bot/v1.4.8; http://mj12bot.com/)"
173.212.242.197 - - [01/Feb/2019:14:02:19 -0500] "GET /en/forum/4-Tariscope-Enterprise--Provider/279-Re-%D0%A3%D0%B2%D0%B5%D0%B4%D0%BE%D0%BC%D0%BB%D0%B5%D0%BD%D0%B8%D1%8F-%D0%B8-%D0%BF%D0%BE%D1%87%D1%82%D0%B0-%D0%B2-Tariscope/index.php?option=com_content&view=article&id=165&catid=55&lang=en&Itemid=230 HTTP/1.1" 200 5543 "-" "Mozilla/5.0 (compatible; MJ12bot/v1.4.8; http://mj12bot.com/)"
173.212.242.197 - - [01/Feb/2019:14:02:36 -0500] "GET /en/forum/4-Tariscope-Enterprise--Provider/280-Re-%D0%A3%D0%B2%D0%B5%D0%B4%D0%BE%D0%BC%D0%BB%D0%B5%D0%BD%D0%B8%D1%8F-%D0%B8-%D0%BF%D0%BE%D1%87%D1%82%D0%B0-%D0%B2-Tariscope/index.php HTTP/1.1" 302 566 "-" "Mozilla/5.0 (compatible; MJ12bot/v1.4.8; http://mj12bot.com/)"
173.212.242.197 - - [01/Feb/2019:14:02:40 -0500] "GET /en/forum/4-Tariscope-Enterprise--Provider/280-Re-%D0%A3%D0%B2%D0%B5%D0%B4%D0%BE%D0%BC%D0%BB%D0%B5%D0%BD%D0%B8%D1%8F-%D0%B8-%D0%BF%D0%BE%D1%87%D1%82%D0%B0-%D0%B2-Tariscope/index.php?option=com_content&view=article&id=165&catid=55&lang=en&Itemid=230 HTTP/1.1" 200 5542 "-" "Mozilla/5.0 (compatible; MJ12bot/v1.4.8; http://mj12bot.com/)"
173.212.242.197 - - [01/Feb/2019:14:02:47 -0500] "GET /en/forum/4-Tariscope-Enterprise--Provider/282-Re-%D0%A3%D0%B2%D0%B5%D0%B4%D0%BE%D0%BC%D0%BB%D0%B5%D0%BD%D0%B8%D1%8F-%D0%B8-%D0%BF%D0%BE%D1%87%D1%82%D0%B0-%D0%B2-Tariscope/index.php HTTP/1.1" 302 566 "-" "Mozilla/5.0 (compatible; MJ12bot/v1.4.8; http://mj12bot.com/)"
173.212.242.197 - - [01/Feb/2019:14:02:54 -0500] "GET /en/forum/4-Tariscope-Enterprise--Provider/282-Re-%D0%A3%D0%B2%D0%B5%D0%B4%D0%BE%D0%BC%D0%BB%D0%B5%D0%BD%D0%B8%D1%8F-%D0%B8-%D0%BF%D0%BE%D1%87%D1%82%D0%B0-%D0%B2-Tariscope/index.php?option=com_content&view=article&id=165&catid=55&lang=en&Itemid=230 HTTP/1.1" 200 5542 "-" "Mozilla/5.0 (compatible; MJ12bot/v1.4.8; http://mj12bot.com/)"
173.212.242.197 - - [01/Feb/2019:14:03:05 -0500] "GET /en/forum/4-Tariscope-Enterprise--Provider/295-Re-%D0%90%D0%A2%D0%A1-3CX-ver-125---%D0%BA%D0%B0%D0%BA-%D0%B8%D1%81%D0%BF%D1%80%D0%B0%D0%B2%D0%B8%D1%82%D1%8C-%D0%B2%D1%80%D0%B5%D0%BC%D1%8F-%D0%B7%D0%B2%D0%BE%D0%BD%D0%BA%D0%B0.html HTTP/1.1" 200 8124 "-" "Mozilla/5.0 (compatible; MJ12bot/v1.4.8; http://mj12bot.com/)"
173.212.242.197 - - [01/Feb/2019:14:03:10 -0500] "GET /en/forum/4-Tariscope-Enterprise--Provider/296-%D0%B2%D0%B7%D0%B0%D0%B8%D0%BC%D0%BE%D0%B4%D0%B5%D0%B9%D1%81%D1%82%D0%B2%D0%B8%D0%B5-%D1%81-%D0%BF%D1%80%D0%BE%D0%B3%D1%80%D0%B0%D0%BC%D0%BC%D0%BE%D0%B9-MEDoc-IS.html HTTP/1.1" 200 8092 "-" "Mozilla/5.0 (compatible; MJ12bot/v1.4.8; http://mj12bot.com/)"
173.212.242.197 - - [01/Feb/2019:14:03:23 -0500] "GET /en/forum/4-Tariscope-Enterprise--Provider/296-%D0%B2%D0%B7%D0%B0%D0%B8%D0%BC%D0%BE%D0%B4%D0%B5%D0%B9%D1%81%D1%82%D0%B2%D0%B8%D0%B5-%D1%81-%D0%BF%D1%80%D0%BE%D0%B3%D1%80%D0%B0%D0%BC%D0%BC%D0%BE%D0%B9-MEDoc-IS/index.php HTTP/1.1" 302 566 "-" "Mozilla/5.0 (compatible; MJ12bot/v1.4.8; http://mj12bot.com/)"
173.212.242.197 - - [01/Feb/2019:14:03:27 -0500] "GET /en/forum/4-Tariscope-Enterprise--Provider/296-%D0%B2%D0%B7%D0%B0%D0%B8%D0%BC%D0%BE%D0%B4%D0%B5%D0%B9%D1%81%D1%82%D0%B2%D0%B8%D0%B5-%D1%81-%D0%BF%D1%80%D0%BE%D0%B3%D1%80%D0%B0%D0%BC%D0%BC%D0%BE%D0%B9-MEDoc-IS/index.php?option=com_content&view=article&id=165&catid=55&lang=en&Itemid=230 HTTP/1.1" 200 5554 "-" "Mozilla/5.0 (compatible; MJ12bot/v1.4.8; http://mj12bot.com/)"
173.212.242.197 - - [01/Feb/2019:14:03:30 -0500] "GET /en/forum/4-Tariscope-Enterprise--Provider/297-Re-%D0%B2%D0%B7%D0%B0%D0%B8%D0%BC%D0%BE%D0%B4%D0%B5%D0%B9%D1%81%D1%82%D0%B2%D0%B8%D0%B5-%D1%81-%D0%BF%D1%80%D0%BE%D0%B3%D1%80%D0%B0%D0%BC%D0%BC%D0%BE%D0%B9-MEDoc-IS/index.php HTTP/1.1" 302 566 "-" "Mozilla/5.0 (compatible; MJ12bot/v1.4.8; http://mj12bot.com/)"
173.212.242.197 - - [01/Feb/2019:14:03:36 -0500] "GET /en/forum/4-Tariscope-Enterprise--Provider/297-Re-%D0%B2%D0%B7%D0%B0%D0%B8%D0%BC%D0%BE%D0%B4%D0%B5%D0%B9%D1%81%D1%82%D0%B2%D0%B8%D0%B5-%D1%81-%D0%BF%D1%80%D0%BE%D0%B3%D1%80%D0%B0%D0%BC%D0%BC%D0%BE%D0%B9-MEDoc-IS/index.php?option=com_content&view=article&id=165&catid=55&lang=en&Itemid=230 HTTP/1.1" 200 5556 "-" "Mozilla/5.0 (compatible; MJ12bot/v1.4.8; http://mj12bot.com/)"
173.212.242.197 - - [01/Feb/2019:14:03:40 -0500] "GET /en/forum/4-Tariscope-Enterprise--Provider/298-Re-%D0%B2%D0%B7%D0%B0%D0%B8%D0%BC%D0%BE%D0%B4%D0%B5%D0%B9%D1%81%D1%82%D0%B2%D0%B8%D0%B5-%D1%81-%D0%BF%D1%80%D0%BE%D0%B3%D1%80%D0%B0%D0%BC%D0%BC%D0%BE%D0%B9-MEDoc-IS/index.php HTTP/1.1" 302 566 "-" "Mozilla/5.0 (compatible; MJ12bot/v1.4.8; http://mj12bot.com/)"
173.212.242.197 - - [01/Feb/2019:14:03:45 -0500] "GET /en/forum/4-Tariscope-Enterprise--Provider/298-Re-%D0%B2%D0%B7%D0%B0%D0%B8%D0%BC%D0%BE%D0%B4%D0%B5%D0%B9%D1%81%D1%82%D0%B2%D0%B8%D0%B5-%D1%81-%D0%BF%D1%80%D0%BE%D0%B3%D1%80%D0%B0%D0%BC%D0%BC%D0%BE%D0%B9-MEDoc-IS/index.php?option=com_content&view=article&id=165&catid=55&lang=en&Itemid=230 HTTP/1.1" 200 5556 "-" "Mozilla/5.0 (compatible; MJ12bot/v1.4.8; http://mj12bot.com/)"
173.212.242.197 - - [01/Feb/2019:14:04:02 -0500] "GET /en/forum/4-Tariscope-Enterprise--Provider/301-Re-%D0%B2%D0%B7%D0%B0%D0%B8%D0%BC%D0%BE%D0%B4%D0%B5%D0%B9%D1%81%D1%82%D0%B2%D0%B8%D0%B5-%D1%81-%D0%BF%D1%80%D0%BE%D0%B3%D1%80%D0%B0%D0%BC%D0%BC%D0%BE%D0%B9-MEDoc-IS/index.php HTTP/1.1" 302 566 "-" "Mozilla/5.0 (compatible; MJ12bot/v1.4.8; http://mj12bot.com/)"
173.212.242.197 - - [01/Feb/2019:14:04:08 -0500] "GET /en/forum/4-Tariscope-Enterprise--Provider/301-Re-%D0%B2%D0%B7%D0%B0%D0%B8%D0%BC%D0%BE%D0%B4%D0%B5%D0%B9%D1%81%D1%82%D0%B2%D0%B8%D0%B5-%D1%81-%D0%BF%D1%80%D0%BE%D0%B3%D1%80%D0%B0%D0%BC%D0%BC%D0%BE%D0%B9-MEDoc-IS/index.php?option=com_content&view=article&id=165&catid=55&lang=en&Itemid=230 HTTP/1.1" 200 5556 "-" "Mozilla/5.0 (compatible; MJ12bot/v1.4.8; http://mj12bot.com/)"
173.212.242.197 - - [01/Feb/2019:14:04:14 -0500] "GET /en/forum/4-Tariscope-Enterprise--Provider/317-Re-%D0%9F%D0%B5%D1%80%D0%B5%D1%85%D0%BE%D0%B4-%D1%81-Enterprise-%D0%BD%D0%B0-Provider/index.php HTTP/1.1" 302 566 "-" "Mozilla/5.0 (compatible; MJ12bot/v1.4.8; http://mj12bot.com/)"
173.212.242.197 - - [01/Feb/2019:14:04:24 -0500] "GET /en/forum/4-Tariscope-Enterprise--Provider/317-Re-%D0%9F%D0%B5%D1%80%D0%B5%D1%85%D0%BE%D0%B4-%D1%81-Enterprise-%D0%BD%D0%B0-Provider/index.php?option=com_content&view=article&id=165&catid=55&lang=en&Itemid=230 HTTP/1.1" 200 5524 "-" "Mozilla/5.0 (compatible; MJ12bot/v1.4.8; http://mj12bot.com/)"
173.212.242.197 - - [01/Feb/2019:14:04:32 -0500] "GET /en/forum/5-Tariscope-2%D1%85/106-Re-Tariscope-28-Basic/index.php HTTP/1.1" 302 566 "-" "Mozilla/5.0 (compatible; MJ12bot/v1.4.8; http://mj12bot.com/)"
173.212.242.197 - - [01/Feb/2019:14:04:39 -0500] "GET /en/forum/5-Tariscope-2%D1%85/106-Re-Tariscope-28-Basic/index.php?option=com_content&view=article&id=165&catid=55&lang=en&Itemid=230 HTTP/1.1" 200 5495 "-" "Mozilla/5.0 (compatible; MJ12bot/v1.4.8; http://mj12bot.com/)"
173.212.242.197 - - [01/Feb/2019:14:04:50 -0500] "GET /en/forum/5-Tariscope-2%D1%85/107-Re-Tariscope-28-Basic/index.php HTTP/1.1" 302 566 "-" "Mozilla/5.0 (compatible; MJ12bot/v1.4.8; http://mj12bot.com/)"
173.212.242.197 - - [01/Feb/2019:14:04:54 -0500] "GET /en/forum/5-Tariscope-2%D1%85/107-Re-Tariscope-28-Basic/index.php?option=com_content&view=article&id=165&catid=55&lang=en&Itemid=230 HTTP/1.1" 200 5494 "-" "Mozilla/5.0 (compatible; MJ12bot/v1.4.8; http://mj12bot.com/)"
173.212.242.197 - - [01/Feb/2019:14:04:59 -0500] "GET /en/forum/5-Tariscope-2%D1%85/108-Re-Tariscope-28-Basic/index.php HTTP/1.1" 302 566 "-" "Mozilla/5.0 (compatible; MJ12bot/v1.4.8; http://mj12bot.com/)"
173.212.242.197 - - [01/Feb/2019:14:05:03 -0500] "GET /en/forum/5-Tariscope-2%D1%85/108-Re-Tariscope-28-Basic/index.php?option=com_content&view=article&id=165&catid=55&lang=en&Itemid=230 HTTP/1.1" 200 5495 "-" "Mozilla/5.0 (compatible; MJ12bot/v1.4.8; http://mj12bot.com/)"
173.212.242.197 - - [01/Feb/2019:14:05:12 -0500] "GET /en/forum/5-Tariscope-2%D1%85/109-Re-Tariscope-28-Basic/index.php HTTP/1.1" 302 566 "-" "Mozilla/5.0 (compatible; MJ12bot/v1.4.8; http://mj12bot.com/)"
173.212.242.197 - - [01/Feb/2019:14:05:19 -0500] "GET /en/forum/5-Tariscope-2%D1%85/109-Re-Tariscope-28-Basic/index.php?option=com_content&view=article&id=165&catid=55&lang=en&Itemid=230 HTTP/1.1" 200 5495 "-" "Mozilla/5.0 (compatible; MJ12bot/v1.4.8; http://mj12bot.com/)"
173.212.242.197 - - [01/Feb/2019:14:05:22 -0500] "GET /en/forum/5-Tariscope-2%D1%85/111-Re-Tariscope-28-Basic/index.php HTTP/1.1" 302 566 "-" "Mozilla/5.0 (compatible; MJ12bot/v1.4.8; http://mj12bot.com/)"
173.212.242.197 - - [01/Feb/2019:14:05:26 -0500] "GET /en/forum/5-Tariscope-2%D1%85/111-Re-Tariscope-28-Basic/index.php?option=com_content&view=article&id=165&catid=55&lang=en&Itemid=230 HTTP/1.1" 200 5495 "-" "Mozilla/5.0 (compatible; MJ12bot/v1.4.8; http://mj12bot.com/)"
173.212.242.197 - - [01/Feb/2019:14:05:39 -0500] "GET /en/forum/5-Tariscope-2%D1%85/120-%D0%B4%D0%BE%D0%BA%D1%83%D0%BC%D0%B5%D0%BD%D1%82%D0%B0%D1%86%D0%B8%D1%8F-%D0%B8-%D0%B2%D0%BE%D0%B7%D0%BC%D0%BE%D0%B6%D0%BD%D0%BE%D1%81%D1%82%D0%B8.html HTTP/1.1" 200 8384 "-" "Mozilla/5.0 (compatible; MJ12bot/v1.4.8; http://mj12bot.com/)"
173.212.242.197 - - [01/Feb/2019:14:05:45 -0500] "GET /en/forum/5-Tariscope-2%D1%85/120-%D0%B4%D0%BE%D0%BA%D1%83%D0%BC%D0%B5%D0%BD%D1%82%D0%B0%D1%86%D0%B8%D1%8F-%D0%B8-%D0%B2%D0%BE%D0%B7%D0%BC%D0%BE%D0%B6%D0%BD%D0%BE%D1%81%D1%82%D0%B8/index.php HTTP/1.1" 302 566 "-" "Mozilla/5.0 (compatible; MJ12bot/v1.4.8; http://mj12bot.com/)"
173.212.242.197 - - [01/Feb/2019:14:05:48 -0500] "GET /en/forum/5-Tariscope-2%D1%85/120-%D0%B4%D0%BE%D0%BA%D1%83%D0%BC%D0%B5%D0%BD%D1%82%D0%B0%D1%86%D0%B8%D1%8F-%D0%B8-%D0%B2%D0%BE%D0%B7%D0%BC%D0%BE%D0%B6%D0%BD%D0%BE%D1%81%D1%82%D0%B8/index.php?option=com_content&view=article&id=165&catid=55&lang=en&Itemid=230 HTTP/1.1" 200 5544 "-" "Mozilla/5.0 (compatible; MJ12bot/v1.4.8; http://mj12bot.com/)"
173.212.242.197 - - [01/Feb/2019:14:05:51 -0500] "GET /en/forum/5-Tariscope-2%D1%85/121-Re-%D0%B4%D0%BE%D0%BA%D1%83%D0%BC%D0%B5%D0%BD%D1%82%D0%B0%D1%86%D0%B8%D1%8F-%D0%B8-%D0%B2%D0%BE%D0%B7%D0%BC%D0%BE%D0%B6%D0%BD%D0%BE%D1%81%D1%82%D0%B8/index.php HTTP/1.1" 302 566 "-" "Mozilla/5.0 (compatible; MJ12bot/v1.4.8; http://mj12bot.com/)"
173.212.242.197 - - [01/Feb/2019:14:05:58 -0500] "GET /en/forum/5-Tariscope-2%D1%85/121-Re-%D0%B4%D0%BE%D0%BA%D1%83%D0%BC%D0%B5%D0%BD%D1%82%D0%B0%D1%86%D0%B8%D1%8F-%D0%B8-%D0%B2%D0%BE%D0%B7%D0%BC%D0%BE%D0%B6%D0%BD%D0%BE%D1%81%D1%82%D0%B8/index.php?option=com_content&view=article&id=165&catid=55&lang=en&Itemid=230 HTTP/1.1" 200 5546 "-" "Mozilla/5.0 (compatible; MJ12bot/v1.4.8; http://mj12bot.com/)"
173.212.242.197 - - [01/Feb/2019:14:06:03 -0500] "GET /en/forum/5-Tariscope-2%D1%85/179-%D0%BA%D0%BE%D0%B4%D1%8B-%D0%B3%D0%BE%D1%80%D0%BE%D0%B4%D0%BE%D0%B2-%D0%B2-%D1%80%D0%B5%D0%BA%D0%B0%D1%81%D1%82%D0%B8%D0%BD%D0%B3%D0%B5/index.php HTTP/1.1" 302 566 "-" "Mozilla/5.0 (compatible; MJ12bot/v1.4.8; http://mj12bot.com/)"
173.212.242.197 - - [01/Feb/2019:14:06:07 -0500] "GET /en/forum/5-Tariscope-2%D1%85/179-%D0%BA%D0%BE%D0%B4%D1%8B-%D0%B3%D0%BE%D1%80%D0%BE%D0%B4%D0%BE%D0%B2-%D0%B2-%D1%80%D0%B5%D0%BA%D0%B0%D1%81%D1%82%D0%B8%D0%BD%D0%B3%D0%B5/index.php?option=com_content&view=article&id=165&catid=55&lang=en&Itemid=230 HTTP/1.1" 200 5534 "-" "Mozilla/5.0 (compatible; MJ12bot/v1.4.8; http://mj12bot.com/)"
173.212.242.197 - - [01/Feb/2019:14:06:12 -0500] "GET /en/forum/5-Tariscope-2%D1%85/180-Re-%D0%BA%D0%BE%D0%B4%D1%8B-%D0%B3%D0%BE%D1%80%D0%BE%D0%B4%D0%BE%D0%B2-%D0%B2-%D1%80%D0%B5%D0%BA%D0%B0%D1%81%D1%82%D0%B8%D0%BD%D0%B3%D0%B5/index.php HTTP/1.1" 302 566 "-" "Mozilla/5.0 (compatible; MJ12bot/v1.4.8; http://mj12bot.com/)"
173.212.242.197 - - [01/Feb/2019:14:06:18 -0500] "GET /en/forum/5-Tariscope-2%D1%85/180-Re-%D0%BA%D0%BE%D0%B4%D1%8B-%D0%B3%D0%BE%D1%80%D0%BE%D0%B4%D0%BE%D0%B2-%D0%B2-%D1%80%D0%B5%D0%BA%D0%B0%D1%81%D1%82%D0%B8%D0%BD%D0%B3%D0%B5/index.php?option=com_content&view=article&id=165&catid=55&lang=en&Itemid=230 HTTP/1.1" 200 5538 "-" "Mozilla/5.0 (compatible; MJ12bot/v1.4.8; http://mj12bot.com/)"
173.212.242.197 - - [01/Feb/2019:14:06:22 -0500] "GET /en/forum/5-Tariscope-2%D1%85/182-Re-%D0%BA%D0%BE%D0%B4%D1%8B-%D0%B3%D0%BE%D1%80%D0%BE%D0%B4%D0%BE%D0%B2-%D0%B2-%D1%80%D0%B5%D0%BA%D0%B0%D1%81%D1%82%D0%B8%D0%BD%D0%B3%D0%B5/index.php HTTP/1.1" 302 566 "-" "Mozilla/5.0 (compatible; MJ12bot/v1.4.8; http://mj12bot.com/)"
173.212.242.197 - - [01/Feb/2019:14:06:25 -0500] "GET /en/forum/5-Tariscope-2%D1%85/182-Re-%D0%BA%D0%BE%D0%B4%D1%8B-%D0%B3%D0%BE%D1%80%D0%BE%D0%B4%D0%BE%D0%B2-%D0%B2-%D1%80%D0%B5%D0%BA%D0%B0%D1%81%D1%82%D0%B8%D0%BD%D0%B3%D0%B5/index.php?option=com_content&view=article&id=165&catid=55&lang=en&Itemid=230 HTTP/1.1" 200 5538 "-" "Mozilla/5.0 (compatible; MJ12bot/v1.4.8; http://mj12bot.com/)"
173.212.242.197 - - [01/Feb/2019:14:06:36 -0500] "GET /en/forum/5-Tariscope-2%D1%85/183-Re-%D0%BA%D0%BE%D0%B4%D1%8B-%D0%B3%D0%BE%D1%80%D0%BE%D0%B4%D0%BE%D0%B2-%D0%B2-%D1%80%D0%B5%D0%BA%D0%B0%D1%81%D1%82%D0%B8%D0%BD%D0%B3%D0%B5/index.php HTTP/1.1" 302 566 "-" "Mozilla/5.0 (compatible; MJ12bot/v1.4.8; http://mj12bot.com/)"
46.229.168.153 - - [01/Feb/2019:14:06:39 -0500] "GET /robots.txt HTTP/1.1" 200 508 "-" "Mozilla/5.0 (compatible; SemrushBot/3~bl; +http://www.semrush.com/bot.html)"
46.229.168.147 - - [01/Feb/2019:14:06:39 -0500] "GET /uk/74-support_uk/administrator-guide-uk/713-site-sections-configuration-2.html HTTP/1.1" 200 8710 "-" "Mozilla/5.0 (compatible; SemrushBot/3~bl; +http://www.semrush.com/bot.html)"
173.212.242.197 - - [01/Feb/2019:14:06:40 -0500] "GET /en/forum/5-Tariscope-2%D1%85/183-Re-%D0%BA%D0%BE%D0%B4%D1%8B-%D0%B3%D0%BE%D1%80%D0%BE%D0%B4%D0%BE%D0%B2-%D0%B2-%D1%80%D0%B5%D0%BA%D0%B0%D1%81%D1%82%D0%B8%D0%BD%D0%B3%D0%B5/index.php?option=com_content&view=article&id=165&catid=55&lang=en&Itemid=230 HTTP/1.1" 200 5538 "-" "Mozilla/5.0 (compatible; MJ12bot/v1.4.8; http://mj12bot.com/)"
173.212.242.197 - - [01/Feb/2019:14:06:51 -0500] "GET /en/forum/5-Tariscope-2%D1%85/184-Re-%D0%BA%D0%BE%D0%B4%D1%8B-%D0%B3%D0%BE%D1%80%D0%BE%D0%B4%D0%BE%D0%B2-%D0%B2-%D1%80%D0%B5%D0%BA%D0%B0%D1%81%D1%82%D0%B8%D0%BD%D0%B3%D0%B5/index.php HTTP/1.1" 302 566 "-" "Mozilla/5.0 (compatible; MJ12bot/v1.4.8; http://mj12bot.com/)"
173.212.242.197 - - [01/Feb/2019:14:06:55 -0500] "GET /en/forum/5-Tariscope-2%D1%85/184-Re-%D0%BA%D0%BE%D0%B4%D1%8B-%D0%B3%D0%BE%D1%80%D0%BE%D0%B4%D0%BE%D0%B2-%D0%B2-%D1%80%D0%B5%D0%BA%D0%B0%D1%81%D1%82%D0%B8%D0%BD%D0%B3%D0%B5/index.php?option=com_content&view=article&id=165&catid=55&lang=en&Itemid=230 HTTP/1.1" 200 5538 "-" "Mozilla/5.0 (compatible; MJ12bot/v1.4.8; http://mj12bot.com/)"
173.212.242.197 - - [01/Feb/2019:14:07:00 -0500] "GET /en/forum/5-Tariscope-2%D1%85/185-CDR-Observer-%D0%BF%D0%B0%D1%80%D0%B0%D0%BC%D0%B5%D1%82%D1%80/index.php HTTP/1.1" 302 566 "-" "Mozilla/5.0 (compatible; MJ12bot/v1.4.8; http://mj12bot.com/)"
173.212.242.197 - - [01/Feb/2019:14:07:08 -0500] "GET /en/forum/5-Tariscope-2%D1%85/185-CDR-Observer-%D0%BF%D0%B0%D1%80%D0%B0%D0%BC%D0%B5%D1%82%D1%80/index.php?option=com_content&view=article&id=165&catid=55&lang=en&Itemid=230 HTTP/1.1" 200 5519 "-" "Mozilla/5.0 (compatible; MJ12bot/v1.4.8; http://mj12bot.com/)"
