54.36.148.112 - - [01/Feb/2019:10:35:41 -0500] "GET /uk/74-support_uk/administrator-guide-uk/624-telecom-node-2.html HTTP/1.1" 200 9342 "-" "Mozilla/5.0 (compatible; AhrefsBot/6.1; +http://ahrefs.com/robot/)"
54.36.148.19 - - [01/Feb/2019:10:36:05 -0500] "GET /en/component/content/article/22--tariscope-35/363-p1-web-.html HTTP/1.1" 200 9823 "-" "Mozilla/5.0 (compatible; AhrefsBot/6.1; +http://ahrefs.com/robot/)"
207.46.13.116 - - [01/Feb/2019:10:39:59 -0500] "GET /uk/74-support_uk/administrator-guide-uk/705-tariscope-tasks-2.html HTTP/1.1" 200 17037 "-" "Mozilla/5.0 (compatible; bingbot/2.0; +http://www.bing.com/bingbot.htm)"
54.36.148.225 - - [01/Feb/2019:10:40:09 -0500] "GET /en/52-products_en/features-en/119-flexible-configuration-2.html HTTP/1.1" 200 8751 "-" "Mozilla/5.0 (compatible; AhrefsBot/6.1; +http://ahrefs.com/robot/)"
54.36.148.210 - - [01/Feb/2019:10:40:59 -0500] "GET /ru/download/download-documentation/category/8-doc_for_ts_3_x_ru.html HTTP/1.1" 200 7962 "-" "Mozilla/5.0 (compatible; AhrefsBot/6.1; +http://ahrefs.com/robot/)"
46.229.168.150 - - [01/Feb/2019:10:41:33 -0500] "GET /en/support/knowledge-base/11-download-tariscope-34/index.php HTTP/1.1" 302 585 "-" "Mozilla/5.0 (compatible; SemrushBot/3~bl; +http://www.semrush.com/bot.html)"
46.229.168.135 - - [01/Feb/2019:10:41:35 -0500] "GET /en/support/knowledge-base/11-download-tariscope-34/index.php?Itemid=230&catid=55&id=165&lang=en&option=com_content&view=article HTTP/1.1" 200 5615 "-" "Mozilla/5.0 (compatible; SemrushBot/3~bl; +http://www.semrush.com/bot.html)"
109.126.249.18 - - [01/Feb/2019:10:42:02 -0500] "GET /ru/r-partners-ru.html HTTP/1.0" 200 86157 "http://www.tariscope.com/ru/r-partners-ru.html" "Mozilla/5.0 (Windows NT 6.1; WOW64) AppleWebKit/537.36 (KHTML, like Gecko) Chrome/66.0.3359.170 Safari/537.36 OPR/53.0.2907.99"
109.126.249.18 - - [01/Feb/2019:10:42:04 -0500] "GET /create-an-account.html HTTP/1.0" 302 414 "http://www.tariscope.com/create-an-account.html" "Mozilla/5.0 (Windows NT 6.1; WOW64) AppleWebKit/537.36 (KHTML, like Gecko) Chrome/66.0.3359.170 Safari/537.36 OPR/53.0.2907.99"
109.126.249.18 - - [01/Feb/2019:10:42:05 -0500] "GET /ru/create-an-account.html HTTP/1.0" 302 494 "http://www.tariscope.com/ru/create-an-account.html" "Mozilla/5.0 (Windows NT 6.1; WOW64) AppleWebKit/537.36 (KHTML, like Gecko) Chrome/66.0.3359.170 Safari/537.36 OPR/53.0.2907.99"
109.126.249.18 - - [01/Feb/2019:10:42:05 -0500] "GET /ru/index.php?option=com_content&view=article&id=165&catid=55&lang=en&Itemid=230 HTTP/1.0" 200 19811 "http://www.tariscope.com/index.php?option=com_content&view=article&id=165&catid=55&lang=en&Itemid=230" "Mozilla/5.0 (Windows NT 6.1; WOW64) AppleWebKit/537.36 (KHTML, like Gecko) Chrome/66.0.3359.170 Safari/537.36 OPR/53.0.2907.99"
79.172.116.184 - - [01/Feb/2019:10:43:07 -0500] "GET /ru/support/kb/64-support_ru/administrator-s-guide/441-avaya-cs1000-bcm.html HTTP/1.1" 200 8004 "http://yandex.ru/clck/jsredir?bu=df5l&from=yandex.ru%3Bsearch%2F%3Bweb%3B%3B&text=&etext=2050.OdruSN_Yoz2NrE12Bdke4TLvLVzDmDShCNHTJu85ymnPSa1Kq6ORiRJcTto3yZDV-zN-D9Lo0Nqqztt5NYhEYA.410b65b1cae1dcb5fffb080ae599489e02dc23df&uuid=&state=PEtFfuTeVD5kpHnK9lio9WCnKp0DidhEWbcdj2mRqenlRMIZpuf8iy0wYs_FrNu_Ca8OhB5cKGPsX0-2BiIIflYguTGdzokA_VlFoC6ITH236WKLLakQ--Se-fGG972DOgq89hJH7AM,&&cst=AiuY0DBWFJ5fN_r-AEszk2RwHxeAA5nfi33Bg2RntQUziUw4ApWHlzcCcPIW2ScQ8WMyWok0T1TiGhAdcLbabYklwO0GkOmBl1p24FPo6Wgy274eXUVD4S5odp6Xn9xdB50nDCUOkSWQ6REXXkci2sgjdD6G82jvPzMchedNwwYvIlqX4_fVaAMQMR-0ZQT5UQTwzpFwO1yZB8nzSVgxVSZ5Jg0BMd_QlHnA7QnOlujPLekk3n0thtFV9zX1s5zxxvJqIKQ6yG5tO9QrQaDPN0ynD5vkQuNsArREwa0eWf03oA7YZQZCwtkCSBXA0o5t2pN_1gLXOHEUA_kDya3RPyU3VRnqcWgIjM8ejC0YFvaO0_q_-v6w5TLanbN01waJFn6U-J1Nvd_qVqafvpmhLw,,&data=UlNrNmk5WktYejR0eWJFYk1LdmtxbTN0aVlWM3QxdXhCTXVfWDRpOHZ0d2c3cnN5MUs2THV3N2h1Ul9jM2VPQWtjRVJEZWo0cXN6YnRBWE9NY213dnE0NEItRVJFSTQ1V3dCVDlUZE9FZlVVdGY4RkJzQnhCWVVPa2pYMVlxMnFRMlVnRk1SRWFabHNNSDF5VlY1djdZYkY0RGQyQWlKU1ViZmFJX3haQVRjUzRESmc3MXRJNFhJQkRXRGFBQno0Wm8xRldlR1NiNnhGLWNMVVVmQ3FMQSws&sign=0462393f23cb257b0d4e30fb694e7b2d&keyno=0&b64e=2&ref=orjY4mGPRjk5boDnW0uvlrrd71vZw9kpjly_ySFdX80,&l10n=ru&cts=1549035786910" "Mozilla/5.0 (Windows NT 10.0; WOW64; Trident/7.0; rv:11.0) like Gecko"
79.172.116.184 - - [01/Feb/2019:10:43:08 -0500] "GET /templates/it_zen/assets/css/animations.css HTTP/1.1" 200 4047 "http://www.tariscope.com/ru/support/kb/64-support_ru/administrator-s-guide/441-avaya-cs1000-bcm.html" "Mozilla/5.0 (Windows NT 10.0; WOW64; Trident/7.0; rv:11.0) like Gecko"
79.172.116.184 - - [01/Feb/2019:10:43:08 -0500] "GET /media/jui/js/jquery.min.js?5929a7840c1a7b9219472557205f28c3 HTTP/1.1" 200 34065 "http://www.tariscope.com/ru/support/kb/64-support_ru/administrator-s-guide/441-avaya-cs1000-bcm.html" "Mozilla/5.0 (Windows NT 10.0; WOW64; Trident/7.0; rv:11.0) like Gecko"
79.172.116.184 - - [01/Feb/2019:10:43:08 -0500] "GET /templates/it_zen/assets/less/template.css HTTP/1.1" 200 38472 "http://www.tariscope.com/ru/support/kb/64-support_ru/administrator-s-guide/441-avaya-cs1000-bcm.html" "Mozilla/5.0 (Windows NT 10.0; WOW64; Trident/7.0; rv:11.0) like Gecko"
79.172.116.184 - - [01/Feb/2019:10:43:08 -0500] "GET /templates/it_zen/assets/css/custom.css HTTP/1.1" 200 522 "http://www.tariscope.com/ru/support/kb/64-support_ru/administrator-s-guide/441-avaya-cs1000-bcm.html" "Mozilla/5.0 (Windows NT 10.0; WOW64; Trident/7.0; rv:11.0) like Gecko"
79.172.116.184 - - [01/Feb/2019:10:43:08 -0500] "GET /templates/it_zen/assets/less/template_responsive.css HTTP/1.1" 200 5677 "http://www.tariscope.com/ru/support/kb/64-support_ru/administrator-s-guide/441-avaya-cs1000-bcm.html" "Mozilla/5.0 (Windows NT 10.0; WOW64; Trident/7.0; rv:11.0) like Gecko"
79.172.116.184 - - [01/Feb/2019:10:43:08 -0500] "GET /media/mod_languages/css/template.css HTTP/1.1" 200 508 "http://www.tariscope.com/ru/support/kb/64-support_ru/administrator-s-guide/441-avaya-cs1000-bcm.html" "Mozilla/5.0 (Windows NT 10.0; WOW64; Trident/7.0; rv:11.0) like Gecko"
79.172.116.184 - - [01/Feb/2019:10:43:08 -0500] "GET /media/jui/js/jquery-migrate.min.js?5929a7840c1a7b9219472557205f28c3 HTTP/1.1" 200 4365 "http://www.tariscope.com/ru/support/kb/64-support_ru/administrator-s-guide/441-avaya-cs1000-bcm.html" "Mozilla/5.0 (Windows NT 10.0; WOW64; Trident/7.0; rv:11.0) like Gecko"
79.172.116.184 - - [01/Feb/2019:10:43:09 -0500] "GET /media/system/js/caption.js?5929a7840c1a7b9219472557205f28c3 HTTP/1.1" 200 685 "http://www.tariscope.com/ru/support/kb/64-support_ru/administrator-s-guide/441-avaya-cs1000-bcm.html" "Mozilla/5.0 (Windows NT 10.0; WOW64; Trident/7.0; rv:11.0) like Gecko"
79.172.116.184 - - [01/Feb/2019:10:43:09 -0500] "GET /media/jui/js/bootstrap.min.js?5929a7840c1a7b9219472557205f28c3 HTTP/1.1" 200 8052 "http://www.tariscope.com/ru/support/kb/64-support_ru/administrator-s-guide/441-avaya-cs1000-bcm.html" "Mozilla/5.0 (Windows NT 10.0; WOW64; Trident/7.0; rv:11.0) like Gecko"
79.172.116.184 - - [01/Feb/2019:10:43:09 -0500] "GET /templates/it_zen/assets/js/template.js HTTP/1.1" 200 2981 "http://www.tariscope.com/ru/support/kb/64-support_ru/administrator-s-guide/441-avaya-cs1000-bcm.html" "Mozilla/5.0 (Windows NT 10.0; WOW64; Trident/7.0; rv:11.0) like Gecko"
79.172.116.184 - - [01/Feb/2019:10:43:09 -0500] "GET /templates/it_zen/assets/js/jquery.stellar.min.js HTTP/1.1" 200 3749 "http://www.tariscope.com/ru/support/kb/64-support_ru/administrator-s-guide/441-avaya-cs1000-bcm.html" "Mozilla/5.0 (Windows NT 10.0; WOW64; Trident/7.0; rv:11.0) like Gecko"
79.172.116.184 - - [01/Feb/2019:10:43:09 -0500] "GET /media/system/js/html5fallback.js HTTP/1.1" 200 2695 "http://www.tariscope.com/ru/support/kb/64-support_ru/administrator-s-guide/441-avaya-cs1000-bcm.html" "Mozilla/5.0 (Windows NT 10.0; WOW64; Trident/7.0; rv:11.0) like Gecko"
79.172.116.184 - - [01/Feb/2019:10:43:09 -0500] "GET /modules/mod_globalnews/scripts/slider.js HTTP/1.1" 200 2410 "http://www.tariscope.com/ru/support/kb/64-support_ru/administrator-s-guide/441-avaya-cs1000-bcm.html" "Mozilla/5.0 (Windows NT 10.0; WOW64; Trident/7.0; rv:11.0) like Gecko"
79.172.116.184 - - [01/Feb/2019:10:43:09 -0500] "GET /templates/it_zen/assets/js/jquery.pageslide.min.js HTTP/1.1" 200 1190 "http://www.tariscope.com/ru/support/kb/64-support_ru/administrator-s-guide/441-avaya-cs1000-bcm.html" "Mozilla/5.0 (Windows NT 10.0; WOW64; Trident/7.0; rv:11.0) like Gecko"
79.172.116.184 - - [01/Feb/2019:10:43:09 -0500] "GET /templates/it_zen/assets/js/css3-animate-it.min.js HTTP/1.1" 200 1545 "http://www.tariscope.com/ru/support/kb/64-support_ru/administrator-s-guide/441-avaya-cs1000-bcm.html" "Mozilla/5.0 (Windows NT 10.0; WOW64; Trident/7.0; rv:11.0) like Gecko"
79.172.116.184 - - [01/Feb/2019:10:43:09 -0500] "GET /media/mod_languages/images/en.gif HTTP/1.1" 200 1312 "http://www.tariscope.com/ru/support/kb/64-support_ru/administrator-s-guide/441-avaya-cs1000-bcm.html" "Mozilla/5.0 (Windows NT 10.0; WOW64; Trident/7.0; rv:11.0) like Gecko"
79.172.116.184 - - [01/Feb/2019:10:43:09 -0500] "GET /media/mod_languages/images/uk.gif HTTP/1.1" 200 334 "http://www.tariscope.com/ru/support/kb/64-support_ru/administrator-s-guide/441-avaya-cs1000-bcm.html" "Mozilla/5.0 (Windows NT 10.0; WOW64; Trident/7.0; rv:11.0) like Gecko"
79.172.116.184 - - [01/Feb/2019:10:43:09 -0500] "GET /media/mod_languages/images/de.gif HTTP/1.1" 200 344 "http://www.tariscope.com/ru/support/kb/64-support_ru/administrator-s-guide/441-avaya-cs1000-bcm.html" "Mozilla/5.0 (Windows NT 10.0; WOW64; Trident/7.0; rv:11.0) like Gecko"
79.172.116.184 - - [01/Feb/2019:10:43:09 -0500] "GET /media/mod_languages/images/ru.gif HTTP/1.1" 200 376 "http://www.tariscope.com/ru/support/kb/64-support_ru/administrator-s-guide/441-avaya-cs1000-bcm.html" "Mozilla/5.0 (Windows NT 10.0; WOW64; Trident/7.0; rv:11.0) like Gecko"
79.172.116.184 - - [01/Feb/2019:10:43:09 -0500] "GET /images/information/mini_logo.png HTTP/1.1" 200 8085 "http://www.tariscope.com/ru/support/kb/64-support_ru/administrator-s-guide/441-avaya-cs1000-bcm.html" "Mozilla/5.0 (Windows NT 10.0; WOW64; Trident/7.0; rv:11.0) like Gecko"
79.172.116.184 - - [01/Feb/2019:10:43:09 -0500] "GET /modules/mod_globalnews/thumbs/07/b_48_48_16777215_827_info_icon48.png HTTP/1.1" 200 3286 "http://www.tariscope.com/ru/support/kb/64-support_ru/administrator-s-guide/441-avaya-cs1000-bcm.html" "Mozilla/5.0 (Windows NT 10.0; WOW64; Trident/7.0; rv:11.0) like Gecko"
79.172.116.184 - - [01/Feb/2019:10:43:09 -0500] "GET /images/knowledge_base/parsers/ru_cs1000.png HTTP/1.1" 200 4227 "http://www.tariscope.com/ru/support/kb/64-support_ru/administrator-s-guide/441-avaya-cs1000-bcm.html" "Mozilla/5.0 (Windows NT 10.0; WOW64; Trident/7.0; rv:11.0) like Gecko"
79.172.116.184 - - [01/Feb/2019:10:43:09 -0500] "GET /modules/mod_globalnews/thumbs/05/b_48_48_16777215_825_info_icon48.png HTTP/1.1" 200 3286 "http://www.tariscope.com/ru/support/kb/64-support_ru/administrator-s-guide/441-avaya-cs1000-bcm.html" "Mozilla/5.0 (Windows NT 10.0; WOW64; Trident/7.0; rv:11.0) like Gecko"
79.172.116.184 - - [01/Feb/2019:10:43:09 -0500] "GET /modules/mod_globalnews/thumbs/01/b_48_48_16777215_821_new_green48.png HTTP/1.1" 200 2357 "http://www.tariscope.com/ru/support/kb/64-support_ru/administrator-s-guide/441-avaya-cs1000-bcm.html" "Mozilla/5.0 (Windows NT 10.0; WOW64; Trident/7.0; rv:11.0) like Gecko"
79.172.116.184 - - [01/Feb/2019:10:43:09 -0500] "GET /modules/mod_globalnews/thumbs/08/b_48_48_16777215_818_info_icon48.png HTTP/1.1" 200 3286 "http://www.tariscope.com/ru/support/kb/64-support_ru/administrator-s-guide/441-avaya-cs1000-bcm.html" "Mozilla/5.0 (Windows NT 10.0; WOW64; Trident/7.0; rv:11.0) like Gecko"
79.172.116.184 - - [01/Feb/2019:10:43:09 -0500] "GET /modules/mod_globalnews/thumbs/09/b_48_48_16777215_809_info_icon48.png HTTP/1.1" 200 3286 "http://www.tariscope.com/ru/support/kb/64-support_ru/administrator-s-guide/441-avaya-cs1000-bcm.html" "Mozilla/5.0 (Windows NT 10.0; WOW64; Trident/7.0; rv:11.0) like Gecko"
79.172.116.184 - - [01/Feb/2019:10:43:09 -0500] "GET /media/jui/js/jquery-noconflict.js?5929a7840c1a7b9219472557205f28c3 HTTP/1.1" 200 317 "http://www.tariscope.com/ru/support/kb/64-support_ru/administrator-s-guide/441-avaya-cs1000-bcm.html" "Mozilla/5.0 (Windows NT 10.0; WOW64; Trident/7.0; rv:11.0) like Gecko"
79.172.116.184 - - [01/Feb/2019:10:43:09 -0500] "GET /templates/it_zen/assets/less/styles/style1.css HTTP/1.1" 200 3299 "http://www.tariscope.com/ru/support/kb/64-support_ru/administrator-s-guide/441-avaya-cs1000-bcm.html" "Mozilla/5.0 (Windows NT 10.0; WOW64; Trident/7.0; rv:11.0) like Gecko"
79.172.116.184 - - [01/Feb/2019:10:43:09 -0500] "GET /images/information/logo.png HTTP/1.1" 200 84186 "http://www.tariscope.com/ru/support/kb/64-support_ru/administrator-s-guide/441-avaya-cs1000-bcm.html" "Mozilla/5.0 (Windows NT 10.0; WOW64; Trident/7.0; rv:11.0) like Gecko"
79.172.116.184 - - [01/Feb/2019:10:43:09 -0500] "GET /templates/it_zen/assets/images/icon_top.png HTTP/1.1" 200 1578 "http://www.tariscope.com/ru/support/kb/64-support_ru/administrator-s-guide/441-avaya-cs1000-bcm.html" "Mozilla/5.0 (Windows NT 10.0; WOW64; Trident/7.0; rv:11.0) like Gecko"
79.172.116.184 - - [01/Feb/2019:10:43:10 -0500] "GET /templates/it_zen/favicon.ico HTTP/1.1" 200 3939 "-" "Mozilla/5.0 (Windows NT 10.0; Win64; x64; Trident/7.0; rv:11.0) like Gecko"
85.21.155.152 - - [01/Feb/2019:10:44:01 -0500] "GET /ru/products/tariscope-enterprise.html HTTP/1.1" 200 11599 "-" "Mozilla/5.0 (Windows NT 10.0; Win64; x64) AppleWebKit/537.36 (KHTML, like Gecko) Chrome/71.0.3578.98 Safari/537.36"
37.9.113.163 - - [01/Feb/2019:10:45:08 -0500] "GET /en/ts-ent/59-support_en/admin-guide/210-tariscope-personal-area-installation.html HTTP/1.1" 200 7891 "-" "Mozilla/5.0 (compatible; YandexBot/3.0; +http://yandex.com/bots)"
157.55.39.176 - - [01/Feb/2019:10:47:11 -0500] "GET /uk/news/824-new-year-uk.html HTTP/1.1" 200 6980 "-" "Mozilla/5.0 (compatible; bingbot/2.0; +http://www.bing.com/bingbot.htm)"
40.77.194.216 - - [01/Feb/2019:10:47:25 -0500] "GET /media/mod_languages/css/template.css HTTP/1.1" 200 642 "-" "Mozilla/5.0 (Windows NT 6.1; WOW64) AppleWebKit/534+ (KHTML, like Gecko) BingPreview/1.0b"
40.77.195.16 - - [01/Feb/2019:10:47:29 -0500] "GET /media/jui/js/bootstrap.min.js?5929a7840c1a7b9219472557205f28c3 HTTP/1.1" 200 29480 "-" "Mozilla/5.0 (Windows NT 6.1; WOW64) AppleWebKit/534+ (KHTML, like Gecko) BingPreview/1.0b"
40.77.194.117 - - [01/Feb/2019:10:47:36 -0500] "GET /media/jui/fonts/IcoMoon.ttf HTTP/1.1" 200 25344 "-" "Mozilla/5.0 (Windows NT 6.1; WOW64) AppleWebKit/534+ (KHTML, like Gecko) BingPreview/1.0b"
40.77.252.91 - - [01/Feb/2019:10:47:37 -0500] "GET /media/jui/fonts/IcoMoon.svg HTTP/1.1" 200 86336 "-" "Mozilla/5.0 (Windows NT 6.1; WOW64) AppleWebKit/534+ (KHTML, like Gecko) BingPreview/1.0b"
95.108.213.14 - - [01/Feb/2019:10:48:35 -0500] "GET /uk/downloads/57-company_uk/partners/191-swaziland-ru.html HTTP/1.1" 200 4582 "-" "Mozilla/5.0 (compatible; YandexBot/3.0; +http://yandex.com/bots)"
95.108.213.14 - - [01/Feb/2019:10:49:32 -0500] "GET /index.php?option=com_content&view=article&id=134:data-comparison-ru&catid=53:features_ru&lang=ru-RU&Itemid=107 HTTP/1.1" 302 621 "-" "Mozilla/5.0 (compatible; YandexBot/3.0; +http://yandex.com/bots)"
95.108.213.14 - - [01/Feb/2019:10:49:36 -0500] "GET /ru/?option=com_content&view=article&id=134:data-comparison-ru&catid=53:features_ru&lang=ru-RU&Itemid=107 HTTP/1.1" 200 9525 "-" "Mozilla/5.0 (compatible; YandexBot/3.0; +http://yandex.com/bots)"
111.202.100.130 - - [01/Feb/2019:10:49:56 -0500] "GET /robots.txt HTTP/1.1" 200 720 "-" "Sogou web spider/4.0(+http://www.sogou.com/docs/help/webmasters.htm#07)"
54.36.148.222 - - [01/Feb/2019:10:50:15 -0500] "GET /uk/component/content/article/67-working-with-tariscope-vmware.html HTTP/1.1" 200 10951 "-" "Mozilla/5.0 (compatible; AhrefsBot/6.1; +http://ahrefs.com/robot/)"
111.202.100.130 - - [01/Feb/2019:10:50:52 -0500] "GET / HTTP/1.1" 301 569 "-" "Sogou web spider/4.0(+http://www.sogou.com/docs/help/webmasters.htm#07)"
40.77.167.161 - - [01/Feb/2019:10:51:11 -0500] "GET /en/59-support_en/admin-guide/210-tariscope-personal-area-installation.html HTTP/1.1" 200 9190 "-" "Mozilla/5.0 (compatible; bingbot/2.0; +http://www.bing.com/bingbot.htm)"
54.36.148.121 - - [01/Feb/2019:10:52:32 -0500] "GET /uk/news/73-support_uk/how-to-configure/594-creating-virtual-subscribers.html HTTP/1.1" 200 8094 "-" "Mozilla/5.0 (compatible; AhrefsBot/6.1; +http://ahrefs.com/robot/)"
111.202.100.130 - - [01/Feb/2019:10:52:51 -0500] "GET /en/ HTTP/1.1" 200 8709 "-" "Sogou web spider/4.0(+http://www.sogou.com/docs/help/webmasters.htm#07)"
46.229.168.152 - - [01/Feb/2019:10:56:04 -0500] "GET /en/58-support_en/ts-equipment-en/205-call-quality-for-cucm.html HTTP/1.1" 200 14252 "-" "Mozilla/5.0 (compatible; SemrushBot/3~bl; +http://www.semrush.com/bot.html)"
54.36.149.68 - - [01/Feb/2019:10:58:19 -0500] "GET /en/download/download-tariscope/category/4.html HTTP/1.1" 200 8021 "-" "Mozilla/5.0 (compatible; AhrefsBot/6.1; +http://ahrefs.com/robot/)"
54.36.148.148 - - [01/Feb/2019:10:58:50 -0500] "GET /en/60-support_en/user-s-guide/362-filter-by-selection.html HTTP/1.1" 200 8117 "-" "Mozilla/5.0 (compatible; AhrefsBot/6.1; +http://ahrefs.com/robot/)"
46.229.168.136 - - [01/Feb/2019:10:59:11 -0500] "GET /robots.txt HTTP/1.1" 200 508 "-" "Mozilla/5.0 (compatible; SemrushBot/3~bl; +http://www.semrush.com/bot.html)"
46.229.168.139 - - [01/Feb/2019:10:59:11 -0500] "GET /ru/news/66-support_ru/users-guide/570-records-deletion.html HTTP/1.1" 200 7124 "-" "Mozilla/5.0 (compatible; SemrushBot/3~bl; +http://www.semrush.com/bot.html)"
216.244.66.196 - - [01/Feb/2019:10:59:30 -0500] "GET /uk/news.html?start=15 HTTP/1.1" 200 34868 "-" "Mozilla/5.0 (compatible; DotBot/1.1; http://www.opensiteexplorer.org/dotbot, help@moz.com)"
5.196.87.34 - - [01/Feb/2019:11:03:29 -0500] "GET /en/forum/5-Tariscope-Basic--Standard/200-Re-%D0%9F%D0%BE%D0%BB%D1%83%D1%87%D0%B5%D0%BD%D0%B8%D0%B5-%D0%BB%D0%BE%D0%B3%D0%B0-%D0%BE%D1%82-Panasonic-KX-TDE200/post.html?do=reply HTTP/1.1" 302 566 "-" "Mozilla/5.0 (compatible; AhrefsBot/6.1; +http://ahrefs.com/robot/)"
46.229.168.138 - - [01/Feb/2019:11:04:20 -0500] "GET /ru/64-support_ru/administrator-s-guide/501-hotel-systems.html HTTP/1.1" 200 10810 "-" "Mozilla/5.0 (compatible; SemrushBot/3~bl; +http://www.semrush.com/bot.html)"
109.87.108.165 - admin [01/Feb/2019:11:04:30 -0500] "GET /administrator/index.php?option=com_content&task=article.edit&id=80 HTTP/1.1" 200 3285 "http://tariscope.com/administrator/index.php?option=com_content&view=articles" "Mozilla/5.0 (Windows NT 10.0; Win64; x64) AppleWebKit/537.36 (KHTML, like Gecko) Chrome/70.0.3538.102 Safari/537.36 OPR/57.0.3098.116"
109.87.108.165 - admin [01/Feb/2019:11:04:33 -0500] "POST /administrator/index.php HTTP/1.1" 303 673 "http://tariscope.com/administrator/index.php?option=com_content&task=article.edit&id=80" "Mozilla/5.0 (Windows NT 10.0; Win64; x64) AppleWebKit/537.36 (KHTML, like Gecko) Chrome/70.0.3538.102 Safari/537.36 OPR/57.0.3098.116"
109.87.108.165 - admin [01/Feb/2019:11:04:35 -0500] "GET /administrator/index.php?option=com_content&task=article.edit&id=80 HTTP/1.1" 303 478 "http://tariscope.com/administrator/index.php?option=com_content&task=article.edit&id=80" "Mozilla/5.0 (Windows NT 10.0; Win64; x64) AppleWebKit/537.36 (KHTML, like Gecko) Chrome/70.0.3538.102 Safari/537.36 OPR/57.0.3098.116"
109.87.108.165 - admin [01/Feb/2019:11:04:37 -0500] "POST /administrator/index.php HTTP/1.1" 303 492 "http://tariscope.com/administrator/index.php?option=com_content&task=article.edit&id=80" "Mozilla/5.0 (Windows NT 10.0; Win64; x64) AppleWebKit/537.36 (KHTML, like Gecko) Chrome/70.0.3538.102 Safari/537.36 OPR/57.0.3098.116"
109.87.108.165 - admin [01/Feb/2019:11:04:38 -0500] "GET /administrator/index.php?option=com_content&task=article.edit&id=80 HTTP/1.1" 303 478 "http://tariscope.com/administrator/index.php?option=com_content&task=article.edit&id=80" "Mozilla/5.0 (Windows NT 10.0; Win64; x64) AppleWebKit/537.36 (KHTML, like Gecko) Chrome/70.0.3538.102 Safari/537.36 OPR/57.0.3098.116"
109.87.108.165 - admin [01/Feb/2019:11:04:35 -0500] "GET /administrator/index.php?option=com_content&view=article&layout=edit&id=80 HTTP/1.1" 200 14600 "http://tariscope.com/administrator/index.php?option=com_content&task=article.edit&id=80" "Mozilla/5.0 (Windows NT 10.0; Win64; x64) AppleWebKit/537.36 (KHTML, like Gecko) Chrome/70.0.3538.102 Safari/537.36 OPR/57.0.3098.116"
109.87.108.165 - admin [01/Feb/2019:11:04:39 -0500] "GET /administrator/index.php?option=com_content&view=article&layout=edit&id=80 HTTP/1.1" 200 27856 "http://tariscope.com/administrator/index.php?option=com_content&task=article.edit&id=80" "Mozilla/5.0 (Windows NT 10.0; Win64; x64) AppleWebKit/537.36 (KHTML, like Gecko) Chrome/70.0.3538.102 Safari/537.36 OPR/57.0.3098.116"
109.87.108.165 - admin [01/Feb/2019:11:04:45 -0500] "GET /administrator/index.php?option=com_jce&view=editor&layout=editor&task=loadlanguages&lang=en&component_id=22&0dd800985cc7707801c3b88005565c7e=1 HTTP/1.1" 200 4787 "http://tariscope.com/administrator/index.php?option=com_content&view=article&layout=edit&id=80" "Mozilla/5.0 (Windows NT 10.0; Win64; x64) AppleWebKit/537.36 (KHTML, like Gecko) Chrome/70.0.3538.102 Safari/537.36 OPR/57.0.3098.116"
54.36.149.49 - - [01/Feb/2019:11:05:09 -0500] "GET /en/59-support_en/admin-guide/212-installation-web-admin.html HTTP/1.1" 200 8342 "-" "Mozilla/5.0 (compatible; AhrefsBot/6.1; +http://ahrefs.com/robot/)"
157.55.39.83 - - [01/Feb/2019:11:06:38 -0500] "GET /en/44-company_en/partners/467-usa.html HTTP/1.1" 200 8004 "-" "Mozilla/5.0 (compatible; bingbot/2.0; +http://www.bing.com/bingbot.htm)"
207.46.13.116 - - [01/Feb/2019:11:07:31 -0500] "GET /en/52-products_en/features-en/390-comparison-of-editions.html HTTP/1.1" 200 8357 "-" "Mozilla/5.0 (compatible; bingbot/2.0; +http://www.bing.com/bingbot.htm)"
95.108.213.14 - - [01/Feb/2019:11:08:34 -0500] "GET /robots.txt HTTP/1.1" 200 757 "-" "Mozilla/5.0 (compatible; YandexBot/3.0; +http://yandex.com/bots)"
95.108.213.14 - - [01/Feb/2019:11:08:36 -0500] "GET /uk/75-support_uk/user-s-guide/780-periodic-service-charge-uk.html HTTP/1.1" 200 10386 "-" "Mozilla/5.0 (compatible; YandexBot/3.0; +http://yandex.com/bots)"
54.36.149.21 - - [01/Feb/2019:11:08:37 -0500] "GET /uk/75-support_uk/user-s-guide/769-call-details-2.html HTTP/1.1" 200 10061 "-" "Mozilla/5.0 (compatible; AhrefsBot/6.1; +http://ahrefs.com/robot/)"
109.87.108.165 - admin [01/Feb/2019:11:08:56 -0500] "POST /administrator/index.php?option=com_content&layout=edit&id=80 HTTP/1.1" 303 462 "http://tariscope.com/administrator/index.php?option=com_content&view=article&layout=edit&id=80" "Mozilla/5.0 (Windows NT 10.0; Win64; x64) AppleWebKit/537.36 (KHTML, like Gecko) Chrome/70.0.3538.102 Safari/537.36 OPR/57.0.3098.116"
109.87.108.165 - admin [01/Feb/2019:11:08:58 -0500] "GET /administrator/index.php?option=com_content&view=articles HTTP/1.1" 200 17879 "http://tariscope.com/administrator/index.php?option=com_content&view=article&layout=edit&id=80" "Mozilla/5.0 (Windows NT 10.0; Win64; x64) AppleWebKit/537.36 (KHTML, like Gecko) Chrome/70.0.3538.102 Safari/537.36 OPR/57.0.3098.116"
109.87.108.165 - - [01/Feb/2019:11:09:19 -0500] "GET /ru/company/contacts.html HTTP/1.1" 200 7801 "http://tariscope.com/uk/company/contacts.html" "Mozilla/5.0 (Windows NT 10.0; Win64; x64) AppleWebKit/537.36 (KHTML, like Gecko) Chrome/70.0.3538.102 Safari/537.36 OPR/57.0.3098.116"
109.87.108.165 - - [01/Feb/2019:11:09:56 -0500] "GET /uk/company/contacts.html HTTP/1.1" 200 7857 "http://tariscope.com/ru/company/contacts.html" "Mozilla/5.0 (Windows NT 10.0; Win64; x64) AppleWebKit/537.36 (KHTML, like Gecko) Chrome/70.0.3538.102 Safari/537.36 OPR/57.0.3098.116"
46.229.168.140 - - [01/Feb/2019:11:10:42 -0500] "GET /en/support/kb/60-support_en/user-s-guide/371-other-features-of-view.html HTTP/1.1" 200 7209 "-" "Mozilla/5.0 (compatible; SemrushBot/3~bl; +http://www.semrush.com/bot.html)"
54.36.148.146 - - [01/Feb/2019:11:10:42 -0500] "GET /ru/support/kb/64-support_ru/administrator-s-guide/462-subscribers.html HTTP/1.1" 200 8683 "-" "Mozilla/5.0 (compatible; AhrefsBot/6.1; +http://ahrefs.com/robot/)"
95.108.213.14 - - [01/Feb/2019:11:10:48 -0500] "GET /ru/support/kb/64-support_ru/administrator-s-guide/441-avaya-cs1000-bcm.html HTTP/1.1" 200 8004 "-" "Mozilla/5.0 (compatible; YandexBot/3.0; +http://yandex.com/bots)"
216.244.66.196 - - [01/Feb/2019:11:11:19 -0500] "GET /robots.txt HTTP/1.1" 200 701 "-" "Mozilla/5.0 (compatible; DotBot/1.1; http://www.opensiteexplorer.org/dotbot, help@moz.com)"
216.244.66.196 - - [01/Feb/2019:11:11:19 -0500] "GET /robots.txt HTTP/1.1" 200 701 "-" "Mozilla/5.0 (compatible; DotBot/1.1; http://www.opensiteexplorer.org/dotbot, help@moz.com)"
216.244.66.196 - - [01/Feb/2019:11:11:19 -0500] "GET /robots.txt HTTP/1.1" 200 701 "-" "Mozilla/5.0 (compatible; DotBot/1.1; http://www.opensiteexplorer.org/dotbot, help@moz.com)"
66.249.66.214 - - [01/Feb/2019:11:13:08 -0500] "GET /en/support/kb/59-support_en/admin-guide/283-subscribers-manual-input.html HTTP/1.1" 200 15765 "-" "Mozilla/5.0 (Linux; Android 6.0.1; Nexus 5X Build/MMB29P) AppleWebKit/537.36 (KHTML, like Gecko) Chrome/41.0.2272.96 Mobile Safari/537.36 (compatible; Googlebot/2.1; +http://www.google.com/bot.html)"
180.76.15.147 - - [01/Feb/2019:11:13:56 -0500] "GET / HTTP/1.1" 301 565 "-" "Mozilla/5.0 (compatible; Baiduspider/2.0; +http://www.baidu.com/search/spider.html)"
54.36.149.54 - - [01/Feb/2019:11:15:01 -0500] "GET /ru/64-support_ru/administrator-s-guide/418-aura-s8800-cdr.html HTTP/1.1" 200 10325 "-" "Mozilla/5.0 (compatible; AhrefsBot/6.1; +http://ahrefs.com/robot/)"
157.55.39.83 - - [01/Feb/2019:11:16:09 -0500] "GET /en/support/kb/59-support_en/admin-guide/208-activation.html HTTP/1.1" 200 8823 "-" "Mozilla/5.0 (compatible; bingbot/2.0; +http://www.bing.com/bingbot.htm)"
95.108.213.14 - - [01/Feb/2019:11:16:42 -0500] "GET /ru/support/kb/66-support_ru/users-guide/539-ts4-x-user-guide-purpose-ru.html HTTP/1.1" 200 7199 "-" "Mozilla/5.0 (compatible; YandexBot/3.0; +http://yandex.com/bots)"
95.108.213.14 - - [01/Feb/2019:11:17:26 -0500] "GET /ru.html HTTP/1.1" 302 527 "-" "Mozilla/5.0 (compatible; YandexBot/3.0; +http://yandex.com/bots)"
95.108.213.14 - - [01/Feb/2019:11:17:28 -0500] "GET /ru/ru.html HTTP/1.1" 302 621 "-" "Mozilla/5.0 (compatible; YandexBot/3.0; +http://yandex.com/bots)"
37.9.113.163 - - [01/Feb/2019:11:17:31 -0500] "GET /ru/index.php?option=com_content&view=article&id=165&catid=55&lang=en&Itemid=230 HTTP/1.1" 200 5574 "-" "Mozilla/5.0 (compatible; YandexBot/3.0; +http://yandex.com/bots)"
95.108.213.14 - - [01/Feb/2019:11:20:05 -0500] "GET /ru/review/20-tariscope-28-free.html HTTP/1.1" 301 532 "-" "Mozilla/5.0 (compatible; YandexBot/3.0; +http://yandex.com/bots)"
141.8.142.37 - - [01/Feb/2019:11:20:07 -0500] "GET /ru/ HTTP/1.1" 200 9658 "-" "Mozilla/5.0 (compatible; YandexBot/3.0; +http://yandex.com/bots)"
141.8.142.37 - - [01/Feb/2019:11:20:21 -0500] "GET /ru/support/equipment-configure/123-configure-integration-of-tariscope-and-cisco-systems.html HTTP/1.1" 301 532 "-" "Mozilla/5.0 (compatible; YandexBot/3.0; +http://yandex.com/bots)"
95.108.213.14 - - [01/Feb/2019:11:20:27 -0500] "GET /index.php?option=com_content&view=article&id=144&Itemid=222&lang=ru HTTP/1.1" 200 8409 "-" "Mozilla/5.0 (compatible; YandexBot/3.0; +http://yandex.com/bots)"
95.108.213.14 - - [01/Feb/2019:11:20:37 -0500] "GET /en/44-company_en/partners/85-ukraine.html HTTP/1.1" 200 9952 "-" "Mozilla/5.0 (compatible; YandexBot/3.0; +http://yandex.com/bots)"
95.108.213.14 - - [01/Feb/2019:11:20:54 -0500] "GET /index.php?option=com_content&view=article&id=405:catrgories&catid=64:administrator-s-guide&lang=ru-RU&Itemid=101 HTTP/1.1" 302 623 "-" "Mozilla/5.0 (compatible; YandexBot/3.0; +http://yandex.com/bots)"
46.229.168.133 - - [01/Feb/2019:11:21:37 -0500] "GET /robots.txt HTTP/1.1" 200 508 "-" "Mozilla/5.0 (compatible; SemrushBot/3~bl; +http://www.semrush.com/bot.html)"
46.229.168.132 - - [01/Feb/2019:11:21:38 -0500] "GET /ru/general-solutions/webinterfeys-subscriber.html HTTP/1.1" 301 580 "-" "Mozilla/5.0 (compatible; SemrushBot/3~bl; +http://www.semrush.com/bot.html)"
46.229.168.143 - - [01/Feb/2019:11:21:38 -0500] "GET /robots.txt HTTP/1.1" 200 508 "-" "Mozilla/5.0 (compatible; SemrushBot/3~bl; +http://www.semrush.com/bot.html)"
46.229.168.134 - - [01/Feb/2019:11:21:38 -0500] "GET /ru/component/content/article/53-products_ru/features_ru/141-personal-area-ru.html?Itemid=107 HTTP/1.1" 200 12014 "-" "Mozilla/5.0 (compatible; SemrushBot/3~bl; +http://www.semrush.com/bot.html)"
95.216.19.117 - - [01/Feb/2019:11:21:41 -0500] "GET /robots.txt HTTP/1.1" 200 757 "-" "Mozilla/5.0 (compatible; MJ12bot/v1.4.8; http://mj12bot.com/)"
95.216.19.117 - - [01/Feb/2019:11:21:50 -0500] "GET /uk/forum/4-Tariscope-Enterprise--Provider/178-Re-%D0%90%D0%BA%D1%82%D0%B8%D0%B2%D0%BD%D0%BE%D0%B5-%D1%83%D1%81%D1%82%D1%80%D0%BE%D0%B9%D1%81%D1%82%D0%B2%D0%BE/index.php HTTP/1.1" 302 566 "-" "Mozilla/5.0 (compatible; MJ12bot/v1.4.8; http://mj12bot.com/)"
95.216.19.117 - - [01/Feb/2019:11:21:59 -0500] "GET /uk/forum/4-Tariscope-Enterprise--Provider/178-Re-%D0%90%D0%BA%D1%82%D0%B8%D0%B2%D0%BD%D0%BE%D0%B5-%D1%83%D1%81%D1%82%D1%80%D0%BE%D0%B9%D1%81%D1%82%D0%B2%D0%BE/index.php?option=com_content&view=article&id=165&catid=55&lang=en&Itemid=230 HTTP/1.1" 200 20363 "-" "Mozilla/5.0 (compatible; MJ12bot/v1.4.8; http://mj12bot.com/)"
95.216.19.117 - - [01/Feb/2019:11:22:12 -0500] "GET /uk/forum/4-Tariscope-Enterprise--Provider/18-%D0%98%D0%B7%D0%BC%D0%B5%D0%BD%D0%B5%D0%BD%D0%B8%D0%B5-%D1%82%D0%B0%D1%80%D0%B8%D1%84%D0%BE%D0%B2/index.php HTTP/1.1" 302 566 "-" "Mozilla/5.0 (compatible; MJ12bot/v1.4.8; http://mj12bot.com/)"
95.216.19.117 - - [01/Feb/2019:11:22:33 -0500] "GET /uk/forum/4-Tariscope-Enterprise--Provider/18-%D0%98%D0%B7%D0%BC%D0%B5%D0%BD%D0%B5%D0%BD%D0%B8%D0%B5-%D1%82%D0%B0%D1%80%D0%B8%D1%84%D0%BE%D0%B2/index.php?option=com_content&view=article&id=165&catid=55&lang=en&Itemid=230 HTTP/1.1" 200 5540 "-" "Mozilla/5.0 (compatible; MJ12bot/v1.4.8; http://mj12bot.com/)"
123.125.67.221 - - [01/Feb/2019:11:22:35 -0500] "GET /robots.txt HTTP/1.1" 200 508 "-" "Mozilla/5.0 (Windows NT 10.0; WOW64) AppleWebKit/537.36 (KHTML, like Gecko) Chrome/45.0.2454.93 Safari/537.36"
46.229.168.138 - - [01/Feb/2019:11:22:47 -0500] "GET /robots.txt HTTP/1.1" 200 508 "-" "Mozilla/5.0 (compatible; SemrushBot/3~bl; +http://www.semrush.com/bot.html)"
46.229.168.145 - - [01/Feb/2019:11:22:48 -0500] "GET /uk/news/386-additional-calls-analyze.html HTTP/1.1" 200 7193 "-" "Mozilla/5.0 (compatible; SemrushBot/3~bl; +http://www.semrush.com/bot.html)"
95.216.19.117 - - [01/Feb/2019:11:22:48 -0500] "GET /uk/forum/4-Tariscope-Enterprise--Provider/187-%D0%A1%D0%BE%D0%B2%D0%BC%D0%B5%D1%81%D1%82%D0%B8%D0%BC%D0%BE%D1%81%D1%82%D1%8C-%D1%81-%D0%9A%D0%B2%D0%B0%D0%BD%D1%82-%D0%95/index.php HTTP/1.1" 302 566 "-" "Mozilla/5.0 (compatible; MJ12bot/v1.4.8; http://mj12bot.com/)"
5.196.87.34 - - [01/Feb/2019:11:23:01 -0500] "GET /uk/component/content/article/20-reports/214-2012-09-21-12-40-13.html HTTP/1.1" 302 566 "-" "Mozilla/5.0 (compatible; AhrefsBot/6.1; +http://ahrefs.com/robot/)"
95.108.213.14 - - [01/Feb/2019:11:23:08 -0500] "GET /en/products/solutions/52-products_en/features-en/119-flexible-configuration-2.html HTTP/1.1" 200 8653 "-" "Mozilla/5.0 (compatible; YandexBot/3.0; +http://yandex.com/bots)"
95.108.213.14 - - [01/Feb/2019:11:23:12 -0500] "GET /en/news/52-products_en/features-en/106-personal-area.html HTTP/1.1" 200 9833 "-" "Mozilla/5.0 (compatible; YandexBot/3.0; +http://yandex.com/bots)"
95.216.19.117 - - [01/Feb/2019:11:23:14 -0500] "GET /uk/forum/4-Tariscope-Enterprise--Provider/187-%D0%A1%D0%BE%D0%B2%D0%BC%D0%B5%D1%81%D1%82%D0%B8%D0%BC%D0%BE%D1%81%D1%82%D1%8C-%D1%81-%D0%9A%D0%B2%D0%B0%D0%BD%D1%82-%D0%95/index.php?option=com_content&view=article&id=165&catid=55&lang=en&Itemid=230 HTTP/1.1" 200 5551 "-" "Mozilla/5.0 (compatible; MJ12bot/v1.4.8; http://mj12bot.com/)"
95.216.19.117 - - [01/Feb/2019:11:23:32 -0500] "GET /uk/forum/4-Tariscope-Enterprise--Provider/188-Re-%D0%A1%D0%BE%D0%B2%D0%BC%D0%B5%D1%81%D1%82%D0%B8%D0%BC%D0%BE%D1%81%D1%82%D1%8C-%D1%81-%D0%9A%D0%B2%D0%B0%D0%BD%D1%82-%D0%95/index.php HTTP/1.1" 302 566 "-" "Mozilla/5.0 (compatible; MJ12bot/v1.4.8; http://mj12bot.com/)"
207.46.13.4 - - [01/Feb/2019:11:23:50 -0500] "GET /ru/64-support_ru/administrator-s-guide/396-personal-area-installation.html HTTP/1.1" 200 10260 "-" "Mozilla/5.0 (compatible; bingbot/2.0; +http://www.bing.com/bingbot.htm)"
95.216.19.117 - - [01/Feb/2019:11:23:51 -0500] "GET /uk/forum/4-Tariscope-Enterprise--Provider/188-Re-%D0%A1%D0%BE%D0%B2%D0%BC%D0%B5%D1%81%D1%82%D0%B8%D0%BC%D0%BE%D1%81%D1%82%D1%8C-%D1%81-%D0%9A%D0%B2%D0%B0%D0%BD%D1%82-%D0%95/index.php?option=com_content&view=article&id=165&catid=55&lang=en&Itemid=230 HTTP/1.1" 200 5555 "-" "Mozilla/5.0 (compatible; MJ12bot/v1.4.8; http://mj12bot.com/)"
95.216.19.117 - - [01/Feb/2019:11:24:04 -0500] "GET /uk/forum/4-Tariscope-Enterprise--Provider/19-Re-%D0%98%D0%B7%D0%BC%D0%B5%D0%BD%D0%B5%D0%BD%D0%B8%D0%B5-%D1%82%D0%B0%D1%80%D0%B8%D1%84%D0%BE%D0%B2/index.php HTTP/1.1" 302 566 "-" "Mozilla/5.0 (compatible; MJ12bot/v1.4.8; http://mj12bot.com/)"
95.216.19.117 - - [01/Feb/2019:11:24:16 -0500] "GET /uk/forum/4-Tariscope-Enterprise--Provider/19-Re-%D0%98%D0%B7%D0%BC%D0%B5%D0%BD%D0%B5%D0%BD%D0%B8%D0%B5-%D1%82%D0%B0%D1%80%D0%B8%D1%84%D0%BE%D0%B2/index.php?option=com_content&view=article&id=165&catid=55&lang=en&Itemid=230 HTTP/1.1" 200 5542 "-" "Mozilla/5.0 (compatible; MJ12bot/v1.4.8; http://mj12bot.com/)"
95.216.19.117 - - [01/Feb/2019:11:24:36 -0500] "GET /uk/forum/4-Tariscope-Enterprise--Provider/20-Re-%D0%98%D0%B7%D0%BC%D0%B5%D0%BD%D0%B5%D0%BD%D0%B8%D0%B5-%D1%82%D0%B0%D1%80%D0%B8%D1%84%D0%BE%D0%B2/index.php HTTP/1.1" 302 566 "-" "Mozilla/5.0 (compatible; MJ12bot/v1.4.8; http://mj12bot.com/)"
54.36.149.3 - - [01/Feb/2019:11:24:41 -0500] "GET /en/r-news/59-support_en/admin-guide/210-tariscope-personal-area-installation.html HTTP/1.1" 200 7703 "-" "Mozilla/5.0 (compatible; AhrefsBot/6.1; +http://ahrefs.com/robot/)"
95.216.19.117 - - [01/Feb/2019:11:24:54 -0500] "GET /uk/forum/4-Tariscope-Enterprise--Provider/20-Re-%D0%98%D0%B7%D0%BC%D0%B5%D0%BD%D0%B5%D0%BD%D0%B8%D0%B5-%D1%82%D0%B0%D1%80%D0%B8%D1%84%D0%BE%D0%B2/index.php?option=com_content&view=article&id=165&catid=55&lang=en&Itemid=230 HTTP/1.1" 200 5542 "-" "Mozilla/5.0 (compatible; MJ12bot/v1.4.8; http://mj12bot.com/)"
216.244.66.196 - - [01/Feb/2019:11:24:55 -0500] "GET /ru/ts-ent-ru.html HTTP/1.1" 200 41809 "-" "Mozilla/5.0 (compatible; DotBot/1.1; http://www.opensiteexplorer.org/dotbot, help@moz.com)"
95.216.19.117 - - [01/Feb/2019:11:25:16 -0500] "GET /uk/forum/4-Tariscope-Enterprise--Provider/201-%D0%9F%D0%B5%D1%80%D0%B5%D0%BF%D0%BE%D0%B4%D0%BA%D0%BB%D1%8E%D1%87%D0%B5%D0%BD%D0%B8%D0%B5-%D0%BA-%D0%90%D0%A2%D0%A1.html HTTP/1.1" 200 8510 "-" "Mozilla/5.0 (compatible; MJ12bot/v1.4.8; http://mj12bot.com/)"
95.216.19.117 - - [01/Feb/2019:11:25:30 -0500] "GET /uk/forum/4-Tariscope-Enterprise--Provider/201-%D0%9F%D0%B5%D1%80%D0%B5%D0%BF%D0%BE%D0%B4%D0%BA%D0%BB%D1%8E%D1%87%D0%B5%D0%BD%D0%B8%D0%B5-%D0%BA-%D0%90%D0%A2%D0%A1/index.php HTTP/1.1" 302 566 "-" "Mozilla/5.0 (compatible; MJ12bot/v1.4.8; http://mj12bot.com/)"
95.216.19.117 - - [01/Feb/2019:11:25:52 -0500] "GET /uk/forum/4-Tariscope-Enterprise--Provider/201-%D0%9F%D0%B5%D1%80%D0%B5%D0%BF%D0%BE%D0%B4%D0%BA%D0%BB%D1%8E%D1%87%D0%B5%D0%BD%D0%B8%D0%B5-%D0%BA-%D0%90%D0%A2%D0%A1/index.php?option=com_content&view=article&id=165&catid=55&lang=en&Itemid=230 HTTP/1.1" 200 5554 "-" "Mozilla/5.0 (compatible; MJ12bot/v1.4.8; http://mj12bot.com/)"
95.216.19.117 - - [01/Feb/2019:11:26:15 -0500] "GET /uk/forum/4-Tariscope-Enterprise--Provider/202-%D0%92%D0%BD%D0%B5%D1%81%D0%B5%D0%BD%D0%B8%D0%B5-%D0%B8%D0%B7%D0%BC%D0%B5%D0%BD%D0%B5%D0%BD%D0%B8%D0%B9-%D0%B2-%D0%BF%D0%B0%D1%80%D1%81%D0%B8%D0%BD%D0%B3.html HTTP/1.1" 200 17286 "-" "Mozilla/5.0 (compatible; MJ12bot/v1.4.8; http://mj12bot.com/)"
95.216.19.117 - - [01/Feb/2019:11:26:23 -0500] "GET /uk/forum/4-Tariscope-Enterprise--Provider/202-%D0%92%D0%BD%D0%B5%D1%81%D0%B5%D0%BD%D0%B8%D0%B5-%D0%B8%D0%B7%D0%BC%D0%B5%D0%BD%D0%B5%D0%BD%D0%B8%D0%B9-%D0%B2-%D0%BF%D0%B0%D1%80%D1%81%D0%B8%D0%BD%D0%B3/index.php HTTP/1.1" 302 566 "-" "Mozilla/5.0 (compatible; MJ12bot/v1.4.8; http://mj12bot.com/)"
95.216.19.117 - - [01/Feb/2019:11:26:37 -0500] "GET /uk/forum/4-Tariscope-Enterprise--Provider/202-%D0%92%D0%BD%D0%B5%D1%81%D0%B5%D0%BD%D0%B8%D0%B5-%D0%B8%D0%B7%D0%BC%D0%B5%D0%BD%D0%B5%D0%BD%D0%B8%D0%B9-%D0%B2-%D0%BF%D0%B0%D1%80%D1%81%D0%B8%D0%BD%D0%B3/index.php?option=com_content&view=article&id=165&catid=55&lang=en&Itemid=230 HTTP/1.1" 200 5553 "-" "Mozilla/5.0 (compatible; MJ12bot/v1.4.8; http://mj12bot.com/)"
95.216.19.117 - - [01/Feb/2019:11:27:02 -0500] "GET /uk/forum/4-Tariscope-Enterprise--Provider/203-Re-%D0%92%D0%BD%D0%B5%D1%81%D0%B5%D0%BD%D0%B8%D0%B5-%D0%B8%D0%B7%D0%BC%D0%B5%D0%BD%D0%B5%D0%BD%D0%B8%D0%B9-%D0%B2-%D0%BF%D0%B0%D1%80%D1%81%D0%B8%D0%BD%D0%B3/index.php HTTP/1.1" 302 566 "-" "Mozilla/5.0 (compatible; MJ12bot/v1.4.8; http://mj12bot.com/)"
95.216.19.117 - - [01/Feb/2019:11:27:09 -0500] "GET /uk/forum/4-Tariscope-Enterprise--Provider/203-Re-%D0%92%D0%BD%D0%B5%D1%81%D0%B5%D0%BD%D0%B8%D0%B5-%D0%B8%D0%B7%D0%BC%D0%B5%D0%BD%D0%B5%D0%BD%D0%B8%D0%B9-%D0%B2-%D0%BF%D0%B0%D1%80%D1%81%D0%B8%D0%BD%D0%B3/index.php?option=com_content&view=article&id=165&catid=55&lang=en&Itemid=230 HTTP/1.1" 200 5555 "-" "Mozilla/5.0 (compatible; MJ12bot/v1.4.8; http://mj12bot.com/)"
40.77.167.161 - - [01/Feb/2019:11:29:33 -0500] "GET /uk/news.html HTTP/1.1" 200 9467 "-" "Mozilla/5.0 (compatible; bingbot/2.0; +http://www.bing.com/bingbot.htm)"
207.46.13.116 - - [01/Feb/2019:11:29:40 -0500] "GET /robots.txt HTTP/1.1" 200 545 "-" "Mozilla/5.0 (compatible; bingbot/2.0; +http://www.bing.com/bingbot.htm)"
207.46.13.116 - - [01/Feb/2019:11:32:26 -0500] "GET /ru/61-support_ru/tariscope-pbxs/338-call-termination-cause-codes.html HTTP/1.1" 200 13610 "-" "Mozilla/5.0 (compatible; bingbot/2.0; +http://www.bing.com/bingbot.htm)"
109.87.108.165 - - [01/Feb/2019:11:32:57 -0500] "GET /uk/company/contacts.html HTTP/1.1" 200 7853 "http://tariscope.com/ru/company/contacts.html" "Mozilla/5.0 (Windows NT 10.0; Win64; x64) AppleWebKit/537.36 (KHTML, like Gecko) Chrome/70.0.3538.102 Safari/537.36 OPR/57.0.3098.116"
109.87.108.165 - - [01/Feb/2019:11:32:58 -0500] "GET /templates/it_zen/favicon.ico HTTP/1.1" 200 3938 "http://tariscope.com/uk/company/contacts.html" "Mozilla/5.0 (Windows NT 10.0; Win64; x64) AppleWebKit/537.36 (KHTML, like Gecko) Chrome/70.0.3538.102 Safari/537.36 OPR/57.0.3098.116"
109.87.108.165 - - [01/Feb/2019:11:33:03 -0500] "GET /en/company/contacts.html HTTP/1.1" 200 7373 "http://tariscope.com/uk/company/contacts.html" "Mozilla/5.0 (Windows NT 10.0; Win64; x64) AppleWebKit/537.36 (KHTML, like Gecko) Chrome/70.0.3538.102 Safari/537.36 OPR/57.0.3098.116"
109.87.108.165 - - [01/Feb/2019:11:33:07 -0500] "GET /uk/company/contacts.html HTTP/1.1" 200 7782 "http://tariscope.com/en/company/contacts.html" "Mozilla/5.0 (Windows NT 10.0; Win64; x64) AppleWebKit/537.36 (KHTML, like Gecko) Chrome/70.0.3538.102 Safari/537.36 OPR/57.0.3098.116"
109.87.108.165 - - [01/Feb/2019:11:33:10 -0500] "GET /de/unternehmen/ko.html HTTP/1.1" 200 5310 "http://tariscope.com/uk/company/contacts.html" "Mozilla/5.0 (Windows NT 10.0; Win64; x64) AppleWebKit/537.36 (KHTML, like Gecko) Chrome/70.0.3538.102 Safari/537.36 OPR/57.0.3098.116"
109.87.108.165 - - [01/Feb/2019:11:33:13 -0500] "GET /ru/company/contacts.html HTTP/1.1" 200 7798 "http://tariscope.com/de/unternehmen/ko.html" "Mozilla/5.0 (Windows NT 10.0; Win64; x64) AppleWebKit/537.36 (KHTML, like Gecko) Chrome/70.0.3538.102 Safari/537.36 OPR/57.0.3098.116"
54.36.149.103 - - [01/Feb/2019:11:33:45 -0500] "GET /ru/support/kb/64-support_ru/administrator-s-guide/447-rus-tex-agat-ux.html HTTP/1.1" 200 7283 "-" "Mozilla/5.0 (compatible; AhrefsBot/6.1; +http://ahrefs.com/robot/)"
46.229.168.147 - - [01/Feb/2019:11:34:22 -0500] "GET /uk/75-support_uk/user-s-guide/739-tariscope-interface-2.html HTTP/1.1" 200 17829 "-" "Mozilla/5.0 (compatible; SemrushBot/3~bl; +http://www.semrush.com/bot.html)"
176.9.140.208 - - [01/Feb/2019:11:36:08 -0500] "GET /robots.txt HTTP/1.1" 200 757 "-" "Mozilla/5.0 (compatible; MJ12bot/v1.4.8; http://mj12bot.com/)"
176.9.140.208 - - [01/Feb/2019:11:36:11 -0500] "GET /ru/component/content/article/53-products_ru/features_ru/127-%D1%81%D1%82%D1%80%D1%83%D0%BA%D1%82%D1%83%D1%80%D0%B0-tariscope.html?Itemid=107 HTTP/1.1" 200 32110 "-" "Mozilla/5.0 (compatible; MJ12bot/v1.4.8; http://mj12bot.com/)"
176.9.140.208 - - [01/Feb/2019:11:36:15 -0500] "GET /ru/download/download-documentation/category/7-doc_for_ts_4_x_ru.html?download=22:tariscope-4-x-%D1%80%D1%83%D0%BA%D0%BE%D0%B2%D0%BE%D0%B4%D1%81%D1%82%D0%B2%D0%BE-%D0%B0%D0%B4%D0%BC%D0%B8%D0%BD%D0%B8%D1%81%D1%82%D1%80%D0%B0%D1%82%D0%BE%D1%80%D0%B0 HTTP/1.1" 303 499 "-" "Mozilla/5.0 (compatible; MJ12bot/v1.4.8; http://mj12bot.com/)"
176.9.140.208 - - [01/Feb/2019:11:36:25 -0500] "GET /ru/download/download-documentation/file/22-tariscope-4-x-%D1%80%D1%83%D0%BA%D0%BE%D0%B2%D0%BE%D0%B4%D1%81%D1%82%D0%B2%D0%BE-%D0%B0%D0%B4%D0%BC%D0%B8%D0%BD%D0%B8%D1%81%D1%82%D1%80%D0%B0%D1%82%D0%BE%D1%80%D0%B0.html?tmpl=component HTTP/1.1" 200 2514 "-" "Mozilla/5.0 (compatible; MJ12bot/v1.4.8; http://mj12bot.com/)"
176.9.140.208 - - [01/Feb/2019:11:36:27 -0500] "GET /robots.txt HTTP/1.1" 200 757 "-" "Mozilla/5.0 (compatible; MJ12bot/v1.4.8; http://mj12bot.com/)"
176.9.140.208 - - [01/Feb/2019:11:36:30 -0500] "GET /en/component/search/?searchword=%D0%BC%D0%B0%D1%80%D1%88%D1%80%D1%83%D1%82%D1%8B%20%D0%B8%20%D1%88%D0%BB%D1%8E%D0%B7%D1%8B&submit=Search&searchphrase=any&ordering=newest HTTP/1.1" 200 19065 "-" "Mozilla/5.0 (compatible; MJ12bot/v1.4.8; http://mj12bot.com/)"
176.9.140.208 - - [01/Feb/2019:11:36:34 -0500] "GET /en/component/search/?searchword=%D0%BC%D0%B5%D0%B6%D0%B4%D1%83%D0%B3%D0%BE%D1%80%D0%BE%D0%B4%D0%BD%D1%8F%D1%8F%20%D1%81%D0%B2%D1%8F%D0%B7%D1%8C&submit=Search&searchphrase=any&ordering=newest HTTP/1.1" 200 5428 "-" "Mozilla/5.0 (compatible; MJ12bot/v1.4.8; http://mj12bot.com/)"
176.9.140.208 - - [01/Feb/2019:11:36:45 -0500] "GET /en/component/search/?searchword=%D0%BC%D0%B5%D0%B6%D0%B4%D1%83%D0%BD%D0%B0%D1%80%D0%BE%D0%B4%D0%BD%D0%B0%D1%8F%20%D1%81%D0%B2%D1%8F%D0%B7%D1%8C&submit=Search&searchphrase=any&ordering=newest HTTP/1.1" 200 5424 "-" "Mozilla/5.0 (compatible; MJ12bot/v1.4.8; http://mj12bot.com/)"
176.9.140.208 - - [01/Feb/2019:11:36:48 -0500] "GET /en/component/search/?searchword=%D0%BC%D0%B5%D1%81%D1%82%D0%BE%20%D0%BD%D0%B0%D0%B7%D0%BD%D0%B0%D1%87%D0%B5%D0%BD%D0%B8%D1%8F&submit=Search&searchphrase=any&ordering=newest HTTP/1.1" 200 5409 "-" "Mozilla/5.0 (compatible; MJ12bot/v1.4.8; http://mj12bot.com/)"
176.9.140.208 - - [01/Feb/2019:11:36:56 -0500] "GET /en/component/search/?searchword=%D0%BC%D0%BE%D0%B1%D0%B8%D0%BB%D1%8C%D0%BD%D0%B0%D1%8F%20%D1%81%D0%B2%D1%8F%D0%B7%D1%8C&submit=Search&searchphrase=any&ordering=newest HTTP/1.1" 200 5397 "-" "Mozilla/5.0 (compatible; MJ12bot/v1.4.8; http://mj12bot.com/)"
176.9.140.208 - - [01/Feb/2019:11:37:00 -0500] "GET /en/component/search/?searchword=%D0%BC%D0%BE%D0%BD%D0%B8%D1%82%D0%BE%D1%80%D0%B8%D0%BD%D0%B3%20%D0%B1%D0%B8%D0%BB%D0%BB%D0%B8%D0%BD%D0%B3%D0%B0&submit=Search&searchphrase=any&ordering=newest HTTP/1.1" 200 5406 "-" "Mozilla/5.0 (compatible; MJ12bot/v1.4.8; http://mj12bot.com/)"
54.36.148.98 - - [01/Feb/2019:11:37:04 -0500] "GET /uk/75-support_uk/user-s-guide/773-cdr-files-processing-2.html HTTP/1.1" 200 9808 "-" "Mozilla/5.0 (compatible; AhrefsBot/6.1; +http://ahrefs.com/robot/)"
176.9.140.208 - - [01/Feb/2019:11:37:05 -0500] "GET /en/component/search/?searchword=%D0%BD%D0%B0%D0%B1%D0%B0%D1%80%D0%BD%D0%BD%D1%8B%D0%B9%20%D0%BD%D0%BE%D0%BC%D0%B5%D1%80&submit=Search&searchphrase=any&ordering=newest HTTP/1.1" 200 5760 "-" "Mozilla/5.0 (compatible; MJ12bot/v1.4.8; http://mj12bot.com/)"
176.9.140.208 - - [01/Feb/2019:11:37:11 -0500] "GET /en/component/search/?searchword=%D0%BD%D0%B0%D0%B1%D1%80%D0%B0%D0%BD%D0%BD%D1%8B%D0%B9%20%D0%BD%D0%BE%D0%BC%D0%B5%D1%80&submit=Search&searchphrase=any&ordering=newest HTTP/1.1" 200 5763 "-" "Mozilla/5.0 (compatible; MJ12bot/v1.4.8; http://mj12bot.com/)"
176.9.140.208 - - [01/Feb/2019:11:37:14 -0500] "GET /en/component/search/?searchword=%D0%BD%D0%B0%D0%B8%D0%B1%D0%BE%D0%BB%D0%B5%D0%B5%20%D0%B4%D0%BE%D1%80%D0%BE%D0%B3%D0%BE%D0%B9%20%D0%B2%D1%8B%D0%B7%D0%BE%D0%B2&submit=Search&searchphrase=any&ordering=newest HTTP/1.1" 200 5810 "-" "Mozilla/5.0 (compatible; MJ12bot/v1.4.8; http://mj12bot.com/)"
176.9.140.208 - - [01/Feb/2019:11:37:19 -0500] "GET /en/component/search/?searchword=%D0%BD%D0%B0%D0%BB%D0%BE%D0%B3%D0%BE%D0%B2%D0%B0%D1%8F%20%D0%BD%D0%B0%D0%BA%D0%BB%D0%B0%D0%B4%D0%BD%D0%B0%D1%8F&submit=Search&searchphrase=any&ordering=newest HTTP/1.1" 200 5410 "-" "Mozilla/5.0 (compatible; MJ12bot/v1.4.8; http://mj12bot.com/)"
176.9.140.208 - - [01/Feb/2019:11:37:22 -0500] "GET /en/component/search/?searchword=%D0%BD%D0%B0%D0%BF%D1%80%D0%B0%D0%B2%D0%BB%D0%B5%D0%BD%D0%B8%D1%8F%20%D0%B2%D1%8B%D0%B7%D0%BE%D0%B2%D0%BE%D0%B2&submit=Search&searchphrase=any&ordering=newest HTTP/1.1" 200 5800 "-" "Mozilla/5.0 (compatible; MJ12bot/v1.4.8; http://mj12bot.com/)"
176.9.140.208 - - [01/Feb/2019:11:37:28 -0500] "GET /en/component/search/?searchword=%D0%BD%D0%B0%D1%81%D0%B5%D0%BB%D0%B5%D0%BD%D0%BD%D1%8B%D0%B9%20%D0%BF%D1%83%D0%BD%D0%BA%D1%82&submit=Search&searchphrase=any&ordering=newest HTTP/1.1" 200 5411 "-" "Mozilla/5.0 (compatible; MJ12bot/v1.4.8; http://mj12bot.com/)"
176.9.140.208 - - [01/Feb/2019:11:37:31 -0500] "GET /en/component/search/?searchword=%D0%BD%D0%B0%D1%87%D0%B8%D1%81%D0%BB%D0%B5%D0%BD%D0%B8%D0%B5%20%D1%83%D1%81%D0%BB%D1%83%D0%B3&submit=Search&searchphrase=any&ordering=newest HTTP/1.1" 200 5410 "-" "Mozilla/5.0 (compatible; MJ12bot/v1.4.8; http://mj12bot.com/)"
176.9.140.208 - - [01/Feb/2019:11:37:37 -0500] "GET /en/component/search/?searchword=%D0%BD%D0%B5%D0%B0%D0%B2%D1%82%D0%BE%D1%80%D0%B8%D0%B7%D0%B8%D1%80%D0%BE%D0%B2%D0%B0%D0%BD%D0%BD%D1%8B%D0%B9%20%D0%B4%D0%BE%D1%81%D1%82%D1%83%D0%BF&submit=Search&searchphrase=any&ordering=newest HTTP/1.1" 200 5447 "-" "Mozilla/5.0 (compatible; MJ12bot/v1.4.8; http://mj12bot.com/)"
176.9.140.208 - - [01/Feb/2019:11:37:40 -0500] "GET /en/component/search/?searchword=%D0%BD%D0%BE%D0%B2%D1%8B%D0%B9%20%D1%84%D0%BE%D1%80%D0%BC%D0%B0%D1%82&submit=Search&searchphrase=any&ordering=newest HTTP/1.1" 200 5397 "-" "Mozilla/5.0 (compatible; MJ12bot/v1.4.8; http://mj12bot.com/)"
176.9.140.208 - - [01/Feb/2019:11:37:51 -0500] "GET /en/component/search/?searchword=%D0%BD%D0%BE%D0%BC%D0%B5%D1%80%D0%BD%D0%BE%D0%B9%20%D0%BF%D0%BB%D0%B0%D0%BD&submit=Search&searchphrase=any&ordering=newest HTTP/1.1" 200 5398 "-" "Mozilla/5.0 (compatible; MJ12bot/v1.4.8; http://mj12bot.com/)"
176.9.140.208 - - [01/Feb/2019:11:37:59 -0500] "GET /en/component/search/?searchword=%D0%BD%D0%BE%D0%BC%D0%B5%D1%80%D0%BE%D0%B9%20%D0%BF%D0%BB%D0%B0%D0%BD&submit=Search&searchphrase=any&ordering=newest HTTP/1.1" 200 5399 "-" "Mozilla/5.0 (compatible; MJ12bot/v1.4.8; http://mj12bot.com/)"
176.9.140.208 - - [01/Feb/2019:11:38:03 -0500] "GET /en/component/search/?searchword=%D0%BD%D0%BE%D0%BC%D0%B5%D1%80%20%D0%BF%D0%BE%D1%80%D1%82%D0%B0&submit=Search&searchphrase=any&ordering=newest HTTP/1.1" 200 5863 "-" "Mozilla/5.0 (compatible; MJ12bot/v1.4.8; http://mj12bot.com/)"
176.9.140.208 - - [01/Feb/2019:11:38:09 -0500] "GET /en/component/search/?searchword=%D0%BE%D0%B1%D1%89%D0%B8%D0%B5%20%D0%BF%D0%B0%D1%80%D0%B0%D0%BC%D0%B5%D1%82%D1%80%D1%8B&submit=Search&searchphrase=any&ordering=newest HTTP/1.1" 200 5770 "-" "Mozilla/5.0 (compatible; MJ12bot/v1.4.8; http://mj12bot.com/)"
176.9.140.208 - - [01/Feb/2019:11:38:14 -0500] "GET /en/component/search/?searchword=%D0%BE%D0%BA%D1%80%D1%83%D0%B3%D0%BB%D0%B5%D0%BD%D0%B8%D0%B5%20%D0%B4%D0%BB%D0%B8%D1%82%D0%B5%D0%BB%D1%8C%D0%BD%D0%BE%D1%81%D1%82%D0%B8&submit=Search&searchphrase=any&ordering=newest HTTP/1.1" 200 5438 "-" "Mozilla/5.0 (compatible; MJ12bot/v1.4.8; http://mj12bot.com/)"
176.9.140.208 - - [01/Feb/2019:11:38:27 -0500] "GET /en/component/search/?searchword=%D0%BE%D0%BA%D1%80%D1%83%D0%B3%D0%BB%D0%B5%D0%BD%D0%B8%D0%B5%20%D1%81%D1%82%D0%BE%D0%B8%D0%BC%D0%BE%D1%81%D1%82%D0%B8&submit=Search&searchphrase=any&ordering=newest HTTP/1.1" 200 5424 "-" "Mozilla/5.0 (compatible; MJ12bot/v1.4.8; http://mj12bot.com/)"
176.9.140.208 - - [01/Feb/2019:11:38:33 -0500] "GET /en/component/search/?searchword=%D0%BE%D0%BF%D0%B5%D1%80%D0%B0%D1%82%D0%BE%D1%80%D1%8B%20%D1%81%D0%B2%D1%8F%D0%B7%D0%B8&submit=Search&searchphrase=any&ordering=newest HTTP/1.1" 200 5390 "-" "Mozilla/5.0 (compatible; MJ12bot/v1.4.8; http://mj12bot.com/)"
176.9.140.208 - - [01/Feb/2019:11:38:37 -0500] "GET /en/component/search/?searchword=%D0%BE%D0%BF%D0%B5%D1%80%D0%B0%D1%82%D0%BE%D1%80%20%D0%BC%D0%BE%D0%B1%D0%B8%D0%BB%D1%8C%D0%BD%D0%BE%D0%B9%20%D1%81%D0%B2%D1%8F%D0%B7%D0%B8&submit=Search&searchphrase=any&ordering=newest HTTP/1.1" 200 5424 "-" "Mozilla/5.0 (compatible; MJ12bot/v1.4.8; http://mj12bot.com/)"
176.9.140.208 - - [01/Feb/2019:11:38:40 -0500] "GET /en/component/search/?searchword=%D0%BF%D0%BB%D0%B0%D1%82%D0%B5%D0%B6%D0%BD%D1%8B%D0%B5%20%D1%81%D0%B8%D1%81%D1%82%D0%B5%D0%BC%D1%8B&submit=Search&searchphrase=any&ordering=newest HTTP/1.1" 200 5775 "-" "Mozilla/5.0 (compatible; MJ12bot/v1.4.8; http://mj12bot.com/)"
176.9.140.208 - - [01/Feb/2019:11:38:50 -0500] "GET /en/component/search/?searchword=%D0%BF%D0%BE%D0%B4%D1%80%D0%BE%D0%B1%D0%BD%D1%8B%D0%B5%20%D0%BE%D1%82%D1%87%D0%B5%D1%82%D1%8B&submit=Search&searchphrase=any&ordering=newest HTTP/1.1" 200 5409 "-" "Mozilla/5.0 (compatible; MJ12bot/v1.4.8; http://mj12bot.com/)"
